[0.185s] DEBUG:colcon:Command line arguments: ['/home/metinsariaslan/.espressif/python_env/idf5.2_py3.12_env/bin/colcon', 'build']
[0.185s] DEBUG:colcon:Parsed command line arguments: Namespace(log_base=None, log_level=None, verb_name='build', build_base='build', install_base='install', merge_install=False, symlink_install=False, test_result_base=None, continue_on_error=False, executor='parallel', parallel_workers=8, event_handlers=None, ignore_user_meta=False, metas=['./colcon.meta'], base_paths=['.'], packages_ignore=None, packages_ignore_regex=None, paths=None, packages_up_to=None, packages_up_to_regex=None, packages_above=None, packages_above_and_dependencies=None, packages_above_depth=None, packages_select_by_dep=None, packages_skip_by_dep=None, packages_skip_up_to=None, packages_select_build_failed=False, packages_skip_build_finished=False, packages_select_test_failures=False, packages_skip_test_passed=False, packages_select=None, packages_skip=None, packages_select_regex=None, packages_skip_regex=None, packages_start=None, packages_end=None, cmake_args=None, cmake_target=None, cmake_target_skip_unavailable=False, cmake_clean_cache=False, cmake_clean_first=False, cmake_force_configure=False, ament_cmake_args=None, catkin_cmake_args=None, catkin_skip_building_tests=False, verb_parser=<colcon_defaults.argument_parser.defaults.DefaultArgumentsDecorator object at 0x70c5bc25f6e0>, verb_extension=<colcon_core.verb.build.BuildVerb object at 0x70c5bc25f560>, main=<bound method BuildVerb.main of <colcon_core.verb.build.BuildVerb object at 0x70c5bc25f560>>)
[0.301s] Level 1:colcon.colcon_core.package_discovery:discover_packages(colcon_meta) check parameters
[0.301s] Level 1:colcon.colcon_core.package_discovery:discover_packages(recursive) check parameters
[0.301s] Level 1:colcon.colcon_core.package_discovery:discover_packages(ignore) check parameters
[0.301s] Level 1:colcon.colcon_core.package_discovery:discover_packages(path) check parameters
[0.301s] Level 1:colcon.colcon_core.package_discovery:discover_packages(colcon_meta) discover
[0.301s] Level 1:colcon.colcon_core.package_discovery:discover_packages(recursive) discover
[0.301s] INFO:colcon.colcon_core.package_discovery:Crawling recursively for packages in '/home/metinsariaslan/Smart_Trafic_Repo'
[0.301s] Level 1:colcon.colcon_core.package_identification:_identify(.) by extensions ['ignore', 'ignore_ament_install']
[0.302s] Level 1:colcon.colcon_core.package_identification:_identify(.) by extension 'ignore'
[0.302s] Level 1:colcon.colcon_core.package_identification:_identify(.) by extension 'ignore_ament_install'
[0.302s] Level 1:colcon.colcon_core.package_identification:_identify(.) by extensions ['colcon_pkg']
[0.302s] Level 1:colcon.colcon_core.package_identification:_identify(.) by extension 'colcon_pkg'
[0.302s] Level 1:colcon.colcon_core.package_identification:_identify(.) by extensions ['colcon_meta']
[0.302s] Level 1:colcon.colcon_core.package_identification:_identify(.) by extension 'colcon_meta'
[0.302s] Level 1:colcon.colcon_core.package_identification:_identify(.) by extensions ['ros']
[0.302s] Level 1:colcon.colcon_core.package_identification:_identify(.) by extension 'ros'
[0.355s] Level 1:colcon.colcon_core.package_identification:_identify(.) by extensions ['cmake', 'python']
[0.355s] Level 1:colcon.colcon_core.package_identification:_identify(.) by extension 'cmake'
[0.355s] Level 1:colcon.colcon_core.package_identification:_identify(.) by extension 'python'
[0.355s] Level 1:colcon.colcon_core.package_identification:_identify(.) by extensions ['python_setup_py']
[0.355s] Level 1:colcon.colcon_core.package_identification:_identify(.) by extension 'python_setup_py'
[0.355s] Level 1:colcon.colcon_core.package_identification:_identify(build) by extensions ['ignore', 'ignore_ament_install']
[0.355s] Level 1:colcon.colcon_core.package_identification:_identify(build) by extension 'ignore'
[0.355s] Level 1:colcon.colcon_core.package_identification:_identify(build) ignored
[0.355s] Level 1:colcon.colcon_core.package_identification:_identify(install) by extensions ['ignore', 'ignore_ament_install']
[0.356s] Level 1:colcon.colcon_core.package_identification:_identify(install) by extension 'ignore'
[0.356s] Level 1:colcon.colcon_core.package_identification:_identify(install) ignored
[0.356s] Level 1:colcon.colcon_core.package_identification:_identify(log) by extensions ['ignore', 'ignore_ament_install']
[0.356s] Level 1:colcon.colcon_core.package_identification:_identify(log) by extension 'ignore'
[0.356s] Level 1:colcon.colcon_core.package_identification:_identify(log) ignored
[0.356s] Level 1:colcon.colcon_core.package_identification:_identify(src) by extensions ['ignore', 'ignore_ament_install']
[0.356s] Level 1:colcon.colcon_core.package_identification:_identify(src) by extension 'ignore'
[0.356s] Level 1:colcon.colcon_core.package_identification:_identify(src) by extension 'ignore_ament_install'
[0.356s] Level 1:colcon.colcon_core.package_identification:_identify(src) by extensions ['colcon_pkg']
[0.357s] Level 1:colcon.colcon_core.package_identification:_identify(src) by extension 'colcon_pkg'
[0.357s] Level 1:colcon.colcon_core.package_identification:_identify(src) by extensions ['colcon_meta']
[0.357s] Level 1:colcon.colcon_core.package_identification:_identify(src) by extension 'colcon_meta'
[0.357s] Level 1:colcon.colcon_core.package_identification:_identify(src) by extensions ['ros']
[0.357s] Level 1:colcon.colcon_core.package_identification:_identify(src) by extension 'ros'
[0.357s] Level 1:colcon.colcon_core.package_identification:_identify(src) by extensions ['cmake', 'python']
[0.357s] Level 1:colcon.colcon_core.package_identification:_identify(src) by extension 'cmake'
[0.357s] Level 1:colcon.colcon_core.package_identification:_identify(src) by extension 'python'
[0.357s] Level 1:colcon.colcon_core.package_identification:_identify(src) by extensions ['python_setup_py']
[0.357s] Level 1:colcon.colcon_core.package_identification:_identify(src) by extension 'python_setup_py'
[0.357s] Level 1:colcon.colcon_core.package_identification:_identify(src/emergency_vehicle_node) by extensions ['ignore', 'ignore_ament_install']
[0.357s] Level 1:colcon.colcon_core.package_identification:_identify(src/emergency_vehicle_node) by extension 'ignore'
[0.358s] Level 1:colcon.colcon_core.package_identification:_identify(src/emergency_vehicle_node) by extension 'ignore_ament_install'
[0.358s] Level 1:colcon.colcon_core.package_identification:_identify(src/emergency_vehicle_node) by extensions ['colcon_pkg']
[0.358s] Level 1:colcon.colcon_core.package_identification:_identify(src/emergency_vehicle_node) by extension 'colcon_pkg'
[0.358s] Level 1:colcon.colcon_core.package_identification:_identify(src/emergency_vehicle_node) by extensions ['colcon_meta']
[0.358s] Level 1:colcon.colcon_core.package_identification:_identify(src/emergency_vehicle_node) by extension 'colcon_meta'
[0.358s] Level 1:colcon.colcon_core.package_identification:_identify(src/emergency_vehicle_node) by extensions ['ros']
[0.358s] Level 1:colcon.colcon_core.package_identification:_identify(src/emergency_vehicle_node) by extension 'ros'
[0.361s] DEBUG:colcon.colcon_core.package_identification:Package 'src/emergency_vehicle_node' with type 'ros.ament_python' and name 'emergency_vehicle_node'
[0.361s] Level 1:colcon.colcon_core.package_identification:_identify(src/pedestrian_node) by extensions ['ignore', 'ignore_ament_install']
[0.361s] Level 1:colcon.colcon_core.package_identification:_identify(src/pedestrian_node) by extension 'ignore'
[0.361s] Level 1:colcon.colcon_core.package_identification:_identify(src/pedestrian_node) by extension 'ignore_ament_install'
[0.362s] Level 1:colcon.colcon_core.package_identification:_identify(src/pedestrian_node) by extensions ['colcon_pkg']
[0.362s] Level 1:colcon.colcon_core.package_identification:_identify(src/pedestrian_node) by extension 'colcon_pkg'
[0.362s] Level 1:colcon.colcon_core.package_identification:_identify(src/pedestrian_node) by extensions ['colcon_meta']
[0.362s] Level 1:colcon.colcon_core.package_identification:_identify(src/pedestrian_node) by extension 'colcon_meta'
[0.362s] Level 1:colcon.colcon_core.package_identification:_identify(src/pedestrian_node) by extensions ['ros']
[0.362s] Level 1:colcon.colcon_core.package_identification:_identify(src/pedestrian_node) by extension 'ros'
[0.363s] DEBUG:colcon.colcon_core.package_identification:Package 'src/pedestrian_node' with type 'ros.ament_python' and name 'pedestrian_node'
[0.363s] Level 1:colcon.colcon_core.package_identification:_identify(src/traffic_common_data) by extensions ['ignore', 'ignore_ament_install']
[0.363s] Level 1:colcon.colcon_core.package_identification:_identify(src/traffic_common_data) by extension 'ignore'
[0.363s] Level 1:colcon.colcon_core.package_identification:_identify(src/traffic_common_data) by extension 'ignore_ament_install'
[0.363s] Level 1:colcon.colcon_core.package_identification:_identify(src/traffic_common_data) by extensions ['colcon_pkg']
[0.363s] Level 1:colcon.colcon_core.package_identification:_identify(src/traffic_common_data) by extension 'colcon_pkg'
[0.363s] Level 1:colcon.colcon_core.package_identification:_identify(src/traffic_common_data) by extensions ['colcon_meta']
[0.363s] Level 1:colcon.colcon_core.package_identification:_identify(src/traffic_common_data) by extension 'colcon_meta'
[0.363s] Level 1:colcon.colcon_core.package_identification:_identify(src/traffic_common_data) by extensions ['ros']
[0.363s] Level 1:colcon.colcon_core.package_identification:_identify(src/traffic_common_data) by extension 'ros'
[0.364s] DEBUG:colcon.colcon_core.package_identification:Package 'src/traffic_common_data' with type 'ros.ament_python' and name 'traffic_common_data'
[0.364s] Level 1:colcon.colcon_core.package_identification:_identify(src/traffic_controller) by extensions ['ignore', 'ignore_ament_install']
[0.364s] Level 1:colcon.colcon_core.package_identification:_identify(src/traffic_controller) by extension 'ignore'
[0.364s] Level 1:colcon.colcon_core.package_identification:_identify(src/traffic_controller) by extension 'ignore_ament_install'
[0.364s] Level 1:colcon.colcon_core.package_identification:_identify(src/traffic_controller) by extensions ['colcon_pkg']
[0.365s] Level 1:colcon.colcon_core.package_identification:_identify(src/traffic_controller) by extension 'colcon_pkg'
[0.365s] Level 1:colcon.colcon_core.package_identification:_identify(src/traffic_controller) by extensions ['colcon_meta']
[0.365s] Level 1:colcon.colcon_core.package_identification:_identify(src/traffic_controller) by extension 'colcon_meta'
[0.365s] Level 1:colcon.colcon_core.package_identification:_identify(src/traffic_controller) by extensions ['ros']
[0.365s] Level 1:colcon.colcon_core.package_identification:_identify(src/traffic_controller) by extension 'ros'
[0.365s] DEBUG:colcon.colcon_core.package_identification:Package 'src/traffic_controller' with type 'ros.ament_python' and name 'traffic_controller'
[0.366s] Level 1:colcon.colcon_core.package_identification:_identify(src/vehicle_node) by extensions ['ignore', 'ignore_ament_install']
[0.366s] Level 1:colcon.colcon_core.package_identification:_identify(src/vehicle_node) by extension 'ignore'
[0.366s] Level 1:colcon.colcon_core.package_identification:_identify(src/vehicle_node) by extension 'ignore_ament_install'
[0.366s] Level 1:colcon.colcon_core.package_identification:_identify(src/vehicle_node) by extensions ['colcon_pkg']
[0.366s] Level 1:colcon.colcon_core.package_identification:_identify(src/vehicle_node) by extension 'colcon_pkg'
[0.366s] Level 1:colcon.colcon_core.package_identification:_identify(src/vehicle_node) by extensions ['colcon_meta']
[0.366s] Level 1:colcon.colcon_core.package_identification:_identify(src/vehicle_node) by extension 'colcon_meta'
[0.366s] Level 1:colcon.colcon_core.package_identification:_identify(src/vehicle_node) by extensions ['ros']
[0.366s] Level 1:colcon.colcon_core.package_identification:_identify(src/vehicle_node) by extension 'ros'
[0.367s] DEBUG:colcon.colcon_core.package_identification:Package 'src/vehicle_node' with type 'ros.ament_python' and name 'vehicle_node'
[0.367s] Level 1:colcon.colcon_core.package_discovery:discover_packages(recursive) using defaults
[0.367s] Level 1:colcon.colcon_core.package_discovery:discover_packages(ignore) discover
[0.367s] Level 1:colcon.colcon_core.package_discovery:discover_packages(ignore) using defaults
[0.368s] Level 1:colcon.colcon_core.package_discovery:discover_packages(path) discover
[0.368s] Level 1:colcon.colcon_core.package_discovery:discover_packages(path) using defaults
[0.395s] Level 5:colcon.colcon_core.verb:set package 'emergency_vehicle_node' build argument 'cmake_args' from command line to 'None'
[0.395s] Level 5:colcon.colcon_core.verb:set package 'emergency_vehicle_node' build argument 'cmake_target' from command line to 'None'
[0.395s] Level 5:colcon.colcon_core.verb:set package 'emergency_vehicle_node' build argument 'cmake_target_skip_unavailable' from command line to 'False'
[0.395s] Level 5:colcon.colcon_core.verb:set package 'emergency_vehicle_node' build argument 'cmake_clean_cache' from command line to 'False'
[0.395s] Level 5:colcon.colcon_core.verb:set package 'emergency_vehicle_node' build argument 'cmake_clean_first' from command line to 'False'
[0.395s] Level 5:colcon.colcon_core.verb:set package 'emergency_vehicle_node' build argument 'cmake_force_configure' from command line to 'False'
[0.395s] Level 5:colcon.colcon_core.verb:set package 'emergency_vehicle_node' build argument 'ament_cmake_args' from command line to 'None'
[0.395s] Level 5:colcon.colcon_core.verb:set package 'emergency_vehicle_node' build argument 'catkin_cmake_args' from command line to 'None'
[0.395s] Level 5:colcon.colcon_core.verb:set package 'emergency_vehicle_node' build argument 'catkin_skip_building_tests' from command line to 'False'
[0.395s] DEBUG:colcon.colcon_core.verb:Building package 'emergency_vehicle_node' with the following arguments: {'ament_cmake_args': None, 'build_base': '/home/metinsariaslan/Smart_Trafic_Repo/build/emergency_vehicle_node', 'catkin_cmake_args': None, 'catkin_skip_building_tests': False, 'cmake_args': None, 'cmake_clean_cache': False, 'cmake_clean_first': False, 'cmake_force_configure': False, 'cmake_target': None, 'cmake_target_skip_unavailable': False, 'install_base': '/home/metinsariaslan/Smart_Trafic_Repo/install/emergency_vehicle_node', 'merge_install': False, 'path': '/home/metinsariaslan/Smart_Trafic_Repo/src/emergency_vehicle_node', 'symlink_install': False, 'test_result_base': None}
[0.396s] Level 5:colcon.colcon_core.verb:set package 'pedestrian_node' build argument 'cmake_args' from command line to 'None'
[0.396s] Level 5:colcon.colcon_core.verb:set package 'pedestrian_node' build argument 'cmake_target' from command line to 'None'
[0.396s] Level 5:colcon.colcon_core.verb:set package 'pedestrian_node' build argument 'cmake_target_skip_unavailable' from command line to 'False'
[0.396s] Level 5:colcon.colcon_core.verb:set package 'pedestrian_node' build argument 'cmake_clean_cache' from command line to 'False'
[0.396s] Level 5:colcon.colcon_core.verb:set package 'pedestrian_node' build argument 'cmake_clean_first' from command line to 'False'
[0.396s] Level 5:colcon.colcon_core.verb:set package 'pedestrian_node' build argument 'cmake_force_configure' from command line to 'False'
[0.396s] Level 5:colcon.colcon_core.verb:set package 'pedestrian_node' build argument 'ament_cmake_args' from command line to 'None'
[0.396s] Level 5:colcon.colcon_core.verb:set package 'pedestrian_node' build argument 'catkin_cmake_args' from command line to 'None'
[0.396s] Level 5:colcon.colcon_core.verb:set package 'pedestrian_node' build argument 'catkin_skip_building_tests' from command line to 'False'
[0.396s] DEBUG:colcon.colcon_core.verb:Building package 'pedestrian_node' with the following arguments: {'ament_cmake_args': None, 'build_base': '/home/metinsariaslan/Smart_Trafic_Repo/build/pedestrian_node', 'catkin_cmake_args': None, 'catkin_skip_building_tests': False, 'cmake_args': None, 'cmake_clean_cache': False, 'cmake_clean_first': False, 'cmake_force_configure': False, 'cmake_target': None, 'cmake_target_skip_unavailable': False, 'install_base': '/home/metinsariaslan/Smart_Trafic_Repo/install/pedestrian_node', 'merge_install': False, 'path': '/home/metinsariaslan/Smart_Trafic_Repo/src/pedestrian_node', 'symlink_install': False, 'test_result_base': None}
[0.396s] Level 5:colcon.colcon_core.verb:set package 'traffic_common_data' build argument 'cmake_args' from command line to 'None'
[0.396s] Level 5:colcon.colcon_core.verb:set package 'traffic_common_data' build argument 'cmake_target' from command line to 'None'
[0.396s] Level 5:colcon.colcon_core.verb:set package 'traffic_common_data' build argument 'cmake_target_skip_unavailable' from command line to 'False'
[0.396s] Level 5:colcon.colcon_core.verb:set package 'traffic_common_data' build argument 'cmake_clean_cache' from command line to 'False'
[0.396s] Level 5:colcon.colcon_core.verb:set package 'traffic_common_data' build argument 'cmake_clean_first' from command line to 'False'
[0.396s] Level 5:colcon.colcon_core.verb:set package 'traffic_common_data' build argument 'cmake_force_configure' from command line to 'False'
[0.396s] Level 5:colcon.colcon_core.verb:set package 'traffic_common_data' build argument 'ament_cmake_args' from command line to 'None'
[0.397s] Level 5:colcon.colcon_core.verb:set package 'traffic_common_data' build argument 'catkin_cmake_args' from command line to 'None'
[0.397s] Level 5:colcon.colcon_core.verb:set package 'traffic_common_data' build argument 'catkin_skip_building_tests' from command line to 'False'
[0.397s] DEBUG:colcon.colcon_core.verb:Building package 'traffic_common_data' with the following arguments: {'ament_cmake_args': None, 'build_base': '/home/metinsariaslan/Smart_Trafic_Repo/build/traffic_common_data', 'catkin_cmake_args': None, 'catkin_skip_building_tests': False, 'cmake_args': None, 'cmake_clean_cache': False, 'cmake_clean_first': False, 'cmake_force_configure': False, 'cmake_target': None, 'cmake_target_skip_unavailable': False, 'install_base': '/home/metinsariaslan/Smart_Trafic_Repo/install/traffic_common_data', 'merge_install': False, 'path': '/home/metinsariaslan/Smart_Trafic_Repo/src/traffic_common_data', 'symlink_install': False, 'test_result_base': None}
[0.397s] Level 5:colcon.colcon_core.verb:set package 'traffic_controller' build argument 'cmake_args' from command line to 'None'
[0.397s] Level 5:colcon.colcon_core.verb:set package 'traffic_controller' build argument 'cmake_target' from command line to 'None'
[0.397s] Level 5:colcon.colcon_core.verb:set package 'traffic_controller' build argument 'cmake_target_skip_unavailable' from command line to 'False'
[0.397s] Level 5:colcon.colcon_core.verb:set package 'traffic_controller' build argument 'cmake_clean_cache' from command line to 'False'
[0.397s] Level 5:colcon.colcon_core.verb:set package 'traffic_controller' build argument 'cmake_clean_first' from command line to 'False'
[0.397s] Level 5:colcon.colcon_core.verb:set package 'traffic_controller' build argument 'cmake_force_configure' from command line to 'False'
[0.397s] Level 5:colcon.colcon_core.verb:set package 'traffic_controller' build argument 'ament_cmake_args' from command line to 'None'
[0.397s] Level 5:colcon.colcon_core.verb:set package 'traffic_controller' build argument 'catkin_cmake_args' from command line to 'None'
[0.397s] Level 5:colcon.colcon_core.verb:set package 'traffic_controller' build argument 'catkin_skip_building_tests' from command line to 'False'
[0.397s] DEBUG:colcon.colcon_core.verb:Building package 'traffic_controller' with the following arguments: {'ament_cmake_args': None, 'build_base': '/home/metinsariaslan/Smart_Trafic_Repo/build/traffic_controller', 'catkin_cmake_args': None, 'catkin_skip_building_tests': False, 'cmake_args': None, 'cmake_clean_cache': False, 'cmake_clean_first': False, 'cmake_force_configure': False, 'cmake_target': None, 'cmake_target_skip_unavailable': False, 'install_base': '/home/metinsariaslan/Smart_Trafic_Repo/install/traffic_controller', 'merge_install': False, 'path': '/home/metinsariaslan/Smart_Trafic_Repo/src/traffic_controller', 'symlink_install': False, 'test_result_base': None}
[0.397s] Level 5:colcon.colcon_core.verb:set package 'vehicle_node' build argument 'cmake_args' from command line to 'None'
[0.398s] Level 5:colcon.colcon_core.verb:set package 'vehicle_node' build argument 'cmake_target' from command line to 'None'
[0.398s] Level 5:colcon.colcon_core.verb:set package 'vehicle_node' build argument 'cmake_target_skip_unavailable' from command line to 'False'
[0.398s] Level 5:colcon.colcon_core.verb:set package 'vehicle_node' build argument 'cmake_clean_cache' from command line to 'False'
[0.398s] Level 5:colcon.colcon_core.verb:set package 'vehicle_node' build argument 'cmake_clean_first' from command line to 'False'
[0.398s] Level 5:colcon.colcon_core.verb:set package 'vehicle_node' build argument 'cmake_force_configure' from command line to 'False'
[0.398s] Level 5:colcon.colcon_core.verb:set package 'vehicle_node' build argument 'ament_cmake_args' from command line to 'None'
[0.398s] Level 5:colcon.colcon_core.verb:set package 'vehicle_node' build argument 'catkin_cmake_args' from command line to 'None'
[0.398s] Level 5:colcon.colcon_core.verb:set package 'vehicle_node' build argument 'catkin_skip_building_tests' from command line to 'False'
[0.398s] DEBUG:colcon.colcon_core.verb:Building package 'vehicle_node' with the following arguments: {'ament_cmake_args': None, 'build_base': '/home/metinsariaslan/Smart_Trafic_Repo/build/vehicle_node', 'catkin_cmake_args': None, 'catkin_skip_building_tests': False, 'cmake_args': None, 'cmake_clean_cache': False, 'cmake_clean_first': False, 'cmake_force_configure': False, 'cmake_target': None, 'cmake_target_skip_unavailable': False, 'install_base': '/home/metinsariaslan/Smart_Trafic_Repo/install/vehicle_node', 'merge_install': False, 'path': '/home/metinsariaslan/Smart_Trafic_Repo/src/vehicle_node', 'symlink_install': False, 'test_result_base': None}
[0.398s] INFO:colcon.colcon_core.executor:Executing jobs using 'parallel' executor
[0.399s] DEBUG:colcon.colcon_parallel_executor.executor.parallel:run_until_complete
[0.399s] INFO:colcon.colcon_ros.task.ament_python.build:Building ROS package in '/home/metinsariaslan/Smart_Trafic_Repo/src/traffic_common_data' with build type 'ament_python'
[0.400s] Level 1:colcon.colcon_core.shell:create_environment_hook('traffic_common_data', 'ament_prefix_path')
[0.402s] INFO:colcon.colcon_core.plugin_system:Skipping extension 'colcon_core.shell.bat': Not used on non-Windows systems
[0.402s] INFO:colcon.colcon_core.shell:Creating environment hook '/home/metinsariaslan/Smart_Trafic_Repo/install/traffic_common_data/share/traffic_common_data/hook/ament_prefix_path.ps1'
[0.403s] INFO:colcon.colcon_core.shell:Creating environment descriptor '/home/metinsariaslan/Smart_Trafic_Repo/install/traffic_common_data/share/traffic_common_data/hook/ament_prefix_path.dsv'
[0.404s] INFO:colcon.colcon_core.shell:Creating environment hook '/home/metinsariaslan/Smart_Trafic_Repo/install/traffic_common_data/share/traffic_common_data/hook/ament_prefix_path.sh'
[0.405s] INFO:colcon.colcon_core.shell:Skip shell extension 'powershell' for command environment: Not usable outside of PowerShell
[0.405s] DEBUG:colcon.colcon_core.shell:Skip shell extension 'dsv' for command environment
[0.411s] INFO:colcon.colcon_ros.task.ament_python.build:Building ROS package in '/home/metinsariaslan/Smart_Trafic_Repo/src/emergency_vehicle_node' with build type 'ament_python'
[0.411s] Level 1:colcon.colcon_core.shell:create_environment_hook('emergency_vehicle_node', 'ament_prefix_path')
[0.412s] INFO:colcon.colcon_core.shell:Creating environment hook '/home/metinsariaslan/Smart_Trafic_Repo/install/emergency_vehicle_node/share/emergency_vehicle_node/hook/ament_prefix_path.ps1'
[0.413s] INFO:colcon.colcon_core.shell:Creating environment descriptor '/home/metinsariaslan/Smart_Trafic_Repo/install/emergency_vehicle_node/share/emergency_vehicle_node/hook/ament_prefix_path.dsv'
[0.413s] INFO:colcon.colcon_core.shell:Creating environment hook '/home/metinsariaslan/Smart_Trafic_Repo/install/emergency_vehicle_node/share/emergency_vehicle_node/hook/ament_prefix_path.sh'
[0.414s] INFO:colcon.colcon_core.shell:Skip shell extension 'powershell' for command environment: Not usable outside of PowerShell
[0.414s] DEBUG:colcon.colcon_core.shell:Skip shell extension 'dsv' for command environment
[0.419s] INFO:colcon.colcon_ros.task.ament_python.build:Building ROS package in '/home/metinsariaslan/Smart_Trafic_Repo/src/pedestrian_node' with build type 'ament_python'
[0.420s] Level 1:colcon.colcon_core.shell:create_environment_hook('pedestrian_node', 'ament_prefix_path')
[0.420s] INFO:colcon.colcon_core.shell:Creating environment hook '/home/metinsariaslan/Smart_Trafic_Repo/install/pedestrian_node/share/pedestrian_node/hook/ament_prefix_path.ps1'
[0.421s] INFO:colcon.colcon_core.shell:Creating environment descriptor '/home/metinsariaslan/Smart_Trafic_Repo/install/pedestrian_node/share/pedestrian_node/hook/ament_prefix_path.dsv'
[0.422s] INFO:colcon.colcon_core.shell:Creating environment hook '/home/metinsariaslan/Smart_Trafic_Repo/install/pedestrian_node/share/pedestrian_node/hook/ament_prefix_path.sh'
[0.424s] INFO:colcon.colcon_core.shell:Skip shell extension 'powershell' for command environment: Not usable outside of PowerShell
[0.424s] DEBUG:colcon.colcon_core.shell:Skip shell extension 'dsv' for command environment
[0.429s] INFO:colcon.colcon_ros.task.ament_python.build:Building ROS package in '/home/metinsariaslan/Smart_Trafic_Repo/src/traffic_controller' with build type 'ament_python'
[0.429s] Level 1:colcon.colcon_core.shell:create_environment_hook('traffic_controller', 'ament_prefix_path')
[0.429s] INFO:colcon.colcon_core.shell:Creating environment hook '/home/metinsariaslan/Smart_Trafic_Repo/install/traffic_controller/share/traffic_controller/hook/ament_prefix_path.ps1'
[0.431s] INFO:colcon.colcon_core.shell:Creating environment descriptor '/home/metinsariaslan/Smart_Trafic_Repo/install/traffic_controller/share/traffic_controller/hook/ament_prefix_path.dsv'
[0.432s] INFO:colcon.colcon_core.shell:Creating environment hook '/home/metinsariaslan/Smart_Trafic_Repo/install/traffic_controller/share/traffic_controller/hook/ament_prefix_path.sh'
[0.432s] INFO:colcon.colcon_core.shell:Skip shell extension 'powershell' for command environment: Not usable outside of PowerShell
[0.432s] DEBUG:colcon.colcon_core.shell:Skip shell extension 'dsv' for command environment
[0.757s] INFO:colcon.colcon_core.task.python.build:Building Python package in '/home/metinsariaslan/Smart_Trafic_Repo/src/traffic_common_data'
[0.757s] INFO:colcon.colcon_core.shell:Skip shell extension 'powershell' for command environment: Not usable outside of PowerShell
[0.757s] DEBUG:colcon.colcon_core.shell:Skip shell extension 'dsv' for command environment
[1.030s] INFO:colcon.colcon_core.task.python.build:Building Python package in '/home/metinsariaslan/Smart_Trafic_Repo/src/emergency_vehicle_node'
[1.031s] INFO:colcon.colcon_core.shell:Skip shell extension 'powershell' for command environment: Not usable outside of PowerShell
[1.031s] DEBUG:colcon.colcon_core.shell:Skip shell extension 'dsv' for command environment
[1.279s] INFO:colcon.colcon_core.task.python.build:Building Python package in '/home/metinsariaslan/Smart_Trafic_Repo/src/pedestrian_node'
[1.279s] INFO:colcon.colcon_core.shell:Skip shell extension 'powershell' for command environment: Not usable outside of PowerShell
[1.279s] DEBUG:colcon.colcon_core.shell:Skip shell extension 'dsv' for command environment
[1.544s] INFO:colcon.colcon_core.task.python.build:Building Python package in '/home/metinsariaslan/Smart_Trafic_Repo/src/traffic_controller'
[1.545s] INFO:colcon.colcon_core.shell:Skip shell extension 'powershell' for command environment: Not usable outside of PowerShell
[1.545s] DEBUG:colcon.colcon_core.shell:Skip shell extension 'dsv' for command environment
[2.328s] DEBUG:colcon.colcon_core.event_handler.log_command:Invoking command in '/home/metinsariaslan/Smart_Trafic_Repo/src/emergency_vehicle_node': DEBUGINFOD_URLS=https://debuginfod.ubuntu.com PYTHONPATH=/home/metinsariaslan/Smart_Trafic_Repo/build/emergency_vehicle_node/prefix_override:/home/metinsariaslan/.espressif/python_env/idf5.2_py3.12_env/lib/python3.12/site-packages/colcon_core/task/python/colcon_distutils_commands:/home/metinsariaslan/Smart_Trafic_Repo/install/emergency_vehicle_node/lib/python3.12/site-packages:${PYTHONPATH} /home/metinsariaslan/.espressif/python_env/idf5.2_py3.12_env/bin/python -W ignore:setup.py install is deprecated -W ignore:easy_install command is deprecated setup.py egg_info --egg-base ../../build/emergency_vehicle_node build --build-base /home/metinsariaslan/Smart_Trafic_Repo/build/emergency_vehicle_node/build install --record /home/metinsariaslan/Smart_Trafic_Repo/build/emergency_vehicle_node/install.log --single-version-externally-managed install_data
[2.340s] DEBUG:colcon.colcon_core.event_handler.log_command:Invoking command in '/home/metinsariaslan/Smart_Trafic_Repo/src/pedestrian_node': DEBUGINFOD_URLS=https://debuginfod.ubuntu.com PYTHONPATH=/home/metinsariaslan/Smart_Trafic_Repo/build/pedestrian_node/prefix_override:/home/metinsariaslan/.espressif/python_env/idf5.2_py3.12_env/lib/python3.12/site-packages/colcon_core/task/python/colcon_distutils_commands:/home/metinsariaslan/Smart_Trafic_Repo/install/pedestrian_node/lib/python3.12/site-packages:${PYTHONPATH} /home/metinsariaslan/.espressif/python_env/idf5.2_py3.12_env/bin/python -W ignore:setup.py install is deprecated -W ignore:easy_install command is deprecated setup.py egg_info --egg-base ../../build/pedestrian_node build --build-base /home/metinsariaslan/Smart_Trafic_Repo/build/pedestrian_node/build install --record /home/metinsariaslan/Smart_Trafic_Repo/build/pedestrian_node/install.log --single-version-externally-managed install_data
[2.355s] DEBUG:colcon.colcon_core.event_handler.log_command:Invoking command in '/home/metinsariaslan/Smart_Trafic_Repo/src/traffic_common_data': DEBUGINFOD_URLS=https://debuginfod.ubuntu.com PYTHONPATH=/home/metinsariaslan/Smart_Trafic_Repo/build/traffic_common_data/prefix_override:/home/metinsariaslan/.espressif/python_env/idf5.2_py3.12_env/lib/python3.12/site-packages/colcon_core/task/python/colcon_distutils_commands:/home/metinsariaslan/Smart_Trafic_Repo/install/traffic_common_data/lib/python3.12/site-packages:${PYTHONPATH} /home/metinsariaslan/.espressif/python_env/idf5.2_py3.12_env/bin/python -W ignore:setup.py install is deprecated -W ignore:easy_install command is deprecated setup.py egg_info --egg-base ../../build/traffic_common_data build --build-base /home/metinsariaslan/Smart_Trafic_Repo/build/traffic_common_data/build install --record /home/metinsariaslan/Smart_Trafic_Repo/build/traffic_common_data/install.log --single-version-externally-managed install_data
[2.391s] DEBUG:colcon.colcon_core.event_handler.log_command:Invoking command in '/home/metinsariaslan/Smart_Trafic_Repo/src/traffic_controller': DEBUGINFOD_URLS=https://debuginfod.ubuntu.com PYTHONPATH=/home/metinsariaslan/Smart_Trafic_Repo/build/traffic_controller/prefix_override:/home/metinsariaslan/.espressif/python_env/idf5.2_py3.12_env/lib/python3.12/site-packages/colcon_core/task/python/colcon_distutils_commands:/home/metinsariaslan/Smart_Trafic_Repo/install/traffic_controller/lib/python3.12/site-packages:${PYTHONPATH} /home/metinsariaslan/.espressif/python_env/idf5.2_py3.12_env/bin/python -W ignore:setup.py install is deprecated -W ignore:easy_install command is deprecated setup.py egg_info --egg-base ../../build/traffic_controller build --build-base /home/metinsariaslan/Smart_Trafic_Repo/build/traffic_controller/build install --record /home/metinsariaslan/Smart_Trafic_Repo/build/traffic_controller/install.log --single-version-externally-managed install_data
[3.185s] DEBUG:colcon.colcon_core.event_handler.log_command:Invoked command in '/home/metinsariaslan/Smart_Trafic_Repo/src/pedestrian_node' returned '0': DEBUGINFOD_URLS=https://debuginfod.ubuntu.com PYTHONPATH=/home/metinsariaslan/Smart_Trafic_Repo/build/pedestrian_node/prefix_override:/home/metinsariaslan/.espressif/python_env/idf5.2_py3.12_env/lib/python3.12/site-packages/colcon_core/task/python/colcon_distutils_commands:/home/metinsariaslan/Smart_Trafic_Repo/install/pedestrian_node/lib/python3.12/site-packages:${PYTHONPATH} /home/metinsariaslan/.espressif/python_env/idf5.2_py3.12_env/bin/python -W ignore:setup.py install is deprecated -W ignore:easy_install command is deprecated setup.py egg_info --egg-base ../../build/pedestrian_node build --build-base /home/metinsariaslan/Smart_Trafic_Repo/build/pedestrian_node/build install --record /home/metinsariaslan/Smart_Trafic_Repo/build/pedestrian_node/install.log --single-version-externally-managed install_data
[3.188s] Level 1:colcon.colcon_core.environment:checking '/home/metinsariaslan/Smart_Trafic_Repo/install/pedestrian_node' for CMake module files
[3.189s] Level 1:colcon.colcon_core.environment:checking '/home/metinsariaslan/Smart_Trafic_Repo/install/pedestrian_node' for CMake config files
[3.194s] Level 1:colcon.colcon_core.environment:checking '/home/metinsariaslan/Smart_Trafic_Repo/install/pedestrian_node/lib'
[3.196s] Level 1:colcon.colcon_core.environment:checking '/home/metinsariaslan/Smart_Trafic_Repo/install/pedestrian_node/bin'
[3.196s] Level 1:colcon.colcon_core.environment:checking '/home/metinsariaslan/Smart_Trafic_Repo/install/pedestrian_node/lib/pkgconfig/pedestrian_node.pc'
[3.197s] Level 1:colcon.colcon_core.environment:checking '/home/metinsariaslan/Smart_Trafic_Repo/install/pedestrian_node/lib/python3.12/site-packages'
[3.198s] Level 1:colcon.colcon_core.shell:create_environment_hook('pedestrian_node', 'pythonpath')
[3.199s] INFO:colcon.colcon_core.shell:Creating environment hook '/home/metinsariaslan/Smart_Trafic_Repo/install/pedestrian_node/share/pedestrian_node/hook/pythonpath.ps1'
[3.200s] INFO:colcon.colcon_core.shell:Creating environment descriptor '/home/metinsariaslan/Smart_Trafic_Repo/install/pedestrian_node/share/pedestrian_node/hook/pythonpath.dsv'
[3.201s] INFO:colcon.colcon_core.shell:Creating environment hook '/home/metinsariaslan/Smart_Trafic_Repo/install/pedestrian_node/share/pedestrian_node/hook/pythonpath.sh'
[3.204s] Level 1:colcon.colcon_core.environment:checking '/home/metinsariaslan/Smart_Trafic_Repo/install/pedestrian_node/bin'
[3.204s] Level 1:colcon.colcon_core.environment:create_environment_scripts_only(pedestrian_node)
[3.204s] INFO:colcon.colcon_core.shell:Creating package script '/home/metinsariaslan/Smart_Trafic_Repo/install/pedestrian_node/share/pedestrian_node/package.ps1'
[3.208s] INFO:colcon.colcon_core.shell:Creating package descriptor '/home/metinsariaslan/Smart_Trafic_Repo/install/pedestrian_node/share/pedestrian_node/package.dsv'
[3.210s] INFO:colcon.colcon_core.shell:Creating package script '/home/metinsariaslan/Smart_Trafic_Repo/install/pedestrian_node/share/pedestrian_node/package.sh'
[3.212s] INFO:colcon.colcon_core.shell:Creating package script '/home/metinsariaslan/Smart_Trafic_Repo/install/pedestrian_node/share/pedestrian_node/package.bash'
[3.215s] INFO:colcon.colcon_core.shell:Creating package script '/home/metinsariaslan/Smart_Trafic_Repo/install/pedestrian_node/share/pedestrian_node/package.zsh'
[3.217s] Level 1:colcon.colcon_core.environment:create_file_with_runtime_dependencies(/home/metinsariaslan/Smart_Trafic_Repo/install/pedestrian_node/share/colcon-core/packages/pedestrian_node)
[3.220s] Level 1:colcon.colcon_core.environment:checking '/home/metinsariaslan/Smart_Trafic_Repo/install/emergency_vehicle_node' for CMake module files
[3.220s] DEBUG:colcon.colcon_core.event_handler.log_command:Invoked command in '/home/metinsariaslan/Smart_Trafic_Repo/src/emergency_vehicle_node' returned '0': DEBUGINFOD_URLS=https://debuginfod.ubuntu.com PYTHONPATH=/home/metinsariaslan/Smart_Trafic_Repo/build/emergency_vehicle_node/prefix_override:/home/metinsariaslan/.espressif/python_env/idf5.2_py3.12_env/lib/python3.12/site-packages/colcon_core/task/python/colcon_distutils_commands:/home/metinsariaslan/Smart_Trafic_Repo/install/emergency_vehicle_node/lib/python3.12/site-packages:${PYTHONPATH} /home/metinsariaslan/.espressif/python_env/idf5.2_py3.12_env/bin/python -W ignore:setup.py install is deprecated -W ignore:easy_install command is deprecated setup.py egg_info --egg-base ../../build/emergency_vehicle_node build --build-base /home/metinsariaslan/Smart_Trafic_Repo/build/emergency_vehicle_node/build install --record /home/metinsariaslan/Smart_Trafic_Repo/build/emergency_vehicle_node/install.log --single-version-externally-managed install_data
[3.221s] Level 1:colcon.colcon_core.environment:checking '/home/metinsariaslan/Smart_Trafic_Repo/install/emergency_vehicle_node' for CMake config files
[3.222s] Level 1:colcon.colcon_core.environment:checking '/home/metinsariaslan/Smart_Trafic_Repo/install/emergency_vehicle_node/lib'
[3.222s] Level 1:colcon.colcon_core.environment:checking '/home/metinsariaslan/Smart_Trafic_Repo/install/emergency_vehicle_node/bin'
[3.222s] Level 1:colcon.colcon_core.environment:checking '/home/metinsariaslan/Smart_Trafic_Repo/install/emergency_vehicle_node/lib/pkgconfig/emergency_vehicle_node.pc'
[3.222s] Level 1:colcon.colcon_core.environment:checking '/home/metinsariaslan/Smart_Trafic_Repo/install/emergency_vehicle_node/lib/python3.12/site-packages'
[3.222s] Level 1:colcon.colcon_core.shell:create_environment_hook('emergency_vehicle_node', 'pythonpath')
[3.223s] INFO:colcon.colcon_core.shell:Creating environment hook '/home/metinsariaslan/Smart_Trafic_Repo/install/emergency_vehicle_node/share/emergency_vehicle_node/hook/pythonpath.ps1'
[3.223s] INFO:colcon.colcon_core.shell:Creating environment descriptor '/home/metinsariaslan/Smart_Trafic_Repo/install/emergency_vehicle_node/share/emergency_vehicle_node/hook/pythonpath.dsv'
[3.224s] INFO:colcon.colcon_core.shell:Creating environment hook '/home/metinsariaslan/Smart_Trafic_Repo/install/emergency_vehicle_node/share/emergency_vehicle_node/hook/pythonpath.sh'
[3.225s] Level 1:colcon.colcon_core.environment:checking '/home/metinsariaslan/Smart_Trafic_Repo/install/emergency_vehicle_node/bin'
[3.225s] Level 1:colcon.colcon_core.environment:create_environment_scripts_only(emergency_vehicle_node)
[3.226s] INFO:colcon.colcon_core.shell:Creating package script '/home/metinsariaslan/Smart_Trafic_Repo/install/emergency_vehicle_node/share/emergency_vehicle_node/package.ps1'
[3.227s] INFO:colcon.colcon_core.shell:Creating package descriptor '/home/metinsariaslan/Smart_Trafic_Repo/install/emergency_vehicle_node/share/emergency_vehicle_node/package.dsv'
[3.228s] INFO:colcon.colcon_core.shell:Creating package script '/home/metinsariaslan/Smart_Trafic_Repo/install/emergency_vehicle_node/share/emergency_vehicle_node/package.sh'
[3.229s] INFO:colcon.colcon_core.shell:Creating package script '/home/metinsariaslan/Smart_Trafic_Repo/install/emergency_vehicle_node/share/emergency_vehicle_node/package.bash'
[3.231s] INFO:colcon.colcon_core.shell:Creating package script '/home/metinsariaslan/Smart_Trafic_Repo/install/emergency_vehicle_node/share/emergency_vehicle_node/package.zsh'
[3.232s] Level 1:colcon.colcon_core.environment:create_file_with_runtime_dependencies(/home/metinsariaslan/Smart_Trafic_Repo/install/emergency_vehicle_node/share/colcon-core/packages/emergency_vehicle_node)
[3.265s] Level 1:colcon.colcon_core.environment:checking '/home/metinsariaslan/Smart_Trafic_Repo/install/traffic_common_data' for CMake module files
[3.265s] DEBUG:colcon.colcon_core.event_handler.log_command:Invoked command in '/home/metinsariaslan/Smart_Trafic_Repo/src/traffic_common_data' returned '0': DEBUGINFOD_URLS=https://debuginfod.ubuntu.com PYTHONPATH=/home/metinsariaslan/Smart_Trafic_Repo/build/traffic_common_data/prefix_override:/home/metinsariaslan/.espressif/python_env/idf5.2_py3.12_env/lib/python3.12/site-packages/colcon_core/task/python/colcon_distutils_commands:/home/metinsariaslan/Smart_Trafic_Repo/install/traffic_common_data/lib/python3.12/site-packages:${PYTHONPATH} /home/metinsariaslan/.espressif/python_env/idf5.2_py3.12_env/bin/python -W ignore:setup.py install is deprecated -W ignore:easy_install command is deprecated setup.py egg_info --egg-base ../../build/traffic_common_data build --build-base /home/metinsariaslan/Smart_Trafic_Repo/build/traffic_common_data/build install --record /home/metinsariaslan/Smart_Trafic_Repo/build/traffic_common_data/install.log --single-version-externally-managed install_data
[3.266s] Level 1:colcon.colcon_core.environment:checking '/home/metinsariaslan/Smart_Trafic_Repo/install/traffic_common_data' for CMake config files
[3.266s] Level 1:colcon.colcon_core.environment:checking '/home/metinsariaslan/Smart_Trafic_Repo/install/traffic_common_data/lib'
[3.266s] Level 1:colcon.colcon_core.environment:checking '/home/metinsariaslan/Smart_Trafic_Repo/install/traffic_common_data/bin'
[3.267s] Level 1:colcon.colcon_core.environment:checking '/home/metinsariaslan/Smart_Trafic_Repo/install/traffic_common_data/lib/pkgconfig/traffic_common_data.pc'
[3.267s] Level 1:colcon.colcon_core.environment:checking '/home/metinsariaslan/Smart_Trafic_Repo/install/traffic_common_data/lib/python3.12/site-packages'
[3.267s] Level 1:colcon.colcon_core.shell:create_environment_hook('traffic_common_data', 'pythonpath')
[3.267s] INFO:colcon.colcon_core.shell:Creating environment hook '/home/metinsariaslan/Smart_Trafic_Repo/install/traffic_common_data/share/traffic_common_data/hook/pythonpath.ps1'
[3.268s] INFO:colcon.colcon_core.shell:Creating environment descriptor '/home/metinsariaslan/Smart_Trafic_Repo/install/traffic_common_data/share/traffic_common_data/hook/pythonpath.dsv'
[3.269s] INFO:colcon.colcon_core.shell:Creating environment hook '/home/metinsariaslan/Smart_Trafic_Repo/install/traffic_common_data/share/traffic_common_data/hook/pythonpath.sh'
[3.270s] Level 1:colcon.colcon_core.environment:checking '/home/metinsariaslan/Smart_Trafic_Repo/install/traffic_common_data/bin'
[3.270s] Level 1:colcon.colcon_core.environment:create_environment_scripts_only(traffic_common_data)
[3.271s] INFO:colcon.colcon_core.shell:Creating package script '/home/metinsariaslan/Smart_Trafic_Repo/install/traffic_common_data/share/traffic_common_data/package.ps1'
[3.272s] INFO:colcon.colcon_core.shell:Creating package descriptor '/home/metinsariaslan/Smart_Trafic_Repo/install/traffic_common_data/share/traffic_common_data/package.dsv'
[3.273s] INFO:colcon.colcon_core.shell:Creating package script '/home/metinsariaslan/Smart_Trafic_Repo/install/traffic_common_data/share/traffic_common_data/package.sh'
[3.274s] INFO:colcon.colcon_core.shell:Creating package script '/home/metinsariaslan/Smart_Trafic_Repo/install/traffic_common_data/share/traffic_common_data/package.bash'
[3.274s] INFO:colcon.colcon_core.shell:Creating package script '/home/metinsariaslan/Smart_Trafic_Repo/install/traffic_common_data/share/traffic_common_data/package.zsh'
[3.276s] Level 1:colcon.colcon_core.environment:create_file_with_runtime_dependencies(/home/metinsariaslan/Smart_Trafic_Repo/install/traffic_common_data/share/colcon-core/packages/traffic_common_data)
[3.276s] INFO:colcon.colcon_ros.task.ament_python.build:Building ROS package in '/home/metinsariaslan/Smart_Trafic_Repo/src/vehicle_node' with build type 'ament_python'
[3.277s] Level 1:colcon.colcon_core.shell:create_environment_hook('vehicle_node', 'ament_prefix_path')
[3.277s] INFO:colcon.colcon_core.shell:Creating environment hook '/home/metinsariaslan/Smart_Trafic_Repo/install/vehicle_node/share/vehicle_node/hook/ament_prefix_path.ps1'
[3.278s] INFO:colcon.colcon_core.shell:Creating environment descriptor '/home/metinsariaslan/Smart_Trafic_Repo/install/vehicle_node/share/vehicle_node/hook/ament_prefix_path.dsv'
[3.279s] INFO:colcon.colcon_core.shell:Creating environment hook '/home/metinsariaslan/Smart_Trafic_Repo/install/vehicle_node/share/vehicle_node/hook/ament_prefix_path.sh'
[3.280s] INFO:colcon.colcon_core.shell:Skip shell extension 'powershell' for command environment: Not usable outside of PowerShell
[3.280s] DEBUG:colcon.colcon_core.shell:Skip shell extension 'dsv' for command environment
[3.285s] Level 1:colcon.colcon_core.environment:checking '/home/metinsariaslan/Smart_Trafic_Repo/install/traffic_controller' for CMake module files
[3.286s] DEBUG:colcon.colcon_core.event_handler.log_command:Invoked command in '/home/metinsariaslan/Smart_Trafic_Repo/src/traffic_controller' returned '0': DEBUGINFOD_URLS=https://debuginfod.ubuntu.com PYTHONPATH=/home/metinsariaslan/Smart_Trafic_Repo/build/traffic_controller/prefix_override:/home/metinsariaslan/.espressif/python_env/idf5.2_py3.12_env/lib/python3.12/site-packages/colcon_core/task/python/colcon_distutils_commands:/home/metinsariaslan/Smart_Trafic_Repo/install/traffic_controller/lib/python3.12/site-packages:${PYTHONPATH} /home/metinsariaslan/.espressif/python_env/idf5.2_py3.12_env/bin/python -W ignore:setup.py install is deprecated -W ignore:easy_install command is deprecated setup.py egg_info --egg-base ../../build/traffic_controller build --build-base /home/metinsariaslan/Smart_Trafic_Repo/build/traffic_controller/build install --record /home/metinsariaslan/Smart_Trafic_Repo/build/traffic_controller/install.log --single-version-externally-managed install_data
[3.286s] Level 1:colcon.colcon_core.environment:checking '/home/metinsariaslan/Smart_Trafic_Repo/install/traffic_controller' for CMake config files
[3.287s] Level 1:colcon.colcon_core.environment:checking '/home/metinsariaslan/Smart_Trafic_Repo/install/traffic_controller/lib'
[3.287s] Level 1:colcon.colcon_core.environment:checking '/home/metinsariaslan/Smart_Trafic_Repo/install/traffic_controller/bin'
[3.287s] Level 1:colcon.colcon_core.environment:checking '/home/metinsariaslan/Smart_Trafic_Repo/install/traffic_controller/lib/pkgconfig/traffic_controller.pc'
[3.288s] Level 1:colcon.colcon_core.environment:checking '/home/metinsariaslan/Smart_Trafic_Repo/install/traffic_controller/lib/python3.12/site-packages'
[3.288s] Level 1:colcon.colcon_core.shell:create_environment_hook('traffic_controller', 'pythonpath')
[3.288s] INFO:colcon.colcon_core.shell:Creating environment hook '/home/metinsariaslan/Smart_Trafic_Repo/install/traffic_controller/share/traffic_controller/hook/pythonpath.ps1'
[3.289s] INFO:colcon.colcon_core.shell:Creating environment descriptor '/home/metinsariaslan/Smart_Trafic_Repo/install/traffic_controller/share/traffic_controller/hook/pythonpath.dsv'
[3.290s] INFO:colcon.colcon_core.shell:Creating environment hook '/home/metinsariaslan/Smart_Trafic_Repo/install/traffic_controller/share/traffic_controller/hook/pythonpath.sh'
[3.291s] Level 1:colcon.colcon_core.environment:checking '/home/metinsariaslan/Smart_Trafic_Repo/install/traffic_controller/bin'
[3.291s] Level 1:colcon.colcon_core.environment:create_environment_scripts_only(traffic_controller)
[3.291s] INFO:colcon.colcon_core.shell:Creating package script '/home/metinsariaslan/Smart_Trafic_Repo/install/traffic_controller/share/traffic_controller/package.ps1'
[3.292s] INFO:colcon.colcon_core.shell:Creating package descriptor '/home/metinsariaslan/Smart_Trafic_Repo/install/traffic_controller/share/traffic_controller/package.dsv'
[3.293s] INFO:colcon.colcon_core.shell:Creating package script '/home/metinsariaslan/Smart_Trafic_Repo/install/traffic_controller/share/traffic_controller/package.sh'
[3.294s] INFO:colcon.colcon_core.shell:Creating package script '/home/metinsariaslan/Smart_Trafic_Repo/install/traffic_controller/share/traffic_controller/package.bash'
[3.294s] INFO:colcon.colcon_core.shell:Creating package script '/home/metinsariaslan/Smart_Trafic_Repo/install/traffic_controller/share/traffic_controller/package.zsh'
[3.295s] Level 1:colcon.colcon_core.environment:create_file_with_runtime_dependencies(/home/metinsariaslan/Smart_Trafic_Repo/install/traffic_controller/share/colcon-core/packages/traffic_controller)
[3.632s] INFO:colcon.colcon_core.task.python.build:Building Python package in '/home/metinsariaslan/Smart_Trafic_Repo/src/vehicle_node'
[3.632s] INFO:colcon.colcon_core.shell:Skip shell extension 'powershell' for command environment: Not usable outside of PowerShell
[3.632s] DEBUG:colcon.colcon_core.shell:Skip shell extension 'dsv' for command environment
[4.220s] DEBUG:colcon.colcon_core.event_handler.log_command:Invoking command in '/home/metinsariaslan/Smart_Trafic_Repo/src/vehicle_node': AMENT_PREFIX_PATH=/home/metinsariaslan/Smart_Trafic_Repo/install/traffic_common_data:/home/metinsariaslan/Smart_Trafic_Repo/install/vehicle_node:/home/metinsariaslan/Smart_Trafic_Repo/install/traffic_controller:/home/metinsariaslan/Smart_Trafic_Repo/install/pedestrian_node:/home/metinsariaslan/Smart_Trafic_Repo/install/emergency_vehicle_node:/opt/ros/jazzy DEBUGINFOD_URLS=https://debuginfod.ubuntu.com PYTHONPATH=/home/metinsariaslan/Smart_Trafic_Repo/build/vehicle_node/prefix_override:/home/metinsariaslan/.espressif/python_env/idf5.2_py3.12_env/lib/python3.12/site-packages/colcon_core/task/python/colcon_distutils_commands:/home/metinsariaslan/Smart_Trafic_Repo/install/vehicle_node/lib/python3.12/site-packages:/home/metinsariaslan/Smart_Trafic_Repo/install/traffic_common_data/lib/python3.12/site-packages:/home/metinsariaslan/Smart_Trafic_Repo/install/vehicle_node/lib/python3.12/site-packages:/home/metinsariaslan/Smart_Trafic_Repo/install/traffic_controller/lib/python3.12/site-packages:/home/metinsariaslan/Smart_Trafic_Repo/install/pedestrian_node/lib/python3.12/site-packages:/home/metinsariaslan/Smart_Trafic_Repo/install/emergency_vehicle_node/lib/python3.12/site-packages:/opt/ros/jazzy/lib/python3.12/site-packages /home/metinsariaslan/.espressif/python_env/idf5.2_py3.12_env/bin/python -W ignore:setup.py install is deprecated -W ignore:easy_install command is deprecated setup.py egg_info --egg-base ../../build/vehicle_node build --build-base /home/metinsariaslan/Smart_Trafic_Repo/build/vehicle_node/build install --record /home/metinsariaslan/Smart_Trafic_Repo/build/vehicle_node/install.log --single-version-externally-managed install_data
[4.856s] Level 1:colcon.colcon_core.environment:checking '/home/metinsariaslan/Smart_Trafic_Repo/install/vehicle_node' for CMake module files
[4.857s] DEBUG:colcon.colcon_core.event_handler.log_command:Invoked command in '/home/metinsariaslan/Smart_Trafic_Repo/src/vehicle_node' returned '0': AMENT_PREFIX_PATH=/home/metinsariaslan/Smart_Trafic_Repo/install/traffic_common_data:/home/metinsariaslan/Smart_Trafic_Repo/install/vehicle_node:/home/metinsariaslan/Smart_Trafic_Repo/install/traffic_controller:/home/metinsariaslan/Smart_Trafic_Repo/install/pedestrian_node:/home/metinsariaslan/Smart_Trafic_Repo/install/emergency_vehicle_node:/opt/ros/jazzy DEBUGINFOD_URLS=https://debuginfod.ubuntu.com PYTHONPATH=/home/metinsariaslan/Smart_Trafic_Repo/build/vehicle_node/prefix_override:/home/metinsariaslan/.espressif/python_env/idf5.2_py3.12_env/lib/python3.12/site-packages/colcon_core/task/python/colcon_distutils_commands:/home/metinsariaslan/Smart_Trafic_Repo/install/vehicle_node/lib/python3.12/site-packages:/home/metinsariaslan/Smart_Trafic_Repo/install/traffic_common_data/lib/python3.12/site-packages:/home/metinsariaslan/Smart_Trafic_Repo/install/vehicle_node/lib/python3.12/site-packages:/home/metinsariaslan/Smart_Trafic_Repo/install/traffic_controller/lib/python3.12/site-packages:/home/metinsariaslan/Smart_Trafic_Repo/install/pedestrian_node/lib/python3.12/site-packages:/home/metinsariaslan/Smart_Trafic_Repo/install/emergency_vehicle_node/lib/python3.12/site-packages:/opt/ros/jazzy/lib/python3.12/site-packages /home/metinsariaslan/.espressif/python_env/idf5.2_py3.12_env/bin/python -W ignore:setup.py install is deprecated -W ignore:easy_install command is deprecated setup.py egg_info --egg-base ../../build/vehicle_node build --build-base /home/metinsariaslan/Smart_Trafic_Repo/build/vehicle_node/build install --record /home/metinsariaslan/Smart_Trafic_Repo/build/vehicle_node/install.log --single-version-externally-managed install_data
[4.857s] Level 1:colcon.colcon_core.environment:checking '/home/metinsariaslan/Smart_Trafic_Repo/install/vehicle_node' for CMake config files
[4.858s] Level 1:colcon.colcon_core.environment:checking '/home/metinsariaslan/Smart_Trafic_Repo/install/vehicle_node/lib'
[4.858s] Level 1:colcon.colcon_core.environment:checking '/home/metinsariaslan/Smart_Trafic_Repo/install/vehicle_node/bin'
[4.858s] Level 1:colcon.colcon_core.environment:checking '/home/metinsariaslan/Smart_Trafic_Repo/install/vehicle_node/lib/pkgconfig/vehicle_node.pc'
[4.859s] Level 1:colcon.colcon_core.environment:checking '/home/metinsariaslan/Smart_Trafic_Repo/install/vehicle_node/lib/python3.12/site-packages'
[4.859s] Level 1:colcon.colcon_core.shell:create_environment_hook('vehicle_node', 'pythonpath')
[4.859s] INFO:colcon.colcon_core.shell:Creating environment hook '/home/metinsariaslan/Smart_Trafic_Repo/install/vehicle_node/share/vehicle_node/hook/pythonpath.ps1'
[4.861s] INFO:colcon.colcon_core.shell:Creating environment descriptor '/home/metinsariaslan/Smart_Trafic_Repo/install/vehicle_node/share/vehicle_node/hook/pythonpath.dsv'
[4.862s] INFO:colcon.colcon_core.shell:Creating environment hook '/home/metinsariaslan/Smart_Trafic_Repo/install/vehicle_node/share/vehicle_node/hook/pythonpath.sh'
[4.863s] Level 1:colcon.colcon_core.environment:checking '/home/metinsariaslan/Smart_Trafic_Repo/install/vehicle_node/bin'
[4.863s] Level 1:colcon.colcon_core.environment:create_environment_scripts_only(vehicle_node)
[4.863s] INFO:colcon.colcon_core.shell:Creating package script '/home/metinsariaslan/Smart_Trafic_Repo/install/vehicle_node/share/vehicle_node/package.ps1'
[4.865s] INFO:colcon.colcon_core.shell:Creating package descriptor '/home/metinsariaslan/Smart_Trafic_Repo/install/vehicle_node/share/vehicle_node/package.dsv'
[4.866s] INFO:colcon.colcon_core.shell:Creating package script '/home/metinsariaslan/Smart_Trafic_Repo/install/vehicle_node/share/vehicle_node/package.sh'
[4.868s] INFO:colcon.colcon_core.shell:Creating package script '/home/metinsariaslan/Smart_Trafic_Repo/install/vehicle_node/share/vehicle_node/package.bash'
[4.869s] INFO:colcon.colcon_core.shell:Creating package script '/home/metinsariaslan/Smart_Trafic_Repo/install/vehicle_node/share/vehicle_node/package.zsh'
[4.870s] Level 1:colcon.colcon_core.environment:create_file_with_runtime_dependencies(/home/metinsariaslan/Smart_Trafic_Repo/install/vehicle_node/share/colcon-core/packages/vehicle_node)
[4.870s] DEBUG:colcon.colcon_parallel_executor.executor.parallel:closing loop
[4.871s] DEBUG:colcon.colcon_parallel_executor.executor.parallel:loop closed
[4.871s] DEBUG:colcon.colcon_parallel_executor.executor.parallel:run_until_complete finished with '0'
[4.872s] DEBUG:colcon.colcon_core.event_reactor:joining thread
[4.875s] INFO:colcon.colcon_core.plugin_system:Skipping extension 'colcon_notification.desktop_notification.notify2': 'notify2' not found
[4.876s] INFO:colcon.colcon_core.plugin_system:Skipping extension 'colcon_notification.desktop_notification.terminal_notifier': Not used on non-Darwin systems
[4.876s] INFO:colcon.colcon_core.plugin_system:Skipping extension 'colcon_notification.desktop_notification.win32': Not used on non-Windows systems
[4.876s] INFO:colcon.colcon_notification.desktop_notification:Sending desktop notification using 'notify_send'
[4.916s] DEBUG:colcon.colcon_core.event_reactor:joined thread
[4.916s] INFO:colcon.colcon_core.shell:Creating prefix script '/home/metinsariaslan/Smart_Trafic_Repo/install/local_setup.ps1'
[4.918s] INFO:colcon.colcon_core.shell:Creating prefix util module '/home/metinsariaslan/Smart_Trafic_Repo/install/_local_setup_util_ps1.py'
[4.920s] INFO:colcon.colcon_core.shell:Creating prefix chain script '/home/metinsariaslan/Smart_Trafic_Repo/install/setup.ps1'
[4.922s] INFO:colcon.colcon_core.shell:Creating prefix script '/home/metinsariaslan/Smart_Trafic_Repo/install/local_setup.sh'
[4.923s] INFO:colcon.colcon_core.shell:Creating prefix util module '/home/metinsariaslan/Smart_Trafic_Repo/install/_local_setup_util_sh.py'
[4.925s] INFO:colcon.colcon_core.shell:Creating prefix chain script '/home/metinsariaslan/Smart_Trafic_Repo/install/setup.sh'
[4.927s] INFO:colcon.colcon_core.shell:Creating prefix script '/home/metinsariaslan/Smart_Trafic_Repo/install/local_setup.bash'
[4.929s] INFO:colcon.colcon_core.shell:Creating prefix chain script '/home/metinsariaslan/Smart_Trafic_Repo/install/setup.bash'
[4.930s] INFO:colcon.colcon_core.shell:Creating prefix script '/home/metinsariaslan/Smart_Trafic_Repo/install/local_setup.zsh'
[4.931s] INFO:colcon.colcon_core.shell:Creating prefix chain script '/home/metinsariaslan/Smart_Trafic_Repo/install/setup.zsh'
