[2.566s] Invoking command in '/home/metinsariaslan/Smart_Trafic_Repo/src/pedestrian_node': DEBUGINFOD_URLS=https://debuginfod.ubuntu.com PYTHONPATH=/home/metinsariaslan/Smart_Trafic_Repo/build/pedestrian_node/prefix_override:/home/metinsariaslan/.espressif/python_env/idf5.2_py3.12_env/lib/python3.12/site-packages/colcon_core/task/python/colcon_distutils_commands:/home/metinsariaslan/Smart_Trafic_Repo/install/pedestrian_node/lib/python3.12/site-packages:${PYTHONPATH} /home/metinsariaslan/.espressif/python_env/idf5.2_py3.12_env/bin/python -W ignore:setup.py install is deprecated -W ignore:easy_install command is deprecated setup.py egg_info --egg-base ../../build/pedestrian_node build --build-base /home/metinsariaslan/Smart_Trafic_Repo/build/pedestrian_node/build install --record /home/metinsariaslan/Smart_Trafic_Repo/build/pedestrian_node/install.log --single-version-externally-managed install_data
[3.287s] running egg_info
[3.338s] writing ../../build/pedestrian_node/pedestrian_node.egg-info/PKG-INFO
[3.338s] writing dependency_links to ../../build/pedestrian_node/pedestrian_node.egg-info/dependency_links.txt
[3.342s] writing requirements to ../../build/pedestrian_node/pedestrian_node.egg-info/requires.txt
[3.342s] writing top-level names to ../../build/pedestrian_node/pedestrian_node.egg-info/top_level.txt
[3.444s] reading manifest file '../../build/pedestrian_node/pedestrian_node.egg-info/SOURCES.txt'
[3.451s] writing manifest file '../../build/pedestrian_node/pedestrian_node.egg-info/SOURCES.txt'
[3.451s] running build
[3.452s] running build_py
[3.453s] copying pedestrian_node/__init__.py -> /home/metinsariaslan/Smart_Trafic_Repo/build/pedestrian_node/build/lib/pedestrian_node
[3.453s] running install
[3.471s] running install_lib
[3.514s] running install_data
[3.516s] copying resource/pedestrian_node -> /home/metinsariaslan/Smart_Trafic_Repo/install/pedestrian_node/share/ament_index/resource_index/packages
[3.517s] copying package.xml -> /home/metinsariaslan/Smart_Trafic_Repo/install/pedestrian_node/share/pedestrian_node
[3.518s] running install_egg_info
[3.564s] removing '/home/metinsariaslan/Smart_Trafic_Repo/install/pedestrian_node/lib/python3.12/site-packages/pedestrian_node-0.0.0-py3.12.egg-info' (and everything under it)
[3.567s] Copying ../../build/pedestrian_node/pedestrian_node.egg-info to /home/metinsariaslan/Smart_Trafic_Repo/install/pedestrian_node/lib/python3.12/site-packages/pedestrian_node-0.0.0-py3.12.egg-info
[3.570s] running install_scripts
[3.773s] writing list of installed files to '/home/metinsariaslan/Smart_Trafic_Repo/build/pedestrian_node/install.log'
[4.219s] Invoked command in '/home/metinsariaslan/Smart_Trafic_Repo/src/pedestrian_node' returned '0': DEBUGINFOD_URLS=https://debuginfod.ubuntu.com PYTHONPATH=/home/metinsariaslan/Smart_Trafic_Repo/build/pedestrian_node/prefix_override:/home/metinsariaslan/.espressif/python_env/idf5.2_py3.12_env/lib/python3.12/site-packages/colcon_core/task/python/colcon_distutils_commands:/home/metinsariaslan/Smart_Trafic_Repo/install/pedestrian_node/lib/python3.12/site-packages:${PYTHONPATH} /home/metinsariaslan/.espressif/python_env/idf5.2_py3.12_env/bin/python -W ignore:setup.py install is deprecated -W ignore:easy_install command is deprecated setup.py egg_info --egg-base ../../build/pedestrian_node build --build-base /home/metinsariaslan/Smart_Trafic_Repo/build/pedestrian_node/build install --record /home/metinsariaslan/Smart_Trafic_Repo/build/pedestrian_node/install.log --single-version-externally-managed install_data
