[2.996s] Invoking command in '/home/metinsariaslan/Smart_Trafic_Repo/src/traffic_common_data': DEBUGINFOD_URLS=https://debuginfod.ubuntu.com PYTHONPATH=/home/metinsariaslan/Smart_Trafic_Repo/build/traffic_common_data/prefix_override:/usr/lib/python3/dist-packages/colcon_core/task/python/colcon_distutils_commands:/home/metinsariaslan/Smart_Trafic_Repo/install/traffic_common_data/lib/python3.12/site-packages:${PYTHONPATH} /usr/bin/python3 -W ignore:setup.py install is deprecated -W ignore:easy_install command is deprecated setup.py egg_info --egg-base ../../build/traffic_common_data build --build-base /home/metinsariaslan/Smart_Trafic_Repo/build/traffic_common_data/build install --record /home/metinsariaslan/Smart_Trafic_Repo/build/traffic_common_data/install.log --single-version-externally-managed install_data
[3.739s] running egg_info
[3.739s] creating ../../build/traffic_common_data/traffic_common_data.egg-info
[3.794s] writing ../../build/traffic_common_data/traffic_common_data.egg-info/PKG-INFO
[3.795s] writing dependency_links to ../../build/traffic_common_data/traffic_common_data.egg-info/dependency_links.txt
[3.797s] writing requirements to ../../build/traffic_common_data/traffic_common_data.egg-info/requires.txt
[3.797s] writing top-level names to ../../build/traffic_common_data/traffic_common_data.egg-info/top_level.txt
[3.797s] writing manifest file '../../build/traffic_common_data/traffic_common_data.egg-info/SOURCES.txt'
[3.896s] reading manifest file '../../build/traffic_common_data/traffic_common_data.egg-info/SOURCES.txt'
[3.896s] writing manifest file '../../build/traffic_common_data/traffic_common_data.egg-info/SOURCES.txt'
[3.897s] running build
[3.897s] running build_py
[3.897s] creating /home/metinsariaslan/Smart_Trafic_Repo/build/traffic_common_data/build
[3.897s] creating /home/metinsariaslan/Smart_Trafic_Repo/build/traffic_common_data/build/lib
[3.898s] creating /home/metinsariaslan/Smart_Trafic_Repo/build/traffic_common_data/build/lib/traffic_common_data
[3.898s] copying traffic_common_data/__init__.py -> /home/metinsariaslan/Smart_Trafic_Repo/build/traffic_common_data/build/lib/traffic_common_data
[3.898s] copying traffic_common_data/Data_Struct_Topics.py -> /home/metinsariaslan/Smart_Trafic_Repo/build/traffic_common_data/build/lib/traffic_common_data
[3.898s] running install
[3.908s] running install_lib
[3.954s] creating /home/metinsariaslan/Smart_Trafic_Repo/install/traffic_common_data/lib/python3.12/site-packages/traffic_common_data
[3.954s] copying /home/metinsariaslan/Smart_Trafic_Repo/build/traffic_common_data/build/lib/traffic_common_data/__init__.py -> /home/metinsariaslan/Smart_Trafic_Repo/install/traffic_common_data/lib/python3.12/site-packages/traffic_common_data
[3.954s] copying /home/metinsariaslan/Smart_Trafic_Repo/build/traffic_common_data/build/lib/traffic_common_data/Data_Struct_Topics.py -> /home/metinsariaslan/Smart_Trafic_Repo/install/traffic_common_data/lib/python3.12/site-packages/traffic_common_data
[3.955s] byte-compiling /home/metinsariaslan/Smart_Trafic_Repo/install/traffic_common_data/lib/python3.12/site-packages/traffic_common_data/__init__.py to __init__.cpython-312.pyc
[3.955s] byte-compiling /home/metinsariaslan/Smart_Trafic_Repo/install/traffic_common_data/lib/python3.12/site-packages/traffic_common_data/Data_Struct_Topics.py to Data_Struct_Topics.cpython-312.pyc
[3.956s] running install_data
[3.956s] creating /home/metinsariaslan/Smart_Trafic_Repo/install/traffic_common_data/share/ament_index
[3.957s] creating /home/metinsariaslan/Smart_Trafic_Repo/install/traffic_common_data/share/ament_index/resource_index
[3.957s] creating /home/metinsariaslan/Smart_Trafic_Repo/install/traffic_common_data/share/ament_index/resource_index/packages
[3.957s] copying resource/traffic_common_data -> /home/metinsariaslan/Smart_Trafic_Repo/install/traffic_common_data/share/ament_index/resource_index/packages
[3.957s] copying package.xml -> /home/metinsariaslan/Smart_Trafic_Repo/install/traffic_common_data/share/traffic_common_data
[3.957s] running install_egg_info
[4.002s] Copying ../../build/traffic_common_data/traffic_common_data.egg-info to /home/metinsariaslan/Smart_Trafic_Repo/install/traffic_common_data/lib/python3.12/site-packages/traffic_common_data-0.0.0-py3.12.egg-info
[4.003s] running install_scripts
[4.299s] writing list of installed files to '/home/metinsariaslan/Smart_Trafic_Repo/build/traffic_common_data/install.log'
[4.354s] Invoked command in '/home/metinsariaslan/Smart_Trafic_Repo/src/traffic_common_data' returned '0': DEBUGINFOD_URLS=https://debuginfod.ubuntu.com PYTHONPATH=/home/metinsariaslan/Smart_Trafic_Repo/build/traffic_common_data/prefix_override:/usr/lib/python3/dist-packages/colcon_core/task/python/colcon_distutils_commands:/home/metinsariaslan/Smart_Trafic_Repo/install/traffic_common_data/lib/python3.12/site-packages:${PYTHONPATH} /usr/bin/python3 -W ignore:setup.py install is deprecated -W ignore:easy_install command is deprecated setup.py egg_info --egg-base ../../build/traffic_common_data build --build-base /home/metinsariaslan/Smart_Trafic_Repo/build/traffic_common_data/build install --record /home/metinsariaslan/Smart_Trafic_Repo/build/traffic_common_data/install.log --single-version-externally-managed install_data
