[2.842s] Invoking command in '/home/metinsariaslan/Smart_Trafic_Repo/src/traffic_controller': DEBUGINFOD_URLS=https://debuginfod.ubuntu.com PYTHONPATH=/home/metinsariaslan/Smart_Trafic_Repo/build/traffic_controller/prefix_override:/home/metinsariaslan/.espressif/python_env/idf5.2_py3.12_env/lib/python3.12/site-packages/colcon_core/task/python/colcon_distutils_commands:/home/metinsariaslan/Smart_Trafic_Repo/install/traffic_controller/lib/python3.12/site-packages:${PYTHONPATH} /home/metinsariaslan/.espressif/python_env/idf5.2_py3.12_env/bin/python -W ignore:setup.py install is deprecated -W ignore:easy_install command is deprecated setup.py egg_info --egg-base ../../build/traffic_controller build --build-base /home/metinsariaslan/Smart_Trafic_Repo/build/traffic_controller/build install --record /home/metinsariaslan/Smart_Trafic_Repo/build/traffic_controller/install.log --single-version-externally-managed install_data
[3.550s] running egg_info
[3.595s] writing ../../build/traffic_controller/traffic_controller.egg-info/PKG-INFO
[3.596s] writing dependency_links to ../../build/traffic_controller/traffic_controller.egg-info/dependency_links.txt
[3.596s] writing entry points to ../../build/traffic_controller/traffic_controller.egg-info/entry_points.txt
[3.597s] writing requirements to ../../build/traffic_controller/traffic_controller.egg-info/requires.txt
[3.597s] writing top-level names to ../../build/traffic_controller/traffic_controller.egg-info/top_level.txt
[3.683s] reading manifest file '../../build/traffic_controller/traffic_controller.egg-info/SOURCES.txt'
[3.688s] writing manifest file '../../build/traffic_controller/traffic_controller.egg-info/SOURCES.txt'
[3.688s] running build
[3.689s] running build_py
[3.689s] copying traffic_controller/__init__.py -> /home/metinsariaslan/Smart_Trafic_Repo/build/traffic_controller/build/lib/traffic_controller
[3.689s] copying traffic_controller/controller_node.py -> /home/metinsariaslan/Smart_Trafic_Repo/build/traffic_controller/build/lib/traffic_controller
[3.689s] running install
[3.708s] running install_lib
[3.750s] copying /home/metinsariaslan/Smart_Trafic_Repo/build/traffic_controller/build/lib/traffic_controller/controller_node.py -> /home/metinsariaslan/Smart_Trafic_Repo/install/traffic_controller/lib/python3.12/site-packages/traffic_controller
[3.752s] byte-compiling /home/metinsariaslan/Smart_Trafic_Repo/install/traffic_controller/lib/python3.12/site-packages/traffic_controller/controller_node.py to controller_node.cpython-312.pyc
[3.754s] running install_data
[3.754s] copying resource/traffic_controller -> /home/metinsariaslan/Smart_Trafic_Repo/install/traffic_controller/share/ament_index/resource_index/packages
[3.756s] copying package.xml -> /home/metinsariaslan/Smart_Trafic_Repo/install/traffic_controller/share/traffic_controller
[3.756s] running install_egg_info
[3.802s] removing '/home/metinsariaslan/Smart_Trafic_Repo/install/traffic_controller/lib/python3.12/site-packages/traffic_controller-0.0.0-py3.12.egg-info' (and everything under it)
[3.802s] Copying ../../build/traffic_controller/traffic_controller.egg-info to /home/metinsariaslan/Smart_Trafic_Repo/install/traffic_controller/lib/python3.12/site-packages/traffic_controller-0.0.0-py3.12.egg-info
[3.802s] running install_scripts
[3.984s] Installing controller_node script to /home/metinsariaslan/Smart_Trafic_Repo/install/traffic_controller/lib/traffic_controller
[3.985s] writing list of installed files to '/home/metinsariaslan/Smart_Trafic_Repo/build/traffic_controller/install.log'
[4.222s] Invoked command in '/home/metinsariaslan/Smart_Trafic_Repo/src/traffic_controller' returned '0': DEBUGINFOD_URLS=https://debuginfod.ubuntu.com PYTHONPATH=/home/metinsariaslan/Smart_Trafic_Repo/build/traffic_controller/prefix_override:/home/metinsariaslan/.espressif/python_env/idf5.2_py3.12_env/lib/python3.12/site-packages/colcon_core/task/python/colcon_distutils_commands:/home/metinsariaslan/Smart_Trafic_Repo/install/traffic_controller/lib/python3.12/site-packages:${PYTHONPATH} /home/metinsariaslan/.espressif/python_env/idf5.2_py3.12_env/bin/python -W ignore:setup.py install is deprecated -W ignore:easy_install command is deprecated setup.py egg_info --egg-base ../../build/traffic_controller build --build-base /home/metinsariaslan/Smart_Trafic_Repo/build/traffic_controller/build install --record /home/metinsariaslan/Smart_Trafic_Repo/build/traffic_controller/install.log --single-version-externally-managed install_data
