running egg_info
writing ../../build/traffic_controller/traffic_controller.egg-info/PKG-INFO
writing dependency_links to ../../build/traffic_controller/traffic_controller.egg-info/dependency_links.txt
writing entry points to ../../build/traffic_controller/traffic_controller.egg-info/entry_points.txt
writing requirements to ../../build/traffic_controller/traffic_controller.egg-info/requires.txt
writing top-level names to ../../build/traffic_controller/traffic_controller.egg-info/top_level.txt
reading manifest file '../../build/traffic_controller/traffic_controller.egg-info/SOURCES.txt'
writing manifest file '../../build/traffic_controller/traffic_controller.egg-info/SOURCES.txt'
running build
running build_py
copying traffic_controller/__init__.py -> /home/metinsariaslan/Smart_Trafic_Repo/build/traffic_controller/build/lib/traffic_controller
copying traffic_controller/controller_node.py -> /home/metinsariaslan/Smart_Trafic_Repo/build/traffic_controller/build/lib/traffic_controller
running install
running install_lib
copying /home/metinsariaslan/Smart_Trafic_Repo/build/traffic_controller/build/lib/traffic_controller/controller_node.py -> /home/metinsariaslan/Smart_Trafic_Repo/install/traffic_controller/lib/python3.12/site-packages/traffic_controller
byte-compiling /home/metinsariaslan/Smart_Trafic_Repo/install/traffic_controller/lib/python3.12/site-packages/traffic_controller/controller_node.py to controller_node.cpython-312.pyc
running install_data
copying resource/traffic_controller -> /home/metinsariaslan/Smart_Trafic_Repo/install/traffic_controller/share/ament_index/resource_index/packages
copying package.xml -> /home/metinsariaslan/Smart_Trafic_Repo/install/traffic_controller/share/traffic_controller
running install_egg_info
removing '/home/metinsariaslan/Smart_Trafic_Repo/install/traffic_controller/lib/python3.12/site-packages/traffic_controller-0.0.0-py3.12.egg-info' (and everything under it)
Copying ../../build/traffic_controller/traffic_controller.egg-info to /home/metinsariaslan/Smart_Trafic_Repo/install/traffic_controller/lib/python3.12/site-packages/traffic_controller-0.0.0-py3.12.egg-info
running install_scripts
Installing controller_node script to /home/metinsariaslan/Smart_Trafic_Repo/install/traffic_controller/lib/traffic_controller
writing list of installed files to '/home/metinsariaslan/Smart_Trafic_Repo/build/traffic_controller/install.log'
