[2.200s] Invoking command in '/home/metinsariaslan/Smart_Trafic_Repo/src/traffic_controller': DEBUGINFOD_URLS=https://debuginfod.ubuntu.com PYTHONPATH=/home/metinsariaslan/Smart_Trafic_Repo/build/traffic_controller/prefix_override:/home/metinsariaslan/.espressif/python_env/idf5.2_py3.12_env/lib/python3.12/site-packages/colcon_core/task/python/colcon_distutils_commands:/home/metinsariaslan/Smart_Trafic_Repo/install/traffic_controller/lib/python3.12/site-packages:${PYTHONPATH} /home/metinsariaslan/.espressif/python_env/idf5.2_py3.12_env/bin/python -W ignore:setup.py install is deprecated -W ignore:easy_install command is deprecated setup.py egg_info --egg-base ../../build/traffic_controller build --build-base /home/metinsariaslan/Smart_Trafic_Repo/build/traffic_controller/build install --record /home/metinsariaslan/Smart_Trafic_Repo/build/traffic_controller/install.log --single-version-externally-managed install_data
[2.678s] running egg_info
[2.721s] writing ../../build/traffic_controller/traffic_controller.egg-info/PKG-INFO
[2.721s] writing dependency_links to ../../build/traffic_controller/traffic_controller.egg-info/dependency_links.txt
[2.721s] writing entry points to ../../build/traffic_controller/traffic_controller.egg-info/entry_points.txt
[2.721s] writing requirements to ../../build/traffic_controller/traffic_controller.egg-info/requires.txt
[2.721s] writing top-level names to ../../build/traffic_controller/traffic_controller.egg-info/top_level.txt
[2.806s] reading manifest file '../../build/traffic_controller/traffic_controller.egg-info/SOURCES.txt'
[2.808s] writing manifest file '../../build/traffic_controller/traffic_controller.egg-info/SOURCES.txt'
[2.808s] running build
[2.809s] running build_py
[2.809s] copying traffic_controller/__init__.py -> /home/metinsariaslan/Smart_Trafic_Repo/build/traffic_controller/build/lib/traffic_controller
[2.809s] copying traffic_controller/controller_node.py -> /home/metinsariaslan/Smart_Trafic_Repo/build/traffic_controller/build/lib/traffic_controller
[2.810s] running install
[2.824s] running install_lib
[2.866s] copying /home/metinsariaslan/Smart_Trafic_Repo/build/traffic_controller/build/lib/traffic_controller/controller_node.py -> /home/metinsariaslan/Smart_Trafic_Repo/install/traffic_controller/lib/python3.12/site-packages/traffic_controller
[2.867s] byte-compiling /home/metinsariaslan/Smart_Trafic_Repo/install/traffic_controller/lib/python3.12/site-packages/traffic_controller/controller_node.py to controller_node.cpython-312.pyc
[2.871s] running install_data
[2.871s] copying resource/traffic_controller -> /home/metinsariaslan/Smart_Trafic_Repo/install/traffic_controller/share/ament_index/resource_index/packages
[2.872s] copying package.xml -> /home/metinsariaslan/Smart_Trafic_Repo/install/traffic_controller/share/traffic_controller
[2.872s] running install_egg_info
[2.915s] removing '/home/metinsariaslan/Smart_Trafic_Repo/install/traffic_controller/lib/python3.12/site-packages/traffic_controller-0.0.0-py3.12.egg-info' (and everything under it)
[2.915s] Copying ../../build/traffic_controller/traffic_controller.egg-info to /home/metinsariaslan/Smart_Trafic_Repo/install/traffic_controller/lib/python3.12/site-packages/traffic_controller-0.0.0-py3.12.egg-info
[2.917s] running install_scripts
[3.119s] Installing controller_node script to /home/metinsariaslan/Smart_Trafic_Repo/install/traffic_controller/lib/traffic_controller
[3.120s] writing list of installed files to '/home/metinsariaslan/Smart_Trafic_Repo/build/traffic_controller/install.log'
[3.441s] Invoked command in '/home/metinsariaslan/Smart_Trafic_Repo/src/traffic_controller' returned '0': DEBUGINFOD_URLS=https://debuginfod.ubuntu.com PYTHONPATH=/home/metinsariaslan/Smart_Trafic_Repo/build/traffic_controller/prefix_override:/home/metinsariaslan/.espressif/python_env/idf5.2_py3.12_env/lib/python3.12/site-packages/colcon_core/task/python/colcon_distutils_commands:/home/metinsariaslan/Smart_Trafic_Repo/install/traffic_controller/lib/python3.12/site-packages:${PYTHONPATH} /home/metinsariaslan/.espressif/python_env/idf5.2_py3.12_env/bin/python -W ignore:setup.py install is deprecated -W ignore:easy_install command is deprecated setup.py egg_info --egg-base ../../build/traffic_controller build --build-base /home/metinsariaslan/Smart_Trafic_Repo/build/traffic_controller/build install --record /home/metinsariaslan/Smart_Trafic_Repo/build/traffic_controller/install.log --single-version-externally-managed install_data
