[0.181s] DEBUG:colcon:Command line arguments: ['/home/metinsariaslan/.espressif/python_env/idf5.2_py3.12_env/bin/colcon', 'build']
[0.181s] DEBUG:colcon:Parsed command line arguments: Namespace(log_base=None, log_level=None, verb_name='build', build_base='build', install_base='install', merge_install=False, symlink_install=False, test_result_base=None, continue_on_error=False, executor='parallel', parallel_workers=8, event_handlers=None, ignore_user_meta=False, metas=['./colcon.meta'], base_paths=['.'], packages_ignore=None, packages_ignore_regex=None, paths=None, packages_up_to=None, packages_up_to_regex=None, packages_above=None, packages_above_and_dependencies=None, packages_above_depth=None, packages_select_by_dep=None, packages_skip_by_dep=None, packages_skip_up_to=None, packages_select_build_failed=False, packages_skip_build_finished=False, packages_select_test_failures=False, packages_skip_test_passed=False, packages_select=None, packages_skip=None, packages_select_regex=None, packages_skip_regex=None, packages_start=None, packages_end=None, cmake_args=None, cmake_target=None, cmake_target_skip_unavailable=False, cmake_clean_cache=False, cmake_clean_first=False, cmake_force_configure=False, ament_cmake_args=None, catkin_cmake_args=None, catkin_skip_building_tests=False, verb_parser=<colcon_defaults.argument_parser.defaults.DefaultArgumentsDecorator object at 0x7db696e5f710>, verb_extension=<colcon_core.verb.build.BuildVerb object at 0x7db696e5f410>, main=<bound method BuildVerb.main of <colcon_core.verb.build.BuildVerb object at 0x7db696e5f410>>)
[0.223s] Level 1:colcon.colcon_core.package_discovery:discover_packages(colcon_meta) check parameters
[0.223s] Level 1:colcon.colcon_core.package_discovery:discover_packages(recursive) check parameters
[0.223s] Level 1:colcon.colcon_core.package_discovery:discover_packages(ignore) check parameters
[0.223s] Level 1:colcon.colcon_core.package_discovery:discover_packages(path) check parameters
[0.223s] Level 1:colcon.colcon_core.package_discovery:discover_packages(colcon_meta) discover
[0.223s] Level 1:colcon.colcon_core.package_discovery:discover_packages(recursive) discover
[0.223s] INFO:colcon.colcon_core.package_discovery:Crawling recursively for packages in '/home/metinsariaslan/Smart_Trafic_Repo'
[0.223s] Level 1:colcon.colcon_core.package_identification:_identify(.) by extensions ['ignore', 'ignore_ament_install']
[0.224s] Level 1:colcon.colcon_core.package_identification:_identify(.) by extension 'ignore'
[0.224s] Level 1:colcon.colcon_core.package_identification:_identify(.) by extension 'ignore_ament_install'
[0.224s] Level 1:colcon.colcon_core.package_identification:_identify(.) by extensions ['colcon_pkg']
[0.224s] Level 1:colcon.colcon_core.package_identification:_identify(.) by extension 'colcon_pkg'
[0.224s] Level 1:colcon.colcon_core.package_identification:_identify(.) by extensions ['colcon_meta']
[0.224s] Level 1:colcon.colcon_core.package_identification:_identify(.) by extension 'colcon_meta'
[0.224s] Level 1:colcon.colcon_core.package_identification:_identify(.) by extensions ['ros']
[0.224s] Level 1:colcon.colcon_core.package_identification:_identify(.) by extension 'ros'
[0.256s] Level 1:colcon.colcon_core.package_identification:_identify(.) by extensions ['cmake', 'python']
[0.256s] Level 1:colcon.colcon_core.package_identification:_identify(.) by extension 'cmake'
[0.256s] Level 1:colcon.colcon_core.package_identification:_identify(.) by extension 'python'
[0.256s] Level 1:colcon.colcon_core.package_identification:_identify(.) by extensions ['python_setup_py']
[0.256s] Level 1:colcon.colcon_core.package_identification:_identify(.) by extension 'python_setup_py'
[0.256s] Level 1:colcon.colcon_core.package_identification:_identify(build) by extensions ['ignore', 'ignore_ament_install']
[0.257s] Level 1:colcon.colcon_core.package_identification:_identify(build) by extension 'ignore'
[0.257s] Level 1:colcon.colcon_core.package_identification:_identify(build) ignored
[0.257s] Level 1:colcon.colcon_core.package_identification:_identify(install) by extensions ['ignore', 'ignore_ament_install']
[0.257s] Level 1:colcon.colcon_core.package_identification:_identify(install) by extension 'ignore'
[0.257s] Level 1:colcon.colcon_core.package_identification:_identify(install) ignored
[0.257s] Level 1:colcon.colcon_core.package_identification:_identify(log) by extensions ['ignore', 'ignore_ament_install']
[0.257s] Level 1:colcon.colcon_core.package_identification:_identify(log) by extension 'ignore'
[0.257s] Level 1:colcon.colcon_core.package_identification:_identify(log) ignored
[0.257s] Level 1:colcon.colcon_core.package_identification:_identify(src) by extensions ['ignore', 'ignore_ament_install']
[0.257s] Level 1:colcon.colcon_core.package_identification:_identify(src) by extension 'ignore'
[0.257s] Level 1:colcon.colcon_core.package_identification:_identify(src) by extension 'ignore_ament_install'
[0.258s] Level 1:colcon.colcon_core.package_identification:_identify(src) by extensions ['colcon_pkg']
[0.258s] Level 1:colcon.colcon_core.package_identification:_identify(src) by extension 'colcon_pkg'
[0.258s] Level 1:colcon.colcon_core.package_identification:_identify(src) by extensions ['colcon_meta']
[0.258s] Level 1:colcon.colcon_core.package_identification:_identify(src) by extension 'colcon_meta'
[0.258s] Level 1:colcon.colcon_core.package_identification:_identify(src) by extensions ['ros']
[0.258s] Level 1:colcon.colcon_core.package_identification:_identify(src) by extension 'ros'
[0.258s] Level 1:colcon.colcon_core.package_identification:_identify(src) by extensions ['cmake', 'python']
[0.258s] Level 1:colcon.colcon_core.package_identification:_identify(src) by extension 'cmake'
[0.258s] Level 1:colcon.colcon_core.package_identification:_identify(src) by extension 'python'
[0.258s] Level 1:colcon.colcon_core.package_identification:_identify(src) by extensions ['python_setup_py']
[0.258s] Level 1:colcon.colcon_core.package_identification:_identify(src) by extension 'python_setup_py'
[0.258s] Level 1:colcon.colcon_core.package_identification:_identify(src/emergency_vehicle_node) by extensions ['ignore', 'ignore_ament_install']
[0.258s] Level 1:colcon.colcon_core.package_identification:_identify(src/emergency_vehicle_node) by extension 'ignore'
[0.258s] Level 1:colcon.colcon_core.package_identification:_identify(src/emergency_vehicle_node) by extension 'ignore_ament_install'
[0.258s] Level 1:colcon.colcon_core.package_identification:_identify(src/emergency_vehicle_node) by extensions ['colcon_pkg']
[0.258s] Level 1:colcon.colcon_core.package_identification:_identify(src/emergency_vehicle_node) by extension 'colcon_pkg'
[0.259s] Level 1:colcon.colcon_core.package_identification:_identify(src/emergency_vehicle_node) by extensions ['colcon_meta']
[0.259s] Level 1:colcon.colcon_core.package_identification:_identify(src/emergency_vehicle_node) by extension 'colcon_meta'
[0.259s] Level 1:colcon.colcon_core.package_identification:_identify(src/emergency_vehicle_node) by extensions ['ros']
[0.259s] Level 1:colcon.colcon_core.package_identification:_identify(src/emergency_vehicle_node) by extension 'ros'
[0.261s] DEBUG:colcon.colcon_core.package_identification:Package 'src/emergency_vehicle_node' with type 'ros.ament_python' and name 'emergency_vehicle_node'
[0.261s] Level 1:colcon.colcon_core.package_identification:_identify(src/pedestrian_node) by extensions ['ignore', 'ignore_ament_install']
[0.261s] Level 1:colcon.colcon_core.package_identification:_identify(src/pedestrian_node) by extension 'ignore'
[0.262s] Level 1:colcon.colcon_core.package_identification:_identify(src/pedestrian_node) by extension 'ignore_ament_install'
[0.262s] Level 1:colcon.colcon_core.package_identification:_identify(src/pedestrian_node) by extensions ['colcon_pkg']
[0.262s] Level 1:colcon.colcon_core.package_identification:_identify(src/pedestrian_node) by extension 'colcon_pkg'
[0.262s] Level 1:colcon.colcon_core.package_identification:_identify(src/pedestrian_node) by extensions ['colcon_meta']
[0.262s] Level 1:colcon.colcon_core.package_identification:_identify(src/pedestrian_node) by extension 'colcon_meta'
[0.262s] Level 1:colcon.colcon_core.package_identification:_identify(src/pedestrian_node) by extensions ['ros']
[0.262s] Level 1:colcon.colcon_core.package_identification:_identify(src/pedestrian_node) by extension 'ros'
[0.262s] DEBUG:colcon.colcon_core.package_identification:Package 'src/pedestrian_node' with type 'ros.ament_python' and name 'pedestrian_node'
[0.262s] Level 1:colcon.colcon_core.package_identification:_identify(src/traffic_common_data) by extensions ['ignore', 'ignore_ament_install']
[0.263s] Level 1:colcon.colcon_core.package_identification:_identify(src/traffic_common_data) by extension 'ignore'
[0.263s] Level 1:colcon.colcon_core.package_identification:_identify(src/traffic_common_data) by extension 'ignore_ament_install'
[0.263s] Level 1:colcon.colcon_core.package_identification:_identify(src/traffic_common_data) by extensions ['colcon_pkg']
[0.263s] Level 1:colcon.colcon_core.package_identification:_identify(src/traffic_common_data) by extension 'colcon_pkg'
[0.263s] Level 1:colcon.colcon_core.package_identification:_identify(src/traffic_common_data) by extensions ['colcon_meta']
[0.263s] Level 1:colcon.colcon_core.package_identification:_identify(src/traffic_common_data) by extension 'colcon_meta'
[0.263s] Level 1:colcon.colcon_core.package_identification:_identify(src/traffic_common_data) by extensions ['ros']
[0.263s] Level 1:colcon.colcon_core.package_identification:_identify(src/traffic_common_data) by extension 'ros'
[0.263s] DEBUG:colcon.colcon_core.package_identification:Package 'src/traffic_common_data' with type 'ros.ament_python' and name 'traffic_common_data'
[0.264s] Level 1:colcon.colcon_core.package_identification:_identify(src/traffic_controller) by extensions ['ignore', 'ignore_ament_install']
[0.264s] Level 1:colcon.colcon_core.package_identification:_identify(src/traffic_controller) by extension 'ignore'
[0.264s] Level 1:colcon.colcon_core.package_identification:_identify(src/traffic_controller) by extension 'ignore_ament_install'
[0.264s] Level 1:colcon.colcon_core.package_identification:_identify(src/traffic_controller) by extensions ['colcon_pkg']
[0.264s] Level 1:colcon.colcon_core.package_identification:_identify(src/traffic_controller) by extension 'colcon_pkg'
[0.264s] Level 1:colcon.colcon_core.package_identification:_identify(src/traffic_controller) by extensions ['colcon_meta']
[0.264s] Level 1:colcon.colcon_core.package_identification:_identify(src/traffic_controller) by extension 'colcon_meta'
[0.264s] Level 1:colcon.colcon_core.package_identification:_identify(src/traffic_controller) by extensions ['ros']
[0.264s] Level 1:colcon.colcon_core.package_identification:_identify(src/traffic_controller) by extension 'ros'
[0.264s] DEBUG:colcon.colcon_core.package_identification:Package 'src/traffic_controller' with type 'ros.ament_python' and name 'traffic_controller'
[0.265s] Level 1:colcon.colcon_core.package_identification:_identify(src/vehicle_node) by extensions ['ignore', 'ignore_ament_install']
[0.265s] Level 1:colcon.colcon_core.package_identification:_identify(src/vehicle_node) by extension 'ignore'
[0.265s] Level 1:colcon.colcon_core.package_identification:_identify(src/vehicle_node) by extension 'ignore_ament_install'
[0.265s] Level 1:colcon.colcon_core.package_identification:_identify(src/vehicle_node) by extensions ['colcon_pkg']
[0.265s] Level 1:colcon.colcon_core.package_identification:_identify(src/vehicle_node) by extension 'colcon_pkg'
[0.265s] Level 1:colcon.colcon_core.package_identification:_identify(src/vehicle_node) by extensions ['colcon_meta']
[0.265s] Level 1:colcon.colcon_core.package_identification:_identify(src/vehicle_node) by extension 'colcon_meta'
[0.265s] Level 1:colcon.colcon_core.package_identification:_identify(src/vehicle_node) by extensions ['ros']
[0.265s] Level 1:colcon.colcon_core.package_identification:_identify(src/vehicle_node) by extension 'ros'
[0.266s] DEBUG:colcon.colcon_core.package_identification:Package 'src/vehicle_node' with type 'ros.ament_python' and name 'vehicle_node'
[0.266s] Level 1:colcon.colcon_core.package_discovery:discover_packages(recursive) using defaults
[0.266s] Level 1:colcon.colcon_core.package_discovery:discover_packages(ignore) discover
[0.266s] Level 1:colcon.colcon_core.package_discovery:discover_packages(ignore) using defaults
[0.266s] Level 1:colcon.colcon_core.package_discovery:discover_packages(path) discover
[0.266s] Level 1:colcon.colcon_core.package_discovery:discover_packages(path) using defaults
[0.285s] Level 5:colcon.colcon_core.verb:set package 'emergency_vehicle_node' build argument 'cmake_args' from command line to 'None'
[0.286s] Level 5:colcon.colcon_core.verb:set package 'emergency_vehicle_node' build argument 'cmake_target' from command line to 'None'
[0.286s] Level 5:colcon.colcon_core.verb:set package 'emergency_vehicle_node' build argument 'cmake_target_skip_unavailable' from command line to 'False'
[0.286s] Level 5:colcon.colcon_core.verb:set package 'emergency_vehicle_node' build argument 'cmake_clean_cache' from command line to 'False'
[0.286s] Level 5:colcon.colcon_core.verb:set package 'emergency_vehicle_node' build argument 'cmake_clean_first' from command line to 'False'
[0.286s] Level 5:colcon.colcon_core.verb:set package 'emergency_vehicle_node' build argument 'cmake_force_configure' from command line to 'False'
[0.286s] Level 5:colcon.colcon_core.verb:set package 'emergency_vehicle_node' build argument 'ament_cmake_args' from command line to 'None'
[0.286s] Level 5:colcon.colcon_core.verb:set package 'emergency_vehicle_node' build argument 'catkin_cmake_args' from command line to 'None'
[0.286s] Level 5:colcon.colcon_core.verb:set package 'emergency_vehicle_node' build argument 'catkin_skip_building_tests' from command line to 'False'
[0.286s] DEBUG:colcon.colcon_core.verb:Building package 'emergency_vehicle_node' with the following arguments: {'ament_cmake_args': None, 'build_base': '/home/metinsariaslan/Smart_Trafic_Repo/build/emergency_vehicle_node', 'catkin_cmake_args': None, 'catkin_skip_building_tests': False, 'cmake_args': None, 'cmake_clean_cache': False, 'cmake_clean_first': False, 'cmake_force_configure': False, 'cmake_target': None, 'cmake_target_skip_unavailable': False, 'install_base': '/home/metinsariaslan/Smart_Trafic_Repo/install/emergency_vehicle_node', 'merge_install': False, 'path': '/home/metinsariaslan/Smart_Trafic_Repo/src/emergency_vehicle_node', 'symlink_install': False, 'test_result_base': None}
[0.286s] Level 5:colcon.colcon_core.verb:set package 'pedestrian_node' build argument 'cmake_args' from command line to 'None'
[0.286s] Level 5:colcon.colcon_core.verb:set package 'pedestrian_node' build argument 'cmake_target' from command line to 'None'
[0.286s] Level 5:colcon.colcon_core.verb:set package 'pedestrian_node' build argument 'cmake_target_skip_unavailable' from command line to 'False'
[0.286s] Level 5:colcon.colcon_core.verb:set package 'pedestrian_node' build argument 'cmake_clean_cache' from command line to 'False'
[0.286s] Level 5:colcon.colcon_core.verb:set package 'pedestrian_node' build argument 'cmake_clean_first' from command line to 'False'
[0.286s] Level 5:colcon.colcon_core.verb:set package 'pedestrian_node' build argument 'cmake_force_configure' from command line to 'False'
[0.286s] Level 5:colcon.colcon_core.verb:set package 'pedestrian_node' build argument 'ament_cmake_args' from command line to 'None'
[0.286s] Level 5:colcon.colcon_core.verb:set package 'pedestrian_node' build argument 'catkin_cmake_args' from command line to 'None'
[0.286s] Level 5:colcon.colcon_core.verb:set package 'pedestrian_node' build argument 'catkin_skip_building_tests' from command line to 'False'
[0.286s] DEBUG:colcon.colcon_core.verb:Building package 'pedestrian_node' with the following arguments: {'ament_cmake_args': None, 'build_base': '/home/metinsariaslan/Smart_Trafic_Repo/build/pedestrian_node', 'catkin_cmake_args': None, 'catkin_skip_building_tests': False, 'cmake_args': None, 'cmake_clean_cache': False, 'cmake_clean_first': False, 'cmake_force_configure': False, 'cmake_target': None, 'cmake_target_skip_unavailable': False, 'install_base': '/home/metinsariaslan/Smart_Trafic_Repo/install/pedestrian_node', 'merge_install': False, 'path': '/home/metinsariaslan/Smart_Trafic_Repo/src/pedestrian_node', 'symlink_install': False, 'test_result_base': None}
[0.287s] Level 5:colcon.colcon_core.verb:set package 'traffic_common_data' build argument 'cmake_args' from command line to 'None'
[0.287s] Level 5:colcon.colcon_core.verb:set package 'traffic_common_data' build argument 'cmake_target' from command line to 'None'
[0.287s] Level 5:colcon.colcon_core.verb:set package 'traffic_common_data' build argument 'cmake_target_skip_unavailable' from command line to 'False'
[0.287s] Level 5:colcon.colcon_core.verb:set package 'traffic_common_data' build argument 'cmake_clean_cache' from command line to 'False'
[0.287s] Level 5:colcon.colcon_core.verb:set package 'traffic_common_data' build argument 'cmake_clean_first' from command line to 'False'
[0.287s] Level 5:colcon.colcon_core.verb:set package 'traffic_common_data' build argument 'cmake_force_configure' from command line to 'False'
[0.287s] Level 5:colcon.colcon_core.verb:set package 'traffic_common_data' build argument 'ament_cmake_args' from command line to 'None'
[0.287s] Level 5:colcon.colcon_core.verb:set package 'traffic_common_data' build argument 'catkin_cmake_args' from command line to 'None'
[0.287s] Level 5:colcon.colcon_core.verb:set package 'traffic_common_data' build argument 'catkin_skip_building_tests' from command line to 'False'
[0.287s] DEBUG:colcon.colcon_core.verb:Building package 'traffic_common_data' with the following arguments: {'ament_cmake_args': None, 'build_base': '/home/metinsariaslan/Smart_Trafic_Repo/build/traffic_common_data', 'catkin_cmake_args': None, 'catkin_skip_building_tests': False, 'cmake_args': None, 'cmake_clean_cache': False, 'cmake_clean_first': False, 'cmake_force_configure': False, 'cmake_target': None, 'cmake_target_skip_unavailable': False, 'install_base': '/home/metinsariaslan/Smart_Trafic_Repo/install/traffic_common_data', 'merge_install': False, 'path': '/home/metinsariaslan/Smart_Trafic_Repo/src/traffic_common_data', 'symlink_install': False, 'test_result_base': None}
[0.288s] Level 5:colcon.colcon_core.verb:set package 'traffic_controller' build argument 'cmake_args' from command line to 'None'
[0.288s] Level 5:colcon.colcon_core.verb:set package 'traffic_controller' build argument 'cmake_target' from command line to 'None'
[0.288s] Level 5:colcon.colcon_core.verb:set package 'traffic_controller' build argument 'cmake_target_skip_unavailable' from command line to 'False'
[0.288s] Level 5:colcon.colcon_core.verb:set package 'traffic_controller' build argument 'cmake_clean_cache' from command line to 'False'
[0.288s] Level 5:colcon.colcon_core.verb:set package 'traffic_controller' build argument 'cmake_clean_first' from command line to 'False'
[0.288s] Level 5:colcon.colcon_core.verb:set package 'traffic_controller' build argument 'cmake_force_configure' from command line to 'False'
[0.288s] Level 5:colcon.colcon_core.verb:set package 'traffic_controller' build argument 'ament_cmake_args' from command line to 'None'
[0.288s] Level 5:colcon.colcon_core.verb:set package 'traffic_controller' build argument 'catkin_cmake_args' from command line to 'None'
[0.288s] Level 5:colcon.colcon_core.verb:set package 'traffic_controller' build argument 'catkin_skip_building_tests' from command line to 'False'
[0.288s] DEBUG:colcon.colcon_core.verb:Building package 'traffic_controller' with the following arguments: {'ament_cmake_args': None, 'build_base': '/home/metinsariaslan/Smart_Trafic_Repo/build/traffic_controller', 'catkin_cmake_args': None, 'catkin_skip_building_tests': False, 'cmake_args': None, 'cmake_clean_cache': False, 'cmake_clean_first': False, 'cmake_force_configure': False, 'cmake_target': None, 'cmake_target_skip_unavailable': False, 'install_base': '/home/metinsariaslan/Smart_Trafic_Repo/install/traffic_controller', 'merge_install': False, 'path': '/home/metinsariaslan/Smart_Trafic_Repo/src/traffic_controller', 'symlink_install': False, 'test_result_base': None}
[0.288s] Level 5:colcon.colcon_core.verb:set package 'vehicle_node' build argument 'cmake_args' from command line to 'None'
[0.288s] Level 5:colcon.colcon_core.verb:set package 'vehicle_node' build argument 'cmake_target' from command line to 'None'
[0.289s] Level 5:colcon.colcon_core.verb:set package 'vehicle_node' build argument 'cmake_target_skip_unavailable' from command line to 'False'
[0.289s] Level 5:colcon.colcon_core.verb:set package 'vehicle_node' build argument 'cmake_clean_cache' from command line to 'False'
[0.289s] Level 5:colcon.colcon_core.verb:set package 'vehicle_node' build argument 'cmake_clean_first' from command line to 'False'
[0.289s] Level 5:colcon.colcon_core.verb:set package 'vehicle_node' build argument 'cmake_force_configure' from command line to 'False'
[0.289s] Level 5:colcon.colcon_core.verb:set package 'vehicle_node' build argument 'ament_cmake_args' from command line to 'None'
[0.289s] Level 5:colcon.colcon_core.verb:set package 'vehicle_node' build argument 'catkin_cmake_args' from command line to 'None'
[0.289s] Level 5:colcon.colcon_core.verb:set package 'vehicle_node' build argument 'catkin_skip_building_tests' from command line to 'False'
[0.289s] DEBUG:colcon.colcon_core.verb:Building package 'vehicle_node' with the following arguments: {'ament_cmake_args': None, 'build_base': '/home/metinsariaslan/Smart_Trafic_Repo/build/vehicle_node', 'catkin_cmake_args': None, 'catkin_skip_building_tests': False, 'cmake_args': None, 'cmake_clean_cache': False, 'cmake_clean_first': False, 'cmake_force_configure': False, 'cmake_target': None, 'cmake_target_skip_unavailable': False, 'install_base': '/home/metinsariaslan/Smart_Trafic_Repo/install/vehicle_node', 'merge_install': False, 'path': '/home/metinsariaslan/Smart_Trafic_Repo/src/vehicle_node', 'symlink_install': False, 'test_result_base': None}
[0.289s] INFO:colcon.colcon_core.executor:Executing jobs using 'parallel' executor
[0.290s] DEBUG:colcon.colcon_parallel_executor.executor.parallel:run_until_complete
[0.290s] INFO:colcon.colcon_ros.task.ament_python.build:Building ROS package in '/home/metinsariaslan/Smart_Trafic_Repo/src/traffic_common_data' with build type 'ament_python'
[0.290s] Level 1:colcon.colcon_core.shell:create_environment_hook('traffic_common_data', 'ament_prefix_path')
[0.292s] INFO:colcon.colcon_core.plugin_system:Skipping extension 'colcon_core.shell.bat': Not used on non-Windows systems
[0.293s] INFO:colcon.colcon_core.shell:Creating environment hook '/home/metinsariaslan/Smart_Trafic_Repo/install/traffic_common_data/share/traffic_common_data/hook/ament_prefix_path.ps1'
[0.294s] INFO:colcon.colcon_core.shell:Creating environment descriptor '/home/metinsariaslan/Smart_Trafic_Repo/install/traffic_common_data/share/traffic_common_data/hook/ament_prefix_path.dsv'
[0.295s] INFO:colcon.colcon_core.shell:Creating environment hook '/home/metinsariaslan/Smart_Trafic_Repo/install/traffic_common_data/share/traffic_common_data/hook/ament_prefix_path.sh'
[0.296s] INFO:colcon.colcon_core.shell:Skip shell extension 'powershell' for command environment: Not usable outside of PowerShell
[0.296s] DEBUG:colcon.colcon_core.shell:Skip shell extension 'dsv' for command environment
[0.302s] INFO:colcon.colcon_ros.task.ament_python.build:Building ROS package in '/home/metinsariaslan/Smart_Trafic_Repo/src/emergency_vehicle_node' with build type 'ament_python'
[0.302s] Level 1:colcon.colcon_core.shell:create_environment_hook('emergency_vehicle_node', 'ament_prefix_path')
[0.303s] INFO:colcon.colcon_core.shell:Creating environment hook '/home/metinsariaslan/Smart_Trafic_Repo/install/emergency_vehicle_node/share/emergency_vehicle_node/hook/ament_prefix_path.ps1'
[0.304s] INFO:colcon.colcon_core.shell:Creating environment descriptor '/home/metinsariaslan/Smart_Trafic_Repo/install/emergency_vehicle_node/share/emergency_vehicle_node/hook/ament_prefix_path.dsv'
[0.304s] INFO:colcon.colcon_core.shell:Creating environment hook '/home/metinsariaslan/Smart_Trafic_Repo/install/emergency_vehicle_node/share/emergency_vehicle_node/hook/ament_prefix_path.sh'
[0.305s] INFO:colcon.colcon_core.shell:Skip shell extension 'powershell' for command environment: Not usable outside of PowerShell
[0.305s] DEBUG:colcon.colcon_core.shell:Skip shell extension 'dsv' for command environment
[0.310s] INFO:colcon.colcon_ros.task.ament_python.build:Building ROS package in '/home/metinsariaslan/Smart_Trafic_Repo/src/pedestrian_node' with build type 'ament_python'
[0.310s] Level 1:colcon.colcon_core.shell:create_environment_hook('pedestrian_node', 'ament_prefix_path')
[0.310s] INFO:colcon.colcon_core.shell:Creating environment hook '/home/metinsariaslan/Smart_Trafic_Repo/install/pedestrian_node/share/pedestrian_node/hook/ament_prefix_path.ps1'
[0.311s] INFO:colcon.colcon_core.shell:Creating environment descriptor '/home/metinsariaslan/Smart_Trafic_Repo/install/pedestrian_node/share/pedestrian_node/hook/ament_prefix_path.dsv'
[0.312s] INFO:colcon.colcon_core.shell:Creating environment hook '/home/metinsariaslan/Smart_Trafic_Repo/install/pedestrian_node/share/pedestrian_node/hook/ament_prefix_path.sh'
[0.312s] INFO:colcon.colcon_core.shell:Skip shell extension 'powershell' for command environment: Not usable outside of PowerShell
[0.312s] DEBUG:colcon.colcon_core.shell:Skip shell extension 'dsv' for command environment
[0.316s] INFO:colcon.colcon_ros.task.ament_python.build:Building ROS package in '/home/metinsariaslan/Smart_Trafic_Repo/src/traffic_controller' with build type 'ament_python'
[0.316s] Level 1:colcon.colcon_core.shell:create_environment_hook('traffic_controller', 'ament_prefix_path')
[0.316s] INFO:colcon.colcon_core.shell:Creating environment hook '/home/metinsariaslan/Smart_Trafic_Repo/install/traffic_controller/share/traffic_controller/hook/ament_prefix_path.ps1'
[0.317s] INFO:colcon.colcon_core.shell:Creating environment descriptor '/home/metinsariaslan/Smart_Trafic_Repo/install/traffic_controller/share/traffic_controller/hook/ament_prefix_path.dsv'
[0.317s] INFO:colcon.colcon_core.shell:Creating environment hook '/home/metinsariaslan/Smart_Trafic_Repo/install/traffic_controller/share/traffic_controller/hook/ament_prefix_path.sh'
[0.318s] INFO:colcon.colcon_core.shell:Skip shell extension 'powershell' for command environment: Not usable outside of PowerShell
[0.318s] DEBUG:colcon.colcon_core.shell:Skip shell extension 'dsv' for command environment
[0.590s] INFO:colcon.colcon_core.task.python.build:Building Python package in '/home/metinsariaslan/Smart_Trafic_Repo/src/traffic_common_data'
[0.590s] INFO:colcon.colcon_core.shell:Skip shell extension 'powershell' for command environment: Not usable outside of PowerShell
[0.590s] DEBUG:colcon.colcon_core.shell:Skip shell extension 'dsv' for command environment
[0.850s] INFO:colcon.colcon_core.task.python.build:Building Python package in '/home/metinsariaslan/Smart_Trafic_Repo/src/emergency_vehicle_node'
[0.850s] INFO:colcon.colcon_core.shell:Skip shell extension 'powershell' for command environment: Not usable outside of PowerShell
[0.850s] DEBUG:colcon.colcon_core.shell:Skip shell extension 'dsv' for command environment
[1.089s] INFO:colcon.colcon_core.task.python.build:Building Python package in '/home/metinsariaslan/Smart_Trafic_Repo/src/pedestrian_node'
[1.090s] INFO:colcon.colcon_core.shell:Skip shell extension 'powershell' for command environment: Not usable outside of PowerShell
[1.090s] DEBUG:colcon.colcon_core.shell:Skip shell extension 'dsv' for command environment
[1.351s] INFO:colcon.colcon_core.task.python.build:Building Python package in '/home/metinsariaslan/Smart_Trafic_Repo/src/traffic_controller'
[1.351s] INFO:colcon.colcon_core.shell:Skip shell extension 'powershell' for command environment: Not usable outside of PowerShell
[1.351s] DEBUG:colcon.colcon_core.shell:Skip shell extension 'dsv' for command environment
[2.076s] DEBUG:colcon.colcon_core.event_handler.log_command:Invoking command in '/home/metinsariaslan/Smart_Trafic_Repo/src/traffic_common_data': DEBUGINFOD_URLS=https://debuginfod.ubuntu.com PYTHONPATH=/home/metinsariaslan/Smart_Trafic_Repo/build/traffic_common_data/prefix_override:/home/metinsariaslan/.espressif/python_env/idf5.2_py3.12_env/lib/python3.12/site-packages/colcon_core/task/python/colcon_distutils_commands:/home/metinsariaslan/Smart_Trafic_Repo/install/traffic_common_data/lib/python3.12/site-packages:${PYTHONPATH} /home/metinsariaslan/.espressif/python_env/idf5.2_py3.12_env/bin/python -W ignore:setup.py install is deprecated -W ignore:easy_install command is deprecated setup.py egg_info --egg-base ../../build/traffic_common_data build --build-base /home/metinsariaslan/Smart_Trafic_Repo/build/traffic_common_data/build install --record /home/metinsariaslan/Smart_Trafic_Repo/build/traffic_common_data/install.log --single-version-externally-managed install_data
[2.120s] DEBUG:colcon.colcon_core.event_handler.log_command:Invoking command in '/home/metinsariaslan/Smart_Trafic_Repo/src/emergency_vehicle_node': DEBUGINFOD_URLS=https://debuginfod.ubuntu.com PYTHONPATH=/home/metinsariaslan/Smart_Trafic_Repo/build/emergency_vehicle_node/prefix_override:/home/metinsariaslan/.espressif/python_env/idf5.2_py3.12_env/lib/python3.12/site-packages/colcon_core/task/python/colcon_distutils_commands:/home/metinsariaslan/Smart_Trafic_Repo/install/emergency_vehicle_node/lib/python3.12/site-packages:${PYTHONPATH} /home/metinsariaslan/.espressif/python_env/idf5.2_py3.12_env/bin/python -W ignore:setup.py install is deprecated -W ignore:easy_install command is deprecated setup.py egg_info --egg-base ../../build/emergency_vehicle_node build --build-base /home/metinsariaslan/Smart_Trafic_Repo/build/emergency_vehicle_node/build install --record /home/metinsariaslan/Smart_Trafic_Repo/build/emergency_vehicle_node/install.log --single-version-externally-managed install_data
[2.138s] DEBUG:colcon.colcon_core.event_handler.log_command:Invoking command in '/home/metinsariaslan/Smart_Trafic_Repo/src/traffic_controller': DEBUGINFOD_URLS=https://debuginfod.ubuntu.com PYTHONPATH=/home/metinsariaslan/Smart_Trafic_Repo/build/traffic_controller/prefix_override:/home/metinsariaslan/.espressif/python_env/idf5.2_py3.12_env/lib/python3.12/site-packages/colcon_core/task/python/colcon_distutils_commands:/home/metinsariaslan/Smart_Trafic_Repo/install/traffic_controller/lib/python3.12/site-packages:${PYTHONPATH} /home/metinsariaslan/.espressif/python_env/idf5.2_py3.12_env/bin/python -W ignore:setup.py install is deprecated -W ignore:easy_install command is deprecated setup.py egg_info --egg-base ../../build/traffic_controller build --build-base /home/metinsariaslan/Smart_Trafic_Repo/build/traffic_controller/build install --record /home/metinsariaslan/Smart_Trafic_Repo/build/traffic_controller/install.log --single-version-externally-managed install_data
[2.139s] DEBUG:colcon.colcon_core.event_handler.log_command:Invoking command in '/home/metinsariaslan/Smart_Trafic_Repo/src/pedestrian_node': DEBUGINFOD_URLS=https://debuginfod.ubuntu.com PYTHONPATH=/home/metinsariaslan/Smart_Trafic_Repo/build/pedestrian_node/prefix_override:/home/metinsariaslan/.espressif/python_env/idf5.2_py3.12_env/lib/python3.12/site-packages/colcon_core/task/python/colcon_distutils_commands:/home/metinsariaslan/Smart_Trafic_Repo/install/pedestrian_node/lib/python3.12/site-packages:${PYTHONPATH} /home/metinsariaslan/.espressif/python_env/idf5.2_py3.12_env/bin/python -W ignore:setup.py install is deprecated -W ignore:easy_install command is deprecated setup.py egg_info --egg-base ../../build/pedestrian_node build --build-base /home/metinsariaslan/Smart_Trafic_Repo/build/pedestrian_node/build install --record /home/metinsariaslan/Smart_Trafic_Repo/build/pedestrian_node/install.log --single-version-externally-managed install_data
[2.885s] DEBUG:colcon.colcon_core.event_handler.log_command:Invoked command in '/home/metinsariaslan/Smart_Trafic_Repo/src/traffic_controller' returned '0': DEBUGINFOD_URLS=https://debuginfod.ubuntu.com PYTHONPATH=/home/metinsariaslan/Smart_Trafic_Repo/build/traffic_controller/prefix_override:/home/metinsariaslan/.espressif/python_env/idf5.2_py3.12_env/lib/python3.12/site-packages/colcon_core/task/python/colcon_distutils_commands:/home/metinsariaslan/Smart_Trafic_Repo/install/traffic_controller/lib/python3.12/site-packages:${PYTHONPATH} /home/metinsariaslan/.espressif/python_env/idf5.2_py3.12_env/bin/python -W ignore:setup.py install is deprecated -W ignore:easy_install command is deprecated setup.py egg_info --egg-base ../../build/traffic_controller build --build-base /home/metinsariaslan/Smart_Trafic_Repo/build/traffic_controller/build install --record /home/metinsariaslan/Smart_Trafic_Repo/build/traffic_controller/install.log --single-version-externally-managed install_data
[2.888s] Level 1:colcon.colcon_core.environment:checking '/home/metinsariaslan/Smart_Trafic_Repo/install/traffic_controller' for CMake module files
[2.889s] Level 1:colcon.colcon_core.environment:checking '/home/metinsariaslan/Smart_Trafic_Repo/install/traffic_controller' for CMake config files
[2.890s] Level 1:colcon.colcon_core.environment:checking '/home/metinsariaslan/Smart_Trafic_Repo/install/traffic_controller/lib'
[2.890s] Level 1:colcon.colcon_core.environment:checking '/home/metinsariaslan/Smart_Trafic_Repo/install/traffic_controller/bin'
[2.891s] Level 1:colcon.colcon_core.environment:checking '/home/metinsariaslan/Smart_Trafic_Repo/install/traffic_controller/lib/pkgconfig/traffic_controller.pc'
[2.891s] Level 1:colcon.colcon_core.environment:checking '/home/metinsariaslan/Smart_Trafic_Repo/install/traffic_controller/lib/python3.12/site-packages'
[2.891s] Level 1:colcon.colcon_core.shell:create_environment_hook('traffic_controller', 'pythonpath')
[2.892s] INFO:colcon.colcon_core.shell:Creating environment hook '/home/metinsariaslan/Smart_Trafic_Repo/install/traffic_controller/share/traffic_controller/hook/pythonpath.ps1'
[2.893s] INFO:colcon.colcon_core.shell:Creating environment descriptor '/home/metinsariaslan/Smart_Trafic_Repo/install/traffic_controller/share/traffic_controller/hook/pythonpath.dsv'
[2.894s] INFO:colcon.colcon_core.shell:Creating environment hook '/home/metinsariaslan/Smart_Trafic_Repo/install/traffic_controller/share/traffic_controller/hook/pythonpath.sh'
[2.895s] Level 1:colcon.colcon_core.environment:checking '/home/metinsariaslan/Smart_Trafic_Repo/install/traffic_controller/bin'
[2.895s] Level 1:colcon.colcon_core.environment:create_environment_scripts_only(traffic_controller)
[2.896s] INFO:colcon.colcon_core.shell:Creating package script '/home/metinsariaslan/Smart_Trafic_Repo/install/traffic_controller/share/traffic_controller/package.ps1'
[2.899s] INFO:colcon.colcon_core.shell:Creating package descriptor '/home/metinsariaslan/Smart_Trafic_Repo/install/traffic_controller/share/traffic_controller/package.dsv'
[2.901s] INFO:colcon.colcon_core.shell:Creating package script '/home/metinsariaslan/Smart_Trafic_Repo/install/traffic_controller/share/traffic_controller/package.sh'
[2.903s] INFO:colcon.colcon_core.shell:Creating package script '/home/metinsariaslan/Smart_Trafic_Repo/install/traffic_controller/share/traffic_controller/package.bash'
[2.904s] INFO:colcon.colcon_core.shell:Creating package script '/home/metinsariaslan/Smart_Trafic_Repo/install/traffic_controller/share/traffic_controller/package.zsh'
[2.906s] Level 1:colcon.colcon_core.environment:create_file_with_runtime_dependencies(/home/metinsariaslan/Smart_Trafic_Repo/install/traffic_controller/share/colcon-core/packages/traffic_controller)
[2.911s] Level 1:colcon.colcon_core.environment:checking '/home/metinsariaslan/Smart_Trafic_Repo/install/pedestrian_node' for CMake module files
[2.912s] DEBUG:colcon.colcon_core.event_handler.log_command:Invoked command in '/home/metinsariaslan/Smart_Trafic_Repo/src/pedestrian_node' returned '0': DEBUGINFOD_URLS=https://debuginfod.ubuntu.com PYTHONPATH=/home/metinsariaslan/Smart_Trafic_Repo/build/pedestrian_node/prefix_override:/home/metinsariaslan/.espressif/python_env/idf5.2_py3.12_env/lib/python3.12/site-packages/colcon_core/task/python/colcon_distutils_commands:/home/metinsariaslan/Smart_Trafic_Repo/install/pedestrian_node/lib/python3.12/site-packages:${PYTHONPATH} /home/metinsariaslan/.espressif/python_env/idf5.2_py3.12_env/bin/python -W ignore:setup.py install is deprecated -W ignore:easy_install command is deprecated setup.py egg_info --egg-base ../../build/pedestrian_node build --build-base /home/metinsariaslan/Smart_Trafic_Repo/build/pedestrian_node/build install --record /home/metinsariaslan/Smart_Trafic_Repo/build/pedestrian_node/install.log --single-version-externally-managed install_data
[2.913s] Level 1:colcon.colcon_core.environment:checking '/home/metinsariaslan/Smart_Trafic_Repo/install/pedestrian_node' for CMake config files
[2.914s] Level 1:colcon.colcon_core.environment:checking '/home/metinsariaslan/Smart_Trafic_Repo/install/pedestrian_node/lib'
[2.914s] Level 1:colcon.colcon_core.environment:checking '/home/metinsariaslan/Smart_Trafic_Repo/install/pedestrian_node/bin'
[2.915s] Level 1:colcon.colcon_core.environment:checking '/home/metinsariaslan/Smart_Trafic_Repo/install/pedestrian_node/lib/pkgconfig/pedestrian_node.pc'
[2.915s] Level 1:colcon.colcon_core.environment:checking '/home/metinsariaslan/Smart_Trafic_Repo/install/pedestrian_node/lib/python3.12/site-packages'
[2.915s] Level 1:colcon.colcon_core.shell:create_environment_hook('pedestrian_node', 'pythonpath')
[2.916s] INFO:colcon.colcon_core.shell:Creating environment hook '/home/metinsariaslan/Smart_Trafic_Repo/install/pedestrian_node/share/pedestrian_node/hook/pythonpath.ps1'
[2.917s] INFO:colcon.colcon_core.shell:Creating environment descriptor '/home/metinsariaslan/Smart_Trafic_Repo/install/pedestrian_node/share/pedestrian_node/hook/pythonpath.dsv'
[2.918s] INFO:colcon.colcon_core.shell:Creating environment hook '/home/metinsariaslan/Smart_Trafic_Repo/install/pedestrian_node/share/pedestrian_node/hook/pythonpath.sh'
[2.920s] Level 1:colcon.colcon_core.environment:checking '/home/metinsariaslan/Smart_Trafic_Repo/install/pedestrian_node/bin'
[2.920s] Level 1:colcon.colcon_core.environment:create_environment_scripts_only(pedestrian_node)
[2.921s] INFO:colcon.colcon_core.shell:Creating package script '/home/metinsariaslan/Smart_Trafic_Repo/install/pedestrian_node/share/pedestrian_node/package.ps1'
[2.922s] INFO:colcon.colcon_core.shell:Creating package descriptor '/home/metinsariaslan/Smart_Trafic_Repo/install/pedestrian_node/share/pedestrian_node/package.dsv'
[2.923s] INFO:colcon.colcon_core.shell:Creating package script '/home/metinsariaslan/Smart_Trafic_Repo/install/pedestrian_node/share/pedestrian_node/package.sh'
[2.924s] INFO:colcon.colcon_core.shell:Creating package script '/home/metinsariaslan/Smart_Trafic_Repo/install/pedestrian_node/share/pedestrian_node/package.bash'
[2.924s] INFO:colcon.colcon_core.shell:Creating package script '/home/metinsariaslan/Smart_Trafic_Repo/install/pedestrian_node/share/pedestrian_node/package.zsh'
[2.925s] Level 1:colcon.colcon_core.environment:create_file_with_runtime_dependencies(/home/metinsariaslan/Smart_Trafic_Repo/install/pedestrian_node/share/colcon-core/packages/pedestrian_node)
[2.966s] Level 1:colcon.colcon_core.environment:checking '/home/metinsariaslan/Smart_Trafic_Repo/install/traffic_common_data' for CMake module files
[2.968s] DEBUG:colcon.colcon_core.event_handler.log_command:Invoked command in '/home/metinsariaslan/Smart_Trafic_Repo/src/traffic_common_data' returned '0': DEBUGINFOD_URLS=https://debuginfod.ubuntu.com PYTHONPATH=/home/metinsariaslan/Smart_Trafic_Repo/build/traffic_common_data/prefix_override:/home/metinsariaslan/.espressif/python_env/idf5.2_py3.12_env/lib/python3.12/site-packages/colcon_core/task/python/colcon_distutils_commands:/home/metinsariaslan/Smart_Trafic_Repo/install/traffic_common_data/lib/python3.12/site-packages:${PYTHONPATH} /home/metinsariaslan/.espressif/python_env/idf5.2_py3.12_env/bin/python -W ignore:setup.py install is deprecated -W ignore:easy_install command is deprecated setup.py egg_info --egg-base ../../build/traffic_common_data build --build-base /home/metinsariaslan/Smart_Trafic_Repo/build/traffic_common_data/build install --record /home/metinsariaslan/Smart_Trafic_Repo/build/traffic_common_data/install.log --single-version-externally-managed install_data
[2.969s] Level 1:colcon.colcon_core.environment:checking '/home/metinsariaslan/Smart_Trafic_Repo/install/traffic_common_data' for CMake config files
[2.969s] Level 1:colcon.colcon_core.environment:checking '/home/metinsariaslan/Smart_Trafic_Repo/install/traffic_common_data/lib'
[2.969s] Level 1:colcon.colcon_core.environment:checking '/home/metinsariaslan/Smart_Trafic_Repo/install/traffic_common_data/bin'
[2.969s] Level 1:colcon.colcon_core.environment:checking '/home/metinsariaslan/Smart_Trafic_Repo/install/traffic_common_data/lib/pkgconfig/traffic_common_data.pc'
[2.970s] Level 1:colcon.colcon_core.environment:checking '/home/metinsariaslan/Smart_Trafic_Repo/install/traffic_common_data/lib/python3.12/site-packages'
[2.970s] Level 1:colcon.colcon_core.shell:create_environment_hook('traffic_common_data', 'pythonpath')
[2.970s] INFO:colcon.colcon_core.shell:Creating environment hook '/home/metinsariaslan/Smart_Trafic_Repo/install/traffic_common_data/share/traffic_common_data/hook/pythonpath.ps1'
[2.971s] INFO:colcon.colcon_core.shell:Creating environment descriptor '/home/metinsariaslan/Smart_Trafic_Repo/install/traffic_common_data/share/traffic_common_data/hook/pythonpath.dsv'
[2.971s] INFO:colcon.colcon_core.shell:Creating environment hook '/home/metinsariaslan/Smart_Trafic_Repo/install/traffic_common_data/share/traffic_common_data/hook/pythonpath.sh'
[2.972s] Level 1:colcon.colcon_core.environment:checking '/home/metinsariaslan/Smart_Trafic_Repo/install/traffic_common_data/bin'
[2.972s] Level 1:colcon.colcon_core.environment:create_environment_scripts_only(traffic_common_data)
[2.972s] INFO:colcon.colcon_core.shell:Creating package script '/home/metinsariaslan/Smart_Trafic_Repo/install/traffic_common_data/share/traffic_common_data/package.ps1'
[2.973s] INFO:colcon.colcon_core.shell:Creating package descriptor '/home/metinsariaslan/Smart_Trafic_Repo/install/traffic_common_data/share/traffic_common_data/package.dsv'
[2.974s] INFO:colcon.colcon_core.shell:Creating package script '/home/metinsariaslan/Smart_Trafic_Repo/install/traffic_common_data/share/traffic_common_data/package.sh'
[2.975s] INFO:colcon.colcon_core.shell:Creating package script '/home/metinsariaslan/Smart_Trafic_Repo/install/traffic_common_data/share/traffic_common_data/package.bash'
[2.975s] INFO:colcon.colcon_core.shell:Creating package script '/home/metinsariaslan/Smart_Trafic_Repo/install/traffic_common_data/share/traffic_common_data/package.zsh'
[2.976s] Level 1:colcon.colcon_core.environment:create_file_with_runtime_dependencies(/home/metinsariaslan/Smart_Trafic_Repo/install/traffic_common_data/share/colcon-core/packages/traffic_common_data)
[2.976s] INFO:colcon.colcon_ros.task.ament_python.build:Building ROS package in '/home/metinsariaslan/Smart_Trafic_Repo/src/vehicle_node' with build type 'ament_python'
[2.976s] Level 1:colcon.colcon_core.shell:create_environment_hook('vehicle_node', 'ament_prefix_path')
[2.977s] INFO:colcon.colcon_core.shell:Creating environment hook '/home/metinsariaslan/Smart_Trafic_Repo/install/vehicle_node/share/vehicle_node/hook/ament_prefix_path.ps1'
[2.977s] INFO:colcon.colcon_core.shell:Creating environment descriptor '/home/metinsariaslan/Smart_Trafic_Repo/install/vehicle_node/share/vehicle_node/hook/ament_prefix_path.dsv'
[2.978s] INFO:colcon.colcon_core.shell:Creating environment hook '/home/metinsariaslan/Smart_Trafic_Repo/install/vehicle_node/share/vehicle_node/hook/ament_prefix_path.sh'
[2.979s] INFO:colcon.colcon_core.shell:Skip shell extension 'powershell' for command environment: Not usable outside of PowerShell
[2.979s] DEBUG:colcon.colcon_core.shell:Skip shell extension 'dsv' for command environment
[2.983s] Level 1:colcon.colcon_core.environment:checking '/home/metinsariaslan/Smart_Trafic_Repo/install/emergency_vehicle_node' for CMake module files
[2.984s] DEBUG:colcon.colcon_core.event_handler.log_command:Invoked command in '/home/metinsariaslan/Smart_Trafic_Repo/src/emergency_vehicle_node' returned '0': DEBUGINFOD_URLS=https://debuginfod.ubuntu.com PYTHONPATH=/home/metinsariaslan/Smart_Trafic_Repo/build/emergency_vehicle_node/prefix_override:/home/metinsariaslan/.espressif/python_env/idf5.2_py3.12_env/lib/python3.12/site-packages/colcon_core/task/python/colcon_distutils_commands:/home/metinsariaslan/Smart_Trafic_Repo/install/emergency_vehicle_node/lib/python3.12/site-packages:${PYTHONPATH} /home/metinsariaslan/.espressif/python_env/idf5.2_py3.12_env/bin/python -W ignore:setup.py install is deprecated -W ignore:easy_install command is deprecated setup.py egg_info --egg-base ../../build/emergency_vehicle_node build --build-base /home/metinsariaslan/Smart_Trafic_Repo/build/emergency_vehicle_node/build install --record /home/metinsariaslan/Smart_Trafic_Repo/build/emergency_vehicle_node/install.log --single-version-externally-managed install_data
[2.984s] Level 1:colcon.colcon_core.environment:checking '/home/metinsariaslan/Smart_Trafic_Repo/install/emergency_vehicle_node' for CMake config files
[2.985s] Level 1:colcon.colcon_core.environment:checking '/home/metinsariaslan/Smart_Trafic_Repo/install/emergency_vehicle_node/lib'
[2.985s] Level 1:colcon.colcon_core.environment:checking '/home/metinsariaslan/Smart_Trafic_Repo/install/emergency_vehicle_node/bin'
[2.985s] Level 1:colcon.colcon_core.environment:checking '/home/metinsariaslan/Smart_Trafic_Repo/install/emergency_vehicle_node/lib/pkgconfig/emergency_vehicle_node.pc'
[2.985s] Level 1:colcon.colcon_core.environment:checking '/home/metinsariaslan/Smart_Trafic_Repo/install/emergency_vehicle_node/lib/python3.12/site-packages'
[2.985s] Level 1:colcon.colcon_core.shell:create_environment_hook('emergency_vehicle_node', 'pythonpath')
[2.985s] INFO:colcon.colcon_core.shell:Creating environment hook '/home/metinsariaslan/Smart_Trafic_Repo/install/emergency_vehicle_node/share/emergency_vehicle_node/hook/pythonpath.ps1'
[2.986s] INFO:colcon.colcon_core.shell:Creating environment descriptor '/home/metinsariaslan/Smart_Trafic_Repo/install/emergency_vehicle_node/share/emergency_vehicle_node/hook/pythonpath.dsv'
[2.987s] INFO:colcon.colcon_core.shell:Creating environment hook '/home/metinsariaslan/Smart_Trafic_Repo/install/emergency_vehicle_node/share/emergency_vehicle_node/hook/pythonpath.sh'
[2.989s] Level 1:colcon.colcon_core.environment:checking '/home/metinsariaslan/Smart_Trafic_Repo/install/emergency_vehicle_node/bin'
[2.989s] Level 1:colcon.colcon_core.environment:create_environment_scripts_only(emergency_vehicle_node)
[2.989s] INFO:colcon.colcon_core.shell:Creating package script '/home/metinsariaslan/Smart_Trafic_Repo/install/emergency_vehicle_node/share/emergency_vehicle_node/package.ps1'
[2.990s] INFO:colcon.colcon_core.shell:Creating package descriptor '/home/metinsariaslan/Smart_Trafic_Repo/install/emergency_vehicle_node/share/emergency_vehicle_node/package.dsv'
[2.991s] INFO:colcon.colcon_core.shell:Creating package script '/home/metinsariaslan/Smart_Trafic_Repo/install/emergency_vehicle_node/share/emergency_vehicle_node/package.sh'
[2.992s] INFO:colcon.colcon_core.shell:Creating package script '/home/metinsariaslan/Smart_Trafic_Repo/install/emergency_vehicle_node/share/emergency_vehicle_node/package.bash'
[2.993s] INFO:colcon.colcon_core.shell:Creating package script '/home/metinsariaslan/Smart_Trafic_Repo/install/emergency_vehicle_node/share/emergency_vehicle_node/package.zsh'
[2.994s] Level 1:colcon.colcon_core.environment:create_file_with_runtime_dependencies(/home/metinsariaslan/Smart_Trafic_Repo/install/emergency_vehicle_node/share/colcon-core/packages/emergency_vehicle_node)
[3.267s] INFO:colcon.colcon_core.task.python.build:Building Python package in '/home/metinsariaslan/Smart_Trafic_Repo/src/vehicle_node'
[3.267s] INFO:colcon.colcon_core.shell:Skip shell extension 'powershell' for command environment: Not usable outside of PowerShell
[3.267s] DEBUG:colcon.colcon_core.shell:Skip shell extension 'dsv' for command environment
[3.811s] DEBUG:colcon.colcon_core.event_handler.log_command:Invoking command in '/home/metinsariaslan/Smart_Trafic_Repo/src/vehicle_node': AMENT_PREFIX_PATH=/home/metinsariaslan/Smart_Trafic_Repo/install/traffic_common_data:/home/metinsariaslan/Smart_Trafic_Repo/install/vehicle_node:/home/metinsariaslan/Smart_Trafic_Repo/install/traffic_controller:/home/metinsariaslan/Smart_Trafic_Repo/install/pedestrian_node:/home/metinsariaslan/Smart_Trafic_Repo/install/emergency_vehicle_node:/opt/ros/jazzy DEBUGINFOD_URLS=https://debuginfod.ubuntu.com PYTHONPATH=/home/metinsariaslan/Smart_Trafic_Repo/build/vehicle_node/prefix_override:/home/metinsariaslan/.espressif/python_env/idf5.2_py3.12_env/lib/python3.12/site-packages/colcon_core/task/python/colcon_distutils_commands:/home/metinsariaslan/Smart_Trafic_Repo/install/vehicle_node/lib/python3.12/site-packages:/home/metinsariaslan/Smart_Trafic_Repo/install/traffic_common_data/lib/python3.12/site-packages:/home/metinsariaslan/Smart_Trafic_Repo/install/vehicle_node/lib/python3.12/site-packages:/home/metinsariaslan/Smart_Trafic_Repo/install/traffic_controller/lib/python3.12/site-packages:/home/metinsariaslan/Smart_Trafic_Repo/install/pedestrian_node/lib/python3.12/site-packages:/home/metinsariaslan/Smart_Trafic_Repo/install/emergency_vehicle_node/lib/python3.12/site-packages:/opt/ros/jazzy/lib/python3.12/site-packages /home/metinsariaslan/.espressif/python_env/idf5.2_py3.12_env/bin/python -W ignore:setup.py install is deprecated -W ignore:easy_install command is deprecated setup.py egg_info --egg-base ../../build/vehicle_node build --build-base /home/metinsariaslan/Smart_Trafic_Repo/build/vehicle_node/build install --record /home/metinsariaslan/Smart_Trafic_Repo/build/vehicle_node/install.log --single-version-externally-managed install_data
[4.366s] Level 1:colcon.colcon_core.environment:checking '/home/metinsariaslan/Smart_Trafic_Repo/install/vehicle_node' for CMake module files
[4.367s] DEBUG:colcon.colcon_core.event_handler.log_command:Invoked command in '/home/metinsariaslan/Smart_Trafic_Repo/src/vehicle_node' returned '0': AMENT_PREFIX_PATH=/home/metinsariaslan/Smart_Trafic_Repo/install/traffic_common_data:/home/metinsariaslan/Smart_Trafic_Repo/install/vehicle_node:/home/metinsariaslan/Smart_Trafic_Repo/install/traffic_controller:/home/metinsariaslan/Smart_Trafic_Repo/install/pedestrian_node:/home/metinsariaslan/Smart_Trafic_Repo/install/emergency_vehicle_node:/opt/ros/jazzy DEBUGINFOD_URLS=https://debuginfod.ubuntu.com PYTHONPATH=/home/metinsariaslan/Smart_Trafic_Repo/build/vehicle_node/prefix_override:/home/metinsariaslan/.espressif/python_env/idf5.2_py3.12_env/lib/python3.12/site-packages/colcon_core/task/python/colcon_distutils_commands:/home/metinsariaslan/Smart_Trafic_Repo/install/vehicle_node/lib/python3.12/site-packages:/home/metinsariaslan/Smart_Trafic_Repo/install/traffic_common_data/lib/python3.12/site-packages:/home/metinsariaslan/Smart_Trafic_Repo/install/vehicle_node/lib/python3.12/site-packages:/home/metinsariaslan/Smart_Trafic_Repo/install/traffic_controller/lib/python3.12/site-packages:/home/metinsariaslan/Smart_Trafic_Repo/install/pedestrian_node/lib/python3.12/site-packages:/home/metinsariaslan/Smart_Trafic_Repo/install/emergency_vehicle_node/lib/python3.12/site-packages:/opt/ros/jazzy/lib/python3.12/site-packages /home/metinsariaslan/.espressif/python_env/idf5.2_py3.12_env/bin/python -W ignore:setup.py install is deprecated -W ignore:easy_install command is deprecated setup.py egg_info --egg-base ../../build/vehicle_node build --build-base /home/metinsariaslan/Smart_Trafic_Repo/build/vehicle_node/build install --record /home/metinsariaslan/Smart_Trafic_Repo/build/vehicle_node/install.log --single-version-externally-managed install_data
[4.367s] Level 1:colcon.colcon_core.environment:checking '/home/metinsariaslan/Smart_Trafic_Repo/install/vehicle_node' for CMake config files
[4.368s] Level 1:colcon.colcon_core.environment:checking '/home/metinsariaslan/Smart_Trafic_Repo/install/vehicle_node/lib'
[4.368s] Level 1:colcon.colcon_core.environment:checking '/home/metinsariaslan/Smart_Trafic_Repo/install/vehicle_node/bin'
[4.368s] Level 1:colcon.colcon_core.environment:checking '/home/metinsariaslan/Smart_Trafic_Repo/install/vehicle_node/lib/pkgconfig/vehicle_node.pc'
[4.368s] Level 1:colcon.colcon_core.environment:checking '/home/metinsariaslan/Smart_Trafic_Repo/install/vehicle_node/lib/python3.12/site-packages'
[4.368s] Level 1:colcon.colcon_core.shell:create_environment_hook('vehicle_node', 'pythonpath')
[4.368s] INFO:colcon.colcon_core.shell:Creating environment hook '/home/metinsariaslan/Smart_Trafic_Repo/install/vehicle_node/share/vehicle_node/hook/pythonpath.ps1'
[4.369s] INFO:colcon.colcon_core.shell:Creating environment descriptor '/home/metinsariaslan/Smart_Trafic_Repo/install/vehicle_node/share/vehicle_node/hook/pythonpath.dsv'
[4.369s] INFO:colcon.colcon_core.shell:Creating environment hook '/home/metinsariaslan/Smart_Trafic_Repo/install/vehicle_node/share/vehicle_node/hook/pythonpath.sh'
[4.371s] Level 1:colcon.colcon_core.environment:checking '/home/metinsariaslan/Smart_Trafic_Repo/install/vehicle_node/bin'
[4.371s] Level 1:colcon.colcon_core.environment:create_environment_scripts_only(vehicle_node)
[4.371s] INFO:colcon.colcon_core.shell:Creating package script '/home/metinsariaslan/Smart_Trafic_Repo/install/vehicle_node/share/vehicle_node/package.ps1'
[4.372s] INFO:colcon.colcon_core.shell:Creating package descriptor '/home/metinsariaslan/Smart_Trafic_Repo/install/vehicle_node/share/vehicle_node/package.dsv'
[4.372s] INFO:colcon.colcon_core.shell:Creating package script '/home/metinsariaslan/Smart_Trafic_Repo/install/vehicle_node/share/vehicle_node/package.sh'
[4.373s] INFO:colcon.colcon_core.shell:Creating package script '/home/metinsariaslan/Smart_Trafic_Repo/install/vehicle_node/share/vehicle_node/package.bash'
[4.374s] INFO:colcon.colcon_core.shell:Creating package script '/home/metinsariaslan/Smart_Trafic_Repo/install/vehicle_node/share/vehicle_node/package.zsh'
[4.374s] Level 1:colcon.colcon_core.environment:create_file_with_runtime_dependencies(/home/metinsariaslan/Smart_Trafic_Repo/install/vehicle_node/share/colcon-core/packages/vehicle_node)
[4.374s] DEBUG:colcon.colcon_parallel_executor.executor.parallel:closing loop
[4.375s] DEBUG:colcon.colcon_parallel_executor.executor.parallel:loop closed
[4.375s] DEBUG:colcon.colcon_parallel_executor.executor.parallel:run_until_complete finished with '0'
[4.375s] DEBUG:colcon.colcon_core.event_reactor:joining thread
[4.377s] INFO:colcon.colcon_core.plugin_system:Skipping extension 'colcon_notification.desktop_notification.notify2': 'notify2' not found
[4.378s] INFO:colcon.colcon_core.plugin_system:Skipping extension 'colcon_notification.desktop_notification.terminal_notifier': Not used on non-Darwin systems
[4.378s] INFO:colcon.colcon_core.plugin_system:Skipping extension 'colcon_notification.desktop_notification.win32': Not used on non-Windows systems
[4.378s] INFO:colcon.colcon_notification.desktop_notification:Sending desktop notification using 'notify_send'
[4.397s] DEBUG:colcon.colcon_core.event_reactor:joined thread
[4.398s] INFO:colcon.colcon_core.shell:Creating prefix script '/home/metinsariaslan/Smart_Trafic_Repo/install/local_setup.ps1'
[4.399s] INFO:colcon.colcon_core.shell:Creating prefix util module '/home/metinsariaslan/Smart_Trafic_Repo/install/_local_setup_util_ps1.py'
[4.401s] INFO:colcon.colcon_core.shell:Creating prefix chain script '/home/metinsariaslan/Smart_Trafic_Repo/install/setup.ps1'
[4.403s] INFO:colcon.colcon_core.shell:Creating prefix script '/home/metinsariaslan/Smart_Trafic_Repo/install/local_setup.sh'
[4.403s] INFO:colcon.colcon_core.shell:Creating prefix util module '/home/metinsariaslan/Smart_Trafic_Repo/install/_local_setup_util_sh.py'
[4.405s] INFO:colcon.colcon_core.shell:Creating prefix chain script '/home/metinsariaslan/Smart_Trafic_Repo/install/setup.sh'
[4.406s] INFO:colcon.colcon_core.shell:Creating prefix script '/home/metinsariaslan/Smart_Trafic_Repo/install/local_setup.bash'
[4.407s] INFO:colcon.colcon_core.shell:Creating prefix chain script '/home/metinsariaslan/Smart_Trafic_Repo/install/setup.bash'
[4.408s] INFO:colcon.colcon_core.shell:Creating prefix script '/home/metinsariaslan/Smart_Trafic_Repo/install/local_setup.zsh'
[4.408s] INFO:colcon.colcon_core.shell:Creating prefix chain script '/home/metinsariaslan/Smart_Trafic_Repo/install/setup.zsh'
