[2.976s] Invoking command in '/home/metinsariaslan/Smart_Trafic_Repo/src/emergency_vehicle_node': DEBUGINFOD_URLS=https://debuginfod.ubuntu.com PYTHONPATH=/home/metinsariaslan/Smart_Trafic_Repo/build/emergency_vehicle_node/prefix_override:/usr/lib/python3/dist-packages/colcon_core/task/python/colcon_distutils_commands:/home/metinsariaslan/Smart_Trafic_Repo/install/emergency_vehicle_node/lib/python3.12/site-packages:${PYTHONPATH} /usr/bin/python3 -W ignore:setup.py install is deprecated -W ignore:easy_install command is deprecated setup.py egg_info --egg-base ../../build/emergency_vehicle_node build --build-base /home/metinsariaslan/Smart_Trafic_Repo/build/emergency_vehicle_node/build install --record /home/metinsariaslan/Smart_Trafic_Repo/build/emergency_vehicle_node/install.log --single-version-externally-managed install_data
[3.634s] running egg_info
[3.634s] creating ../../build/emergency_vehicle_node/emergency_vehicle_node.egg-info
[3.699s] writing ../../build/emergency_vehicle_node/emergency_vehicle_node.egg-info/PKG-INFO
[3.699s] writing dependency_links to ../../build/emergency_vehicle_node/emergency_vehicle_node.egg-info/dependency_links.txt
[3.700s] writing requirements to ../../build/emergency_vehicle_node/emergency_vehicle_node.egg-info/requires.txt
[3.700s] writing top-level names to ../../build/emergency_vehicle_node/emergency_vehicle_node.egg-info/top_level.txt
[3.700s] writing manifest file '../../build/emergency_vehicle_node/emergency_vehicle_node.egg-info/SOURCES.txt'
[3.800s] reading manifest file '../../build/emergency_vehicle_node/emergency_vehicle_node.egg-info/SOURCES.txt'
[3.801s] writing manifest file '../../build/emergency_vehicle_node/emergency_vehicle_node.egg-info/SOURCES.txt'
[3.801s] running build
[3.802s] running build_py
[3.802s] creating /home/metinsariaslan/Smart_Trafic_Repo/build/emergency_vehicle_node/build
[3.802s] creating /home/metinsariaslan/Smart_Trafic_Repo/build/emergency_vehicle_node/build/lib
[3.802s] creating /home/metinsariaslan/Smart_Trafic_Repo/build/emergency_vehicle_node/build/lib/emergency_vehicle_node
[3.802s] copying emergency_vehicle_node/__init__.py -> /home/metinsariaslan/Smart_Trafic_Repo/build/emergency_vehicle_node/build/lib/emergency_vehicle_node
[3.803s] running install
[3.812s] running install_lib
[3.872s] creating /home/metinsariaslan/Smart_Trafic_Repo/install/emergency_vehicle_node/lib/python3.12/site-packages/emergency_vehicle_node
[3.872s] copying /home/metinsariaslan/Smart_Trafic_Repo/build/emergency_vehicle_node/build/lib/emergency_vehicle_node/__init__.py -> /home/metinsariaslan/Smart_Trafic_Repo/install/emergency_vehicle_node/lib/python3.12/site-packages/emergency_vehicle_node
[3.873s] byte-compiling /home/metinsariaslan/Smart_Trafic_Repo/install/emergency_vehicle_node/lib/python3.12/site-packages/emergency_vehicle_node/__init__.py to __init__.cpython-312.pyc
[3.874s] running install_data
[3.875s] creating /home/metinsariaslan/Smart_Trafic_Repo/install/emergency_vehicle_node/share/ament_index
[3.875s] creating /home/metinsariaslan/Smart_Trafic_Repo/install/emergency_vehicle_node/share/ament_index/resource_index
[3.875s] creating /home/metinsariaslan/Smart_Trafic_Repo/install/emergency_vehicle_node/share/ament_index/resource_index/packages
[3.875s] copying resource/emergency_vehicle_node -> /home/metinsariaslan/Smart_Trafic_Repo/install/emergency_vehicle_node/share/ament_index/resource_index/packages
[3.875s] copying package.xml -> /home/metinsariaslan/Smart_Trafic_Repo/install/emergency_vehicle_node/share/emergency_vehicle_node
[3.876s] running install_egg_info
[3.927s] Copying ../../build/emergency_vehicle_node/emergency_vehicle_node.egg-info to /home/metinsariaslan/Smart_Trafic_Repo/install/emergency_vehicle_node/lib/python3.12/site-packages/emergency_vehicle_node-0.0.0-py3.12.egg-info
[3.928s] running install_scripts
[4.231s] writing list of installed files to '/home/metinsariaslan/Smart_Trafic_Repo/build/emergency_vehicle_node/install.log'
[4.310s] Invoked command in '/home/metinsariaslan/Smart_Trafic_Repo/src/emergency_vehicle_node' returned '0': DEBUGINFOD_URLS=https://debuginfod.ubuntu.com PYTHONPATH=/home/metinsariaslan/Smart_Trafic_Repo/build/emergency_vehicle_node/prefix_override:/usr/lib/python3/dist-packages/colcon_core/task/python/colcon_distutils_commands:/home/metinsariaslan/Smart_Trafic_Repo/install/emergency_vehicle_node/lib/python3.12/site-packages:${PYTHONPATH} /usr/bin/python3 -W ignore:setup.py install is deprecated -W ignore:easy_install command is deprecated setup.py egg_info --egg-base ../../build/emergency_vehicle_node build --build-base /home/metinsariaslan/Smart_Trafic_Repo/build/emergency_vehicle_node/build install --record /home/metinsariaslan/Smart_Trafic_Repo/build/emergency_vehicle_node/install.log --single-version-externally-managed install_data
