[2.499s] Invoking command in '/home/metinsariaslan/Smart_Trafic_Repo/src/traffic_common_data': DEBUGINFOD_URLS=https://debuginfod.ubuntu.com PYTHONPATH=/home/metinsariaslan/Smart_Trafic_Repo/build/traffic_common_data/prefix_override:/home/metinsariaslan/.espressif/python_env/idf5.2_py3.12_env/lib/python3.12/site-packages/colcon_core/task/python/colcon_distutils_commands:/home/metinsariaslan/Smart_Trafic_Repo/install/traffic_common_data/lib/python3.12/site-packages:${PYTHONPATH} /home/metinsariaslan/.espressif/python_env/idf5.2_py3.12_env/bin/python -W ignore:setup.py install is deprecated -W ignore:easy_install command is deprecated setup.py egg_info --egg-base ../../build/traffic_common_data build --build-base /home/metinsariaslan/Smart_Trafic_Repo/build/traffic_common_data/build install --record /home/metinsariaslan/Smart_Trafic_Repo/build/traffic_common_data/install.log --single-version-externally-managed install_data
[3.167s] running egg_info
[3.197s] writing ../../build/traffic_common_data/traffic_common_data.egg-info/PKG-INFO
[3.197s] writing dependency_links to ../../build/traffic_common_data/traffic_common_data.egg-info/dependency_links.txt
[3.198s] writing requirements to ../../build/traffic_common_data/traffic_common_data.egg-info/requires.txt
[3.198s] writing top-level names to ../../build/traffic_common_data/traffic_common_data.egg-info/top_level.txt
[3.281s] reading manifest file '../../build/traffic_common_data/traffic_common_data.egg-info/SOURCES.txt'
[3.283s] writing manifest file '../../build/traffic_common_data/traffic_common_data.egg-info/SOURCES.txt'
[3.284s] running build
[3.284s] running build_py
[3.284s] copying traffic_common_data/__init__.py -> /home/metinsariaslan/Smart_Trafic_Repo/build/traffic_common_data/build/lib/traffic_common_data
[3.285s] copying traffic_common_data/Data_Struct_Topics.py -> /home/metinsariaslan/Smart_Trafic_Repo/build/traffic_common_data/build/lib/traffic_common_data
[3.285s] running install
[3.299s] running install_lib
[3.340s] running install_data
[3.342s] copying resource/traffic_common_data -> /home/metinsariaslan/Smart_Trafic_Repo/install/traffic_common_data/share/ament_index/resource_index/packages
[3.342s] copying package.xml -> /home/metinsariaslan/Smart_Trafic_Repo/install/traffic_common_data/share/traffic_common_data
[3.344s] running install_egg_info
[3.384s] removing '/home/metinsariaslan/Smart_Trafic_Repo/install/traffic_common_data/lib/python3.12/site-packages/traffic_common_data-0.0.0-py3.12.egg-info' (and everything under it)
[3.385s] Copying ../../build/traffic_common_data/traffic_common_data.egg-info to /home/metinsariaslan/Smart_Trafic_Repo/install/traffic_common_data/lib/python3.12/site-packages/traffic_common_data-0.0.0-py3.12.egg-info
[3.387s] running install_scripts
[3.612s] writing list of installed files to '/home/metinsariaslan/Smart_Trafic_Repo/build/traffic_common_data/install.log'
[3.692s] Invoked command in '/home/metinsariaslan/Smart_Trafic_Repo/src/traffic_common_data' returned '0': DEBUGINFOD_URLS=https://debuginfod.ubuntu.com PYTHONPATH=/home/metinsariaslan/Smart_Trafic_Repo/build/traffic_common_data/prefix_override:/home/metinsariaslan/.espressif/python_env/idf5.2_py3.12_env/lib/python3.12/site-packages/colcon_core/task/python/colcon_distutils_commands:/home/metinsariaslan/Smart_Trafic_Repo/install/traffic_common_data/lib/python3.12/site-packages:${PYTHONPATH} /home/metinsariaslan/.espressif/python_env/idf5.2_py3.12_env/bin/python -W ignore:setup.py install is deprecated -W ignore:easy_install command is deprecated setup.py egg_info --egg-base ../../build/traffic_common_data build --build-base /home/metinsariaslan/Smart_Trafic_Repo/build/traffic_common_data/build install --record /home/metinsariaslan/Smart_Trafic_Repo/build/traffic_common_data/install.log --single-version-externally-managed install_data
