[0.106s] DEBUG:colcon:Command line arguments: ['/usr/bin/colcon', 'build']
[0.106s] DEBUG:colcon:Parsed command line arguments: Namespace(log_base=None, log_level=None, verb_name='build', build_base='build', install_base='install', merge_install=False, symlink_install=False, test_result_base=None, continue_on_error=False, executor='parallel', parallel_workers=8, event_handlers=None, ignore_user_meta=False, metas=['./colcon.meta'], base_paths=['.'], packages_ignore=None, packages_ignore_regex=None, paths=None, packages_up_to=None, packages_up_to_regex=None, packages_above=None, packages_above_and_dependencies=None, packages_above_depth=None, packages_select_by_dep=None, packages_skip_by_dep=None, packages_skip_up_to=None, packages_select_build_failed=False, packages_skip_build_finished=False, packages_select_test_failures=False, packages_skip_test_passed=False, packages_select=None, packages_skip=None, packages_select_regex=None, packages_skip_regex=None, packages_start=None, packages_end=None, allow_overriding=[], cmake_args=None, cmake_target=None, cmake_target_skip_unavailable=False, cmake_clean_cache=False, cmake_clean_first=False, cmake_force_configure=False, ament_cmake_args=None, catkin_cmake_args=None, catkin_skip_building_tests=False, verb_parser=<colcon_defaults.argument_parser.defaults.DefaultArgumentsDecorator object at 0x79e0929889b0>, verb_extension=<colcon_core.verb.build.BuildVerb object at 0x79e093433ad0>, main=<bound method BuildVerb.main of <colcon_core.verb.build.BuildVerb object at 0x79e093433ad0>>)
[0.148s] Level 1:colcon.colcon_core.package_discovery:discover_packages(colcon_meta) check parameters
[0.148s] Level 1:colcon.colcon_core.package_discovery:discover_packages(recursive) check parameters
[0.148s] Level 1:colcon.colcon_core.package_discovery:discover_packages(ignore) check parameters
[0.148s] Level 1:colcon.colcon_core.package_discovery:discover_packages(path) check parameters
[0.148s] Level 1:colcon.colcon_core.package_discovery:discover_packages(colcon_meta) discover
[0.148s] Level 1:colcon.colcon_core.package_discovery:discover_packages(recursive) discover
[0.148s] INFO:colcon.colcon_core.package_discovery:Crawling recursively for packages in '/home/metinsariaslan/Smart_Trafic_Repo/src/traffic_controller'
[0.148s] Level 1:colcon.colcon_core.package_identification:_identify(.) by extensions ['ignore', 'ignore_ament_install']
[0.149s] Level 1:colcon.colcon_core.package_identification:_identify(.) by extension 'ignore'
[0.149s] Level 1:colcon.colcon_core.package_identification:_identify(.) by extension 'ignore_ament_install'
[0.149s] Level 1:colcon.colcon_core.package_identification:_identify(.) by extensions ['colcon_pkg']
[0.149s] Level 1:colcon.colcon_core.package_identification:_identify(.) by extension 'colcon_pkg'
[0.149s] Level 1:colcon.colcon_core.package_identification:_identify(.) by extensions ['colcon_meta']
[0.149s] Level 1:colcon.colcon_core.package_identification:_identify(.) by extension 'colcon_meta'
[0.149s] Level 1:colcon.colcon_core.package_identification:_identify(.) by extensions ['ros']
[0.149s] Level 1:colcon.colcon_core.package_identification:_identify(.) by extension 'ros'
[0.182s] DEBUG:colcon.colcon_core.package_identification:Package '.' with type 'ros.ament_python' and name 'traffic_controller'
[0.182s] Level 1:colcon.colcon_core.package_discovery:discover_packages(recursive) using defaults
[0.182s] Level 1:colcon.colcon_core.package_discovery:discover_packages(ignore) discover
[0.183s] Level 1:colcon.colcon_core.package_discovery:discover_packages(ignore) using defaults
[0.183s] Level 1:colcon.colcon_core.package_discovery:discover_packages(path) discover
[0.183s] Level 1:colcon.colcon_core.package_discovery:discover_packages(path) using defaults
[0.199s] Level 1:colcon.colcon_core.package_discovery:discover_packages(prefix_path) check parameters
[0.200s] Level 1:colcon.colcon_core.package_discovery:discover_packages(prefix_path) discover
[0.201s] DEBUG:colcon.colcon_installed_package_information.package_discovery:Found 4 installed packages in /home/metinsariaslan/Smart_Trafic_Repo/install
[0.203s] DEBUG:colcon.colcon_installed_package_information.package_discovery:Found 287 installed packages in /opt/ros/jazzy
[0.203s] Level 1:colcon.colcon_core.package_discovery:discover_packages(prefix_path) using defaults
[0.245s] Level 5:colcon.colcon_core.verb:set package 'traffic_controller' build argument 'cmake_args' from command line to 'None'
[0.245s] Level 5:colcon.colcon_core.verb:set package 'traffic_controller' build argument 'cmake_target' from command line to 'None'
[0.245s] Level 5:colcon.colcon_core.verb:set package 'traffic_controller' build argument 'cmake_target_skip_unavailable' from command line to 'False'
[0.245s] Level 5:colcon.colcon_core.verb:set package 'traffic_controller' build argument 'cmake_clean_cache' from command line to 'False'
[0.245s] Level 5:colcon.colcon_core.verb:set package 'traffic_controller' build argument 'cmake_clean_first' from command line to 'False'
[0.245s] Level 5:colcon.colcon_core.verb:set package 'traffic_controller' build argument 'cmake_force_configure' from command line to 'False'
[0.245s] Level 5:colcon.colcon_core.verb:set package 'traffic_controller' build argument 'ament_cmake_args' from command line to 'None'
[0.245s] Level 5:colcon.colcon_core.verb:set package 'traffic_controller' build argument 'catkin_cmake_args' from command line to 'None'
[0.245s] Level 5:colcon.colcon_core.verb:set package 'traffic_controller' build argument 'catkin_skip_building_tests' from command line to 'False'
[0.245s] DEBUG:colcon.colcon_core.verb:Building package 'traffic_controller' with the following arguments: {'ament_cmake_args': None, 'build_base': '/home/metinsariaslan/Smart_Trafic_Repo/src/traffic_controller/build/traffic_controller', 'catkin_cmake_args': None, 'catkin_skip_building_tests': False, 'cmake_args': None, 'cmake_clean_cache': False, 'cmake_clean_first': False, 'cmake_force_configure': False, 'cmake_target': None, 'cmake_target_skip_unavailable': False, 'install_base': '/home/metinsariaslan/Smart_Trafic_Repo/src/traffic_controller/install/traffic_controller', 'merge_install': False, 'path': '/home/metinsariaslan/Smart_Trafic_Repo/src/traffic_controller', 'symlink_install': False, 'test_result_base': None}
[0.245s] INFO:colcon.colcon_core.executor:Executing jobs using 'parallel' executor
[0.246s] DEBUG:colcon.colcon_parallel_executor.executor.parallel:run_until_complete
[0.246s] INFO:colcon.colcon_ros.task.ament_python.build:Building ROS package in '/home/metinsariaslan/Smart_Trafic_Repo/src/traffic_controller' with build type 'ament_python'
[0.246s] Level 1:colcon.colcon_core.shell:create_environment_hook('traffic_controller', 'ament_prefix_path')
[0.248s] INFO:colcon.colcon_core.plugin_system:Skipping extension 'colcon_core.shell.bat': Not used on non-Windows systems
[0.248s] INFO:colcon.colcon_core.shell:Creating environment hook '/home/metinsariaslan/Smart_Trafic_Repo/src/traffic_controller/install/traffic_controller/share/traffic_controller/hook/ament_prefix_path.ps1'
[0.249s] INFO:colcon.colcon_core.shell:Creating environment descriptor '/home/metinsariaslan/Smart_Trafic_Repo/src/traffic_controller/install/traffic_controller/share/traffic_controller/hook/ament_prefix_path.dsv'
[0.249s] INFO:colcon.colcon_core.shell:Creating environment hook '/home/metinsariaslan/Smart_Trafic_Repo/src/traffic_controller/install/traffic_controller/share/traffic_controller/hook/ament_prefix_path.sh'
[0.249s] INFO:colcon.colcon_core.shell:Skip shell extension 'powershell' for command environment: Not usable outside of PowerShell
[0.250s] DEBUG:colcon.colcon_core.shell:Skip shell extension 'dsv' for command environment
[0.450s] INFO:colcon.colcon_core.task.python.build:Building Python package in '/home/metinsariaslan/Smart_Trafic_Repo/src/traffic_controller'
[0.450s] INFO:colcon.colcon_core.shell:Skip shell extension 'powershell' for command environment: Not usable outside of PowerShell
[0.451s] DEBUG:colcon.colcon_core.shell:Skip shell extension 'dsv' for command environment
[1.059s] DEBUG:colcon.colcon_core.event_handler.log_command:Invoking command in '/home/metinsariaslan/Smart_Trafic_Repo/src/traffic_controller': DEBUGINFOD_URLS=https://debuginfod.ubuntu.com PYTHONPATH=/home/metinsariaslan/Smart_Trafic_Repo/src/traffic_controller/build/traffic_controller/prefix_override:/usr/lib/python3/dist-packages/colcon_core/task/python/colcon_distutils_commands:/home/metinsariaslan/Smart_Trafic_Repo/src/traffic_controller/install/traffic_controller/lib/python3.12/site-packages:${PYTHONPATH} /usr/bin/python3 -W ignore:setup.py install is deprecated -W ignore:easy_install command is deprecated setup.py egg_info --egg-base build/traffic_controller build --build-base /home/metinsariaslan/Smart_Trafic_Repo/src/traffic_controller/build/traffic_controller/build install --record /home/metinsariaslan/Smart_Trafic_Repo/src/traffic_controller/build/traffic_controller/install.log --single-version-externally-managed install_data
[1.594s] DEBUG:colcon.colcon_core.event_handler.log_command:Invoked command in '/home/metinsariaslan/Smart_Trafic_Repo/src/traffic_controller' returned '0': DEBUGINFOD_URLS=https://debuginfod.ubuntu.com PYTHONPATH=/home/metinsariaslan/Smart_Trafic_Repo/src/traffic_controller/build/traffic_controller/prefix_override:/usr/lib/python3/dist-packages/colcon_core/task/python/colcon_distutils_commands:/home/metinsariaslan/Smart_Trafic_Repo/src/traffic_controller/install/traffic_controller/lib/python3.12/site-packages:${PYTHONPATH} /usr/bin/python3 -W ignore:setup.py install is deprecated -W ignore:easy_install command is deprecated setup.py egg_info --egg-base build/traffic_controller build --build-base /home/metinsariaslan/Smart_Trafic_Repo/src/traffic_controller/build/traffic_controller/build install --record /home/metinsariaslan/Smart_Trafic_Repo/src/traffic_controller/build/traffic_controller/install.log --single-version-externally-managed install_data
[1.596s] Level 1:colcon.colcon_core.environment:checking '/home/metinsariaslan/Smart_Trafic_Repo/src/traffic_controller/install/traffic_controller' for CMake module files
[1.596s] Level 1:colcon.colcon_core.environment:checking '/home/metinsariaslan/Smart_Trafic_Repo/src/traffic_controller/install/traffic_controller' for CMake config files
[1.597s] Level 1:colcon.colcon_core.environment:checking '/home/metinsariaslan/Smart_Trafic_Repo/src/traffic_controller/install/traffic_controller/lib'
[1.597s] Level 1:colcon.colcon_core.environment:checking '/home/metinsariaslan/Smart_Trafic_Repo/src/traffic_controller/install/traffic_controller/bin'
[1.597s] Level 1:colcon.colcon_core.environment:checking '/home/metinsariaslan/Smart_Trafic_Repo/src/traffic_controller/install/traffic_controller/lib/pkgconfig/traffic_controller.pc'
[1.597s] Level 1:colcon.colcon_core.environment:checking '/home/metinsariaslan/Smart_Trafic_Repo/src/traffic_controller/install/traffic_controller/lib/python3.12/site-packages'
[1.597s] Level 1:colcon.colcon_core.shell:create_environment_hook('traffic_controller', 'pythonpath')
[1.597s] INFO:colcon.colcon_core.shell:Creating environment hook '/home/metinsariaslan/Smart_Trafic_Repo/src/traffic_controller/install/traffic_controller/share/traffic_controller/hook/pythonpath.ps1'
[1.598s] INFO:colcon.colcon_core.shell:Creating environment descriptor '/home/metinsariaslan/Smart_Trafic_Repo/src/traffic_controller/install/traffic_controller/share/traffic_controller/hook/pythonpath.dsv'
[1.598s] INFO:colcon.colcon_core.shell:Creating environment hook '/home/metinsariaslan/Smart_Trafic_Repo/src/traffic_controller/install/traffic_controller/share/traffic_controller/hook/pythonpath.sh'
[1.598s] Level 1:colcon.colcon_core.environment:checking '/home/metinsariaslan/Smart_Trafic_Repo/src/traffic_controller/install/traffic_controller/bin'
[1.598s] Level 1:colcon.colcon_core.environment:create_environment_scripts_only(traffic_controller)
[1.599s] INFO:colcon.colcon_core.shell:Creating package script '/home/metinsariaslan/Smart_Trafic_Repo/src/traffic_controller/install/traffic_controller/share/traffic_controller/package.ps1'
[1.599s] INFO:colcon.colcon_core.shell:Creating package descriptor '/home/metinsariaslan/Smart_Trafic_Repo/src/traffic_controller/install/traffic_controller/share/traffic_controller/package.dsv'
[1.600s] INFO:colcon.colcon_core.shell:Creating package script '/home/metinsariaslan/Smart_Trafic_Repo/src/traffic_controller/install/traffic_controller/share/traffic_controller/package.sh'
[1.601s] INFO:colcon.colcon_core.shell:Creating package script '/home/metinsariaslan/Smart_Trafic_Repo/src/traffic_controller/install/traffic_controller/share/traffic_controller/package.bash'
[1.601s] INFO:colcon.colcon_core.shell:Creating package script '/home/metinsariaslan/Smart_Trafic_Repo/src/traffic_controller/install/traffic_controller/share/traffic_controller/package.zsh'
[1.601s] Level 1:colcon.colcon_core.environment:create_file_with_runtime_dependencies(/home/metinsariaslan/Smart_Trafic_Repo/src/traffic_controller/install/traffic_controller/share/colcon-core/packages/traffic_controller)
[1.602s] DEBUG:colcon.colcon_parallel_executor.executor.parallel:closing loop
[1.602s] DEBUG:colcon.colcon_parallel_executor.executor.parallel:loop closed
[1.602s] DEBUG:colcon.colcon_parallel_executor.executor.parallel:run_until_complete finished with '0'
[1.602s] DEBUG:colcon.colcon_core.event_reactor:joining thread
[1.606s] INFO:colcon.colcon_core.plugin_system:Skipping extension 'colcon_notification.desktop_notification.terminal_notifier': Not used on non-Darwin systems
[1.606s] INFO:colcon.colcon_core.plugin_system:Skipping extension 'colcon_notification.desktop_notification.win32': Not used on non-Windows systems
[1.606s] INFO:colcon.colcon_notification.desktop_notification:Sending desktop notification using 'notify2'
[1.617s] DEBUG:colcon.colcon_core.event_reactor:joined thread
[1.618s] INFO:colcon.colcon_core.shell:Creating prefix script '/home/metinsariaslan/Smart_Trafic_Repo/src/traffic_controller/install/local_setup.ps1'
[1.619s] INFO:colcon.colcon_core.shell:Creating prefix util module '/home/metinsariaslan/Smart_Trafic_Repo/src/traffic_controller/install/_local_setup_util_ps1.py'
[1.621s] INFO:colcon.colcon_core.shell:Creating prefix chain script '/home/metinsariaslan/Smart_Trafic_Repo/src/traffic_controller/install/setup.ps1'
[1.623s] INFO:colcon.colcon_core.shell:Creating prefix script '/home/metinsariaslan/Smart_Trafic_Repo/src/traffic_controller/install/local_setup.sh'
[1.624s] INFO:colcon.colcon_core.shell:Creating prefix util module '/home/metinsariaslan/Smart_Trafic_Repo/src/traffic_controller/install/_local_setup_util_sh.py'
[1.625s] INFO:colcon.colcon_core.shell:Creating prefix chain script '/home/metinsariaslan/Smart_Trafic_Repo/src/traffic_controller/install/setup.sh'
[1.627s] INFO:colcon.colcon_core.shell:Creating prefix script '/home/metinsariaslan/Smart_Trafic_Repo/src/traffic_controller/install/local_setup.bash'
[1.629s] INFO:colcon.colcon_core.shell:Creating prefix chain script '/home/metinsariaslan/Smart_Trafic_Repo/src/traffic_controller/install/setup.bash'
[1.630s] INFO:colcon.colcon_core.shell:Creating prefix script '/home/metinsariaslan/Smart_Trafic_Repo/src/traffic_controller/install/local_setup.zsh'
[1.631s] INFO:colcon.colcon_core.shell:Creating prefix chain script '/home/metinsariaslan/Smart_Trafic_Repo/src/traffic_controller/install/setup.zsh'
