running egg_info
writing ../../build/pedestrian_node/pedestrian_node.egg-info/PKG-INFO
writing dependency_links to ../../build/pedestrian_node/pedestrian_node.egg-info/dependency_links.txt
writing requirements to ../../build/pedestrian_node/pedestrian_node.egg-info/requires.txt
writing top-level names to ../../build/pedestrian_node/pedestrian_node.egg-info/top_level.txt
reading manifest file '../../build/pedestrian_node/pedestrian_node.egg-info/SOURCES.txt'
writing manifest file '../../build/pedestrian_node/pedestrian_node.egg-info/SOURCES.txt'
running build
running build_py
copying pedestrian_node/__init__.py -> /home/metinsariaslan/Smart_Trafic_Repo/build/pedestrian_node/build/lib/pedestrian_node
running install
running install_lib
running install_data
copying resource/pedestrian_node -> /home/metinsariaslan/Smart_Trafic_Repo/install/pedestrian_node/share/ament_index/resource_index/packages
copying package.xml -> /home/metinsariaslan/Smart_Trafic_Repo/install/pedestrian_node/share/pedestrian_node
running install_egg_info
removing '/home/metinsariaslan/Smart_Trafic_Repo/install/pedestrian_node/lib/python3.12/site-packages/pedestrian_node-0.0.0-py3.12.egg-info' (and everything under it)
Copying ../../build/pedestrian_node/pedestrian_node.egg-info to /home/metinsariaslan/Smart_Trafic_Repo/install/pedestrian_node/lib/python3.12/site-packages/pedestrian_node-0.0.0-py3.12.egg-info
running install_scripts
writing list of installed files to '/home/metinsariaslan/Smart_Trafic_Repo/build/pedestrian_node/install.log'
