[1.916s] Invoking command in '/home/metinsariaslan/Smart_Trafic_Repo/src/emergency_vehicle_node': DEBUGINFOD_URLS=https://debuginfod.ubuntu.com PYTHONPATH=/home/metinsariaslan/Smart_Trafic_Repo/build/emergency_vehicle_node/prefix_override:/home/metinsariaslan/.espressif/python_env/idf5.2_py3.12_env/lib/python3.12/site-packages/colcon_core/task/python/colcon_distutils_commands:/home/metinsariaslan/Smart_Trafic_Repo/install/emergency_vehicle_node/lib/python3.12/site-packages:${PYTHONPATH} /home/metinsariaslan/.espressif/python_env/idf5.2_py3.12_env/bin/python -W ignore:setup.py install is deprecated -W ignore:easy_install command is deprecated setup.py egg_info --egg-base ../../build/emergency_vehicle_node build --build-base /home/metinsariaslan/Smart_Trafic_Repo/build/emergency_vehicle_node/build install --record /home/metinsariaslan/Smart_Trafic_Repo/build/emergency_vehicle_node/install.log --single-version-externally-managed install_data
[2.380s] running egg_info
[2.412s] writing ../../build/emergency_vehicle_node/emergency_vehicle_node.egg-info/PKG-INFO
[2.413s] writing dependency_links to ../../build/emergency_vehicle_node/emergency_vehicle_node.egg-info/dependency_links.txt
[2.414s] writing requirements to ../../build/emergency_vehicle_node/emergency_vehicle_node.egg-info/requires.txt
[2.414s] writing top-level names to ../../build/emergency_vehicle_node/emergency_vehicle_node.egg-info/top_level.txt
[2.475s] reading manifest file '../../build/emergency_vehicle_node/emergency_vehicle_node.egg-info/SOURCES.txt'
[2.478s] writing manifest file '../../build/emergency_vehicle_node/emergency_vehicle_node.egg-info/SOURCES.txt'
[2.478s] running build
[2.478s] running build_py
[2.479s] copying emergency_vehicle_node/__init__.py -> /home/metinsariaslan/Smart_Trafic_Repo/build/emergency_vehicle_node/build/lib/emergency_vehicle_node
[2.479s] running install
[2.487s] running install_lib
[2.522s] running install_data
[2.522s] copying resource/emergency_vehicle_node -> /home/metinsariaslan/Smart_Trafic_Repo/install/emergency_vehicle_node/share/ament_index/resource_index/packages
[2.523s] copying package.xml -> /home/metinsariaslan/Smart_Trafic_Repo/install/emergency_vehicle_node/share/emergency_vehicle_node
[2.523s] running install_egg_info
[2.551s] removing '/home/metinsariaslan/Smart_Trafic_Repo/install/emergency_vehicle_node/lib/python3.12/site-packages/emergency_vehicle_node-0.0.0-py3.12.egg-info' (and everything under it)
[2.552s] Copying ../../build/emergency_vehicle_node/emergency_vehicle_node.egg-info to /home/metinsariaslan/Smart_Trafic_Repo/install/emergency_vehicle_node/lib/python3.12/site-packages/emergency_vehicle_node-0.0.0-py3.12.egg-info
[2.555s] running install_scripts
[2.701s] writing list of installed files to '/home/metinsariaslan/Smart_Trafic_Repo/build/emergency_vehicle_node/install.log'
[2.809s] Invoked command in '/home/metinsariaslan/Smart_Trafic_Repo/src/emergency_vehicle_node' returned '0': DEBUGINFOD_URLS=https://debuginfod.ubuntu.com PYTHONPATH=/home/metinsariaslan/Smart_Trafic_Repo/build/emergency_vehicle_node/prefix_override:/home/metinsariaslan/.espressif/python_env/idf5.2_py3.12_env/lib/python3.12/site-packages/colcon_core/task/python/colcon_distutils_commands:/home/metinsariaslan/Smart_Trafic_Repo/install/emergency_vehicle_node/lib/python3.12/site-packages:${PYTHONPATH} /home/metinsariaslan/.espressif/python_env/idf5.2_py3.12_env/bin/python -W ignore:setup.py install is deprecated -W ignore:easy_install command is deprecated setup.py egg_info --egg-base ../../build/emergency_vehicle_node build --build-base /home/metinsariaslan/Smart_Trafic_Repo/build/emergency_vehicle_node/build install --record /home/metinsariaslan/Smart_Trafic_Repo/build/emergency_vehicle_node/install.log --single-version-externally-managed install_data
