[0.000000] (-) TimerEvent: {}
[0.000305] (traffic_controller) JobQueued: {'identifier': 'traffic_controller', 'dependencies': OrderedDict()}
[0.000424] (traffic_controller) JobStarted: {'identifier': 'traffic_controller'}
[0.099850] (-) TimerEvent: {}
[0.200095] (-) TimerEvent: {}
[0.300310] (-) TimerEvent: {}
[0.400504] (-) TimerEvent: {}
[0.500719] (-) TimerEvent: {}
[0.600911] (-) TimerEvent: {}
[0.701118] (-) TimerEvent: {}
[0.801388] (-) TimerEvent: {}
[0.844407] (traffic_controller) Command: {'cmd': ['/usr/bin/python3', '-W', 'ignore:setup.py install is deprecated', '-W', 'ignore:easy_install command is deprecated', 'setup.py', 'egg_info', '--egg-base', 'build/traffic_controller', 'build', '--build-base', '/home/metinsariaslan/Smart_Trafic_Repo/src/traffic_controller/build/traffic_controller/build', 'install', '--record', '/home/metinsariaslan/Smart_Trafic_Repo/src/traffic_controller/build/traffic_controller/install.log', '--single-version-externally-managed', 'install_data'], 'cwd': '/home/metinsariaslan/Smart_Trafic_Repo/src/traffic_controller', 'env': {'GJS_DEBUG_TOPICS': 'JS ERROR;JS LOG', 'PYTHON_BASIC_REPL': '1', 'USER': 'metinsariaslan', 'LC_TIME': 'tr_TR.UTF-8', 'XDG_SESSION_TYPE': 'x11', 'GIT_ASKPASS': '/usr/share/code/resources/app/extensions/git/dist/askpass.sh', 'CLUTTER_DISABLE_MIPMAPPED_TEXT': '1', 'SHLVL': '1', 'LD_LIBRARY_PATH': '/opt/ros/jazzy/opt/rviz_ogre_vendor/lib:/opt/ros/jazzy/lib/x86_64-linux-gnu:/opt/ros/jazzy/opt/gz_math_vendor/lib:/opt/ros/jazzy/opt/gz_utils_vendor/lib:/opt/ros/jazzy/opt/gz_cmake_vendor/lib:/opt/ros/jazzy/lib', 'HOME': '/home/metinsariaslan', 'CHROME_DESKTOP': 'code.desktop', 'OLDPWD': '/home/metinsariaslan/Smart_Trafic_Repo/src', 'TERM_PROGRAM_VERSION': '1.115.0', 'DESKTOP_SESSION': 'ubuntu', 'GIO_LAUNCHED_DESKTOP_FILE': '/usr/share/applications/code.desktop', 'ROS_PYTHON_VERSION': '3', 'GNOME_SHELL_SESSION_MODE': 'ubuntu', 'GTK_MODULES': 'gail:atk-bridge', 'VSCODE_GIT_ASKPASS_MAIN': '/usr/share/code/resources/app/extensions/git/dist/askpass-main.js', 'LC_MONETARY': 'tr_TR.UTF-8', 'VSCODE_GIT_ASKPASS_NODE': '/usr/share/code/code', 'MANAGERPID': '3554', 'PYDEVD_DISABLE_FILE_VALIDATION': '1', 'SYSTEMD_EXEC_PID': '3993', 'BUNDLED_DEBUGPY_PATH': '/home/metinsariaslan/.vscode/extensions/ms-python.debugpy-2025.18.0-linux-x64/bundled/libs/debugpy', 'VSCODE_PYTHON_AUTOACTIVATE_GUARD': '1', 'GSM_SKIP_SSH_AGENT_WORKAROUND': 'true', 'DBUS_SESSION_BUS_ADDRESS': 'unix:path=/run/user/1000/bus', 'COLORTERM': 'truecolor', 'LIBVIRT_DEFAULT_URI': 'qemu:///system', 'GIO_LAUNCHED_DESKTOP_FILE_PID': '4765', 'DEBUGINFOD_URLS': 'https://debuginfod.ubuntu.com', 'COLCON_PREFIX_PATH': '/home/metinsariaslan/Smart_Trafic_Repo/install', 'ROS_DISTRO': 'jazzy', 'LOGNAME': 'metinsariaslan', 'JOURNAL_STREAM': '8:28759', '_': '/usr/bin/colcon', 'ROS_VERSION': '2', 'MEMORY_PRESSURE_WATCH': '/sys/fs/cgroup/user.slice/user-1000.slice/user@1000.service/session.slice/org.gnome.Shell@x11.service/memory.pressure', 'XDG_SESSION_CLASS': 'user', 'USERNAME': 'metinsariaslan', 'TERM': 'xterm-256color', 'GNOME_DESKTOP_SESSION_ID': 'this-is-deprecated', 'FC_FONTATIONS': '1', 'WINDOWPATH': '2', 'PATH': '/opt/ros/jazzy/bin:/usr/local/sbin:/usr/local/bin:/usr/sbin:/usr/bin:/sbin:/bin:/usr/games:/usr/local/games:/snap/bin:/snap/bin:/home/metinsariaslan/.vscode/extensions/ms-python.debugpy-2025.18.0-linux-x64/bundled/scripts/noConfigScripts', 'SESSION_MANAGER': 'local/metinsariaslan-ABRA-A7-V12-1:@/tmp/.ICE-unix/3961,unix/metinsariaslan-ABRA-A7-V12-1:/tmp/.ICE-unix/3961', 'INVOCATION_ID': 'bc9ac3b02db6405c89245f66191f7ff8', 'XDG_MENU_PREFIX': 'gnome-', 'LC_ADDRESS': 'tr_TR.UTF-8', 'XDG_RUNTIME_DIR': '/run/user/1000', 'GDK_BACKEND': 'x11', 'DISPLAY': ':1', 'VSCODE_DEBUGPY_ADAPTER_ENDPOINTS': '/home/metinsariaslan/.vscode/extensions/ms-python.debugpy-2025.18.0-linux-x64/.noConfigDebugAdapterEndpoints/endpoint-445c9359989e5290.txt', 'LANG': 'en_US.UTF-8', 'XDG_CURRENT_DESKTOP': 'ubuntu:GNOME', 'PYTHONSTARTUP': '/home/metinsariaslan/.config/Code/User/workspaceStorage/ba92f2445191282e5af274e9639cab72/ms-python.python/pythonrc.py', 'LC_TELEPHONE': 'tr_TR.UTF-8', 'XMODIFIERS': '@im=ibus', 'XDG_SESSION_DESKTOP': 'ubuntu', 'XAUTHORITY': '/run/user/1000/gdm/Xauthority', 'VSCODE_GIT_IPC_HANDLE': '/run/user/1000/vscode-git-b233770634.sock', 'TERM_PROGRAM': 'vscode', 'SSH_AUTH_SOCK': '/run/user/1000/keyring/ssh', 'AMENT_PREFIX_PATH': '/home/metinsariaslan/Smart_Trafic_Repo/install/vehicle_node:/home/metinsariaslan/Smart_Trafic_Repo/install/traffic_controller:/home/metinsariaslan/Smart_Trafic_Repo/install/pedestrian_node:/home/metinsariaslan/Smart_Trafic_Repo/install/emergency_vehicle_node:/opt/ros/jazzy', 'SHELL': '/bin/bash', 'LC_NAME': 'tr_TR.UTF-8', 'QT_ACCESSIBILITY': '1', 'GDMSESSION': 'ubuntu', 'LC_MEASUREMENT': 'tr_TR.UTF-8', 'GPG_AGENT_INFO': '/run/user/1000/gnupg/S.gpg-agent:0:1', 'GJS_DEBUG_OUTPUT': 'stderr', 'LC_IDENTIFICATION': 'tr_TR.UTF-8', 'ROS_AUTOMATIC_DISCOVERY_RANGE': 'SUBNET', 'VSCODE_GIT_ASKPASS_EXTRA_ARGS': '', 'QT_IM_MODULE': 'ibus', 'PWD': '/home/metinsariaslan/Smart_Trafic_Repo/src/traffic_controller/build/traffic_controller', 'LC_ALL': 'en_US.UTF-8', 'XDG_CONFIG_DIRS': '/etc/xdg/xdg-ubuntu:/etc/xdg', 'XDG_DATA_DIRS': '/usr/share/ubuntu:/usr/share/gnome:/usr/local/share/:/usr/share/:/var/lib/snapd/desktop', 'PYTHONPATH': '/home/metinsariaslan/Smart_Trafic_Repo/src/traffic_controller/build/traffic_controller/prefix_override:/usr/lib/python3/dist-packages/colcon_core/task/python/colcon_distutils_commands:/home/metinsariaslan/Smart_Trafic_Repo/src/traffic_controller/install/traffic_controller/lib/python3.12/site-packages:/home/metinsariaslan/Smart_Trafic_Repo/install/vehicle_node/lib/python3.12/site-packages:/home/metinsariaslan/Smart_Trafic_Repo/install/traffic_controller/lib/python3.12/site-packages:/home/metinsariaslan/Smart_Trafic_Repo/install/pedestrian_node/lib/python3.12/site-packages:/home/metinsariaslan/Smart_Trafic_Repo/install/emergency_vehicle_node/lib/python3.12/site-packages:/opt/ros/jazzy/lib/python3.12/site-packages', 'LC_NUMERIC': 'tr_TR.UTF-8', 'LC_PAPER': 'tr_TR.UTF-8', 'COLCON': '1', 'MEMORY_PRESSURE_WRITE': 'c29tZSAyMDAwMDAgMjAwMDAwMAA=', 'CMAKE_PREFIX_PATH': '/opt/ros/jazzy/opt/gz_math_vendor:/opt/ros/jazzy/opt/gz_utils_vendor:/opt/ros/jazzy/opt/gz_cmake_vendor'}, 'shell': False}
[0.901452] (-) TimerEvent: {}
[1.001663] (-) TimerEvent: {}
[1.101883] (-) TimerEvent: {}
[1.167857] (traffic_controller) StdoutLine: {'line': b'running egg_info\n'}
[1.193058] (traffic_controller) StdoutLine: {'line': b'writing build/traffic_controller/traffic_controller.egg-info/PKG-INFO\n'}
[1.193293] (traffic_controller) StdoutLine: {'line': b'writing dependency_links to build/traffic_controller/traffic_controller.egg-info/dependency_links.txt\n'}
[1.193426] (traffic_controller) StdoutLine: {'line': b'writing entry points to build/traffic_controller/traffic_controller.egg-info/entry_points.txt\n'}
[1.193537] (traffic_controller) StdoutLine: {'line': b'writing requirements to build/traffic_controller/traffic_controller.egg-info/requires.txt\n'}
[1.193633] (traffic_controller) StdoutLine: {'line': b'writing top-level names to build/traffic_controller/traffic_controller.egg-info/top_level.txt\n'}
[1.201956] (-) TimerEvent: {}
[1.248898] (traffic_controller) StdoutLine: {'line': b"reading manifest file 'build/traffic_controller/traffic_controller.egg-info/SOURCES.txt'\n"}
[1.249830] (traffic_controller) StdoutLine: {'line': b"writing manifest file 'build/traffic_controller/traffic_controller.egg-info/SOURCES.txt'\n"}
[1.250055] (traffic_controller) StdoutLine: {'line': b'running build\n'}
[1.250164] (traffic_controller) StdoutLine: {'line': b'running build_py\n'}
[1.250355] (traffic_controller) StdoutLine: {'line': b'copying traffic_controller/controller_node.py -> /home/metinsariaslan/Smart_Trafic_Repo/src/traffic_controller/build/traffic_controller/build/lib/traffic_controller\n'}
[1.250758] (traffic_controller) StdoutLine: {'line': b'running install\n'}
[1.258856] (traffic_controller) StdoutLine: {'line': b'running install_lib\n'}
[1.286346] (traffic_controller) StdoutLine: {'line': b'copying /home/metinsariaslan/Smart_Trafic_Repo/src/traffic_controller/build/traffic_controller/build/lib/traffic_controller/controller_node.py -> /home/metinsariaslan/Smart_Trafic_Repo/src/traffic_controller/install/traffic_controller/lib/python3.12/site-packages/traffic_controller\n'}
[1.287094] (traffic_controller) StdoutLine: {'line': b'byte-compiling /home/metinsariaslan/Smart_Trafic_Repo/src/traffic_controller/install/traffic_controller/lib/python3.12/site-packages/traffic_controller/controller_node.py to controller_node.cpython-312.pyc\n'}
[1.290223] (traffic_controller) StdoutLine: {'line': b'running install_data\n'}
[1.290460] (traffic_controller) StdoutLine: {'line': b'running install_egg_info\n'}
[1.302062] (-) TimerEvent: {}
[1.318600] (traffic_controller) StdoutLine: {'line': b"removing '/home/metinsariaslan/Smart_Trafic_Repo/src/traffic_controller/install/traffic_controller/lib/python3.12/site-packages/traffic_controller-0.0.0-py3.12.egg-info' (and everything under it)\n"}
[1.318905] (traffic_controller) StdoutLine: {'line': b'Copying build/traffic_controller/traffic_controller.egg-info to /home/metinsariaslan/Smart_Trafic_Repo/src/traffic_controller/install/traffic_controller/lib/python3.12/site-packages/traffic_controller-0.0.0-py3.12.egg-info\n'}
[1.319635] (traffic_controller) StdoutLine: {'line': b'running install_scripts\n'}
[1.402165] (-) TimerEvent: {}
[1.502425] (-) TimerEvent: {}
[1.507554] (traffic_controller) StdoutLine: {'line': b'Installing controller_node script to /home/metinsariaslan/Smart_Trafic_Repo/src/traffic_controller/install/traffic_controller/lib/traffic_controller\n'}
[1.507892] (traffic_controller) StdoutLine: {'line': b"writing list of installed files to '/home/metinsariaslan/Smart_Trafic_Repo/src/traffic_controller/build/traffic_controller/install.log'\n"}
[1.563464] (traffic_controller) CommandEnded: {'returncode': 0}
[1.575740] (traffic_controller) JobEnded: {'identifier': 'traffic_controller', 'rc': 0}
[1.576425] (-) EventReactorShutdown: {}
