[0.198s] DEBUG:colcon:Command line arguments: ['/usr/bin/colcon', 'build']
[0.198s] DEBUG:colcon:Parsed command line arguments: Namespace(log_base=None, log_level=None, verb_name='build', build_base='build', install_base='install', merge_install=False, symlink_install=False, test_result_base=None, continue_on_error=False, executor='parallel', parallel_workers=8, event_handlers=None, ignore_user_meta=False, metas=['./colcon.meta'], base_paths=['.'], packages_ignore=None, packages_ignore_regex=None, paths=None, packages_up_to=None, packages_up_to_regex=None, packages_above=None, packages_above_and_dependencies=None, packages_above_depth=None, packages_select_by_dep=None, packages_skip_by_dep=None, packages_skip_up_to=None, packages_select_build_failed=False, packages_skip_build_finished=False, packages_select_test_failures=False, packages_skip_test_passed=False, packages_select=None, packages_skip=None, packages_select_regex=None, packages_skip_regex=None, packages_start=None, packages_end=None, allow_overriding=[], cmake_args=None, cmake_target=None, cmake_target_skip_unavailable=False, cmake_clean_cache=False, cmake_clean_first=False, cmake_force_configure=False, ament_cmake_args=None, catkin_cmake_args=None, catkin_skip_building_tests=False, verb_parser=<colcon_defaults.argument_parser.defaults.DefaultArgumentsDecorator object at 0x7c1261bad940>, verb_extension=<colcon_core.verb.build.BuildVerb object at 0x7c12625f00e0>, main=<bound method BuildVerb.main of <colcon_core.verb.build.BuildVerb object at 0x7c12625f00e0>>)
[0.280s] Level 1:colcon.colcon_core.package_discovery:discover_packages(colcon_meta) check parameters
[0.280s] Level 1:colcon.colcon_core.package_discovery:discover_packages(recursive) check parameters
[0.280s] Level 1:colcon.colcon_core.package_discovery:discover_packages(ignore) check parameters
[0.281s] Level 1:colcon.colcon_core.package_discovery:discover_packages(path) check parameters
[0.281s] Level 1:colcon.colcon_core.package_discovery:discover_packages(colcon_meta) discover
[0.281s] Level 1:colcon.colcon_core.package_discovery:discover_packages(recursive) discover
[0.281s] INFO:colcon.colcon_core.package_discovery:Crawling recursively for packages in '/home/metinsariaslan/Smart_Trafic_Repo'
[0.281s] Level 1:colcon.colcon_core.package_identification:_identify(.) by extensions ['ignore', 'ignore_ament_install']
[0.281s] Level 1:colcon.colcon_core.package_identification:_identify(.) by extension 'ignore'
[0.281s] Level 1:colcon.colcon_core.package_identification:_identify(.) by extension 'ignore_ament_install'
[0.281s] Level 1:colcon.colcon_core.package_identification:_identify(.) by extensions ['colcon_pkg']
[0.281s] Level 1:colcon.colcon_core.package_identification:_identify(.) by extension 'colcon_pkg'
[0.282s] Level 1:colcon.colcon_core.package_identification:_identify(.) by extensions ['colcon_meta']
[0.282s] Level 1:colcon.colcon_core.package_identification:_identify(.) by extension 'colcon_meta'
[0.282s] Level 1:colcon.colcon_core.package_identification:_identify(.) by extensions ['ros']
[0.282s] Level 1:colcon.colcon_core.package_identification:_identify(.) by extension 'ros'
[0.322s] Level 1:colcon.colcon_core.package_identification:_identify(.) by extensions ['cmake', 'python']
[0.322s] Level 1:colcon.colcon_core.package_identification:_identify(.) by extension 'cmake'
[0.322s] Level 1:colcon.colcon_core.package_identification:_identify(.) by extension 'python'
[0.322s] Level 1:colcon.colcon_core.package_identification:_identify(.) by extensions ['python_setup_py']
[0.322s] Level 1:colcon.colcon_core.package_identification:_identify(.) by extension 'python_setup_py'
[0.322s] Level 1:colcon.colcon_core.package_identification:_identify(build) by extensions ['ignore', 'ignore_ament_install']
[0.322s] Level 1:colcon.colcon_core.package_identification:_identify(build) by extension 'ignore'
[0.323s] Level 1:colcon.colcon_core.package_identification:_identify(build) ignored
[0.323s] Level 1:colcon.colcon_core.package_identification:_identify(install) by extensions ['ignore', 'ignore_ament_install']
[0.323s] Level 1:colcon.colcon_core.package_identification:_identify(install) by extension 'ignore'
[0.323s] Level 1:colcon.colcon_core.package_identification:_identify(install) ignored
[0.323s] Level 1:colcon.colcon_core.package_identification:_identify(log) by extensions ['ignore', 'ignore_ament_install']
[0.323s] Level 1:colcon.colcon_core.package_identification:_identify(log) by extension 'ignore'
[0.323s] Level 1:colcon.colcon_core.package_identification:_identify(log) ignored
[0.323s] Level 1:colcon.colcon_core.package_identification:_identify(src) by extensions ['ignore', 'ignore_ament_install']
[0.323s] Level 1:colcon.colcon_core.package_identification:_identify(src) by extension 'ignore'
[0.323s] Level 1:colcon.colcon_core.package_identification:_identify(src) by extension 'ignore_ament_install'
[0.323s] Level 1:colcon.colcon_core.package_identification:_identify(src) by extensions ['colcon_pkg']
[0.323s] Level 1:colcon.colcon_core.package_identification:_identify(src) by extension 'colcon_pkg'
[0.323s] Level 1:colcon.colcon_core.package_identification:_identify(src) by extensions ['colcon_meta']
[0.323s] Level 1:colcon.colcon_core.package_identification:_identify(src) by extension 'colcon_meta'
[0.324s] Level 1:colcon.colcon_core.package_identification:_identify(src) by extensions ['ros']
[0.324s] Level 1:colcon.colcon_core.package_identification:_identify(src) by extension 'ros'
[0.324s] Level 1:colcon.colcon_core.package_identification:_identify(src) by extensions ['cmake', 'python']
[0.324s] Level 1:colcon.colcon_core.package_identification:_identify(src) by extension 'cmake'
[0.324s] Level 1:colcon.colcon_core.package_identification:_identify(src) by extension 'python'
[0.324s] Level 1:colcon.colcon_core.package_identification:_identify(src) by extensions ['python_setup_py']
[0.324s] Level 1:colcon.colcon_core.package_identification:_identify(src) by extension 'python_setup_py'
[0.324s] Level 1:colcon.colcon_core.package_identification:_identify(src/emergency_vehicle_node) by extensions ['ignore', 'ignore_ament_install']
[0.324s] Level 1:colcon.colcon_core.package_identification:_identify(src/emergency_vehicle_node) by extension 'ignore'
[0.324s] Level 1:colcon.colcon_core.package_identification:_identify(src/emergency_vehicle_node) by extension 'ignore_ament_install'
[0.324s] Level 1:colcon.colcon_core.package_identification:_identify(src/emergency_vehicle_node) by extensions ['colcon_pkg']
[0.324s] Level 1:colcon.colcon_core.package_identification:_identify(src/emergency_vehicle_node) by extension 'colcon_pkg'
[0.324s] Level 1:colcon.colcon_core.package_identification:_identify(src/emergency_vehicle_node) by extensions ['colcon_meta']
[0.324s] Level 1:colcon.colcon_core.package_identification:_identify(src/emergency_vehicle_node) by extension 'colcon_meta'
[0.324s] Level 1:colcon.colcon_core.package_identification:_identify(src/emergency_vehicle_node) by extensions ['ros']
[0.324s] Level 1:colcon.colcon_core.package_identification:_identify(src/emergency_vehicle_node) by extension 'ros'
[0.327s] DEBUG:colcon.colcon_core.package_identification:Package 'src/emergency_vehicle_node' with type 'ros.ament_python' and name 'emergency_vehicle_node'
[0.327s] Level 1:colcon.colcon_core.package_identification:_identify(src/pedestrian_node) by extensions ['ignore', 'ignore_ament_install']
[0.327s] Level 1:colcon.colcon_core.package_identification:_identify(src/pedestrian_node) by extension 'ignore'
[0.328s] Level 1:colcon.colcon_core.package_identification:_identify(src/pedestrian_node) by extension 'ignore_ament_install'
[0.328s] Level 1:colcon.colcon_core.package_identification:_identify(src/pedestrian_node) by extensions ['colcon_pkg']
[0.328s] Level 1:colcon.colcon_core.package_identification:_identify(src/pedestrian_node) by extension 'colcon_pkg'
[0.328s] Level 1:colcon.colcon_core.package_identification:_identify(src/pedestrian_node) by extensions ['colcon_meta']
[0.328s] Level 1:colcon.colcon_core.package_identification:_identify(src/pedestrian_node) by extension 'colcon_meta'
[0.328s] Level 1:colcon.colcon_core.package_identification:_identify(src/pedestrian_node) by extensions ['ros']
[0.328s] Level 1:colcon.colcon_core.package_identification:_identify(src/pedestrian_node) by extension 'ros'
[0.329s] DEBUG:colcon.colcon_core.package_identification:Package 'src/pedestrian_node' with type 'ros.ament_python' and name 'pedestrian_node'
[0.329s] Level 1:colcon.colcon_core.package_identification:_identify(src/traffic_common_data) by extensions ['ignore', 'ignore_ament_install']
[0.329s] Level 1:colcon.colcon_core.package_identification:_identify(src/traffic_common_data) by extension 'ignore'
[0.329s] Level 1:colcon.colcon_core.package_identification:_identify(src/traffic_common_data) by extension 'ignore_ament_install'
[0.329s] Level 1:colcon.colcon_core.package_identification:_identify(src/traffic_common_data) by extensions ['colcon_pkg']
[0.329s] Level 1:colcon.colcon_core.package_identification:_identify(src/traffic_common_data) by extension 'colcon_pkg'
[0.329s] Level 1:colcon.colcon_core.package_identification:_identify(src/traffic_common_data) by extensions ['colcon_meta']
[0.329s] Level 1:colcon.colcon_core.package_identification:_identify(src/traffic_common_data) by extension 'colcon_meta'
[0.329s] Level 1:colcon.colcon_core.package_identification:_identify(src/traffic_common_data) by extensions ['ros']
[0.329s] Level 1:colcon.colcon_core.package_identification:_identify(src/traffic_common_data) by extension 'ros'
[0.330s] DEBUG:colcon.colcon_core.package_identification:Package 'src/traffic_common_data' with type 'ros.ament_python' and name 'traffic_common_data'
[0.330s] Level 1:colcon.colcon_core.package_identification:_identify(src/traffic_controller) by extensions ['ignore', 'ignore_ament_install']
[0.330s] Level 1:colcon.colcon_core.package_identification:_identify(src/traffic_controller) by extension 'ignore'
[0.330s] Level 1:colcon.colcon_core.package_identification:_identify(src/traffic_controller) by extension 'ignore_ament_install'
[0.330s] Level 1:colcon.colcon_core.package_identification:_identify(src/traffic_controller) by extensions ['colcon_pkg']
[0.330s] Level 1:colcon.colcon_core.package_identification:_identify(src/traffic_controller) by extension 'colcon_pkg'
[0.330s] Level 1:colcon.colcon_core.package_identification:_identify(src/traffic_controller) by extensions ['colcon_meta']
[0.330s] Level 1:colcon.colcon_core.package_identification:_identify(src/traffic_controller) by extension 'colcon_meta'
[0.330s] Level 1:colcon.colcon_core.package_identification:_identify(src/traffic_controller) by extensions ['ros']
[0.330s] Level 1:colcon.colcon_core.package_identification:_identify(src/traffic_controller) by extension 'ros'
[0.331s] DEBUG:colcon.colcon_core.package_identification:Package 'src/traffic_controller' with type 'ros.ament_python' and name 'traffic_controller'
[0.331s] Level 1:colcon.colcon_core.package_identification:_identify(src/vehicle_node) by extensions ['ignore', 'ignore_ament_install']
[0.331s] Level 1:colcon.colcon_core.package_identification:_identify(src/vehicle_node) by extension 'ignore'
[0.331s] Level 1:colcon.colcon_core.package_identification:_identify(src/vehicle_node) by extension 'ignore_ament_install'
[0.331s] Level 1:colcon.colcon_core.package_identification:_identify(src/vehicle_node) by extensions ['colcon_pkg']
[0.331s] Level 1:colcon.colcon_core.package_identification:_identify(src/vehicle_node) by extension 'colcon_pkg'
[0.331s] Level 1:colcon.colcon_core.package_identification:_identify(src/vehicle_node) by extensions ['colcon_meta']
[0.331s] Level 1:colcon.colcon_core.package_identification:_identify(src/vehicle_node) by extension 'colcon_meta'
[0.331s] Level 1:colcon.colcon_core.package_identification:_identify(src/vehicle_node) by extensions ['ros']
[0.332s] Level 1:colcon.colcon_core.package_identification:_identify(src/vehicle_node) by extension 'ros'
[0.332s] DEBUG:colcon.colcon_core.package_identification:Package 'src/vehicle_node' with type 'ros.ament_python' and name 'vehicle_node'
[0.332s] Level 1:colcon.colcon_core.package_discovery:discover_packages(recursive) using defaults
[0.332s] Level 1:colcon.colcon_core.package_discovery:discover_packages(ignore) discover
[0.332s] Level 1:colcon.colcon_core.package_discovery:discover_packages(ignore) using defaults
[0.333s] Level 1:colcon.colcon_core.package_discovery:discover_packages(path) discover
[0.333s] Level 1:colcon.colcon_core.package_discovery:discover_packages(path) using defaults
[0.360s] Level 1:colcon.colcon_core.package_discovery:discover_packages(prefix_path) check parameters
[0.360s] Level 1:colcon.colcon_core.package_discovery:discover_packages(prefix_path) discover
[0.362s] WARNING:colcon.colcon_ros.prefix_path.ament:The path '/home/metinsariaslan/Smart_Trafic_Repo/install/vehicle_node' in the environment variable AMENT_PREFIX_PATH doesn't exist
[0.362s] WARNING:colcon.colcon_ros.prefix_path.ament:The path '/home/metinsariaslan/Smart_Trafic_Repo/install/traffic_controller' in the environment variable AMENT_PREFIX_PATH doesn't exist
[0.362s] WARNING:colcon.colcon_ros.prefix_path.ament:The path '/home/metinsariaslan/Smart_Trafic_Repo/install/traffic_common_data' in the environment variable AMENT_PREFIX_PATH doesn't exist
[0.362s] WARNING:colcon.colcon_ros.prefix_path.ament:The path '/home/metinsariaslan/Smart_Trafic_Repo/install/traffic_bringup' in the environment variable AMENT_PREFIX_PATH doesn't exist
[0.362s] WARNING:colcon.colcon_ros.prefix_path.ament:The path '/home/metinsariaslan/Smart_Trafic_Repo/install/pedestrian_node' in the environment variable AMENT_PREFIX_PATH doesn't exist
[0.362s] WARNING:colcon.colcon_ros.prefix_path.ament:The path '/home/metinsariaslan/Smart_Trafic_Repo/install/emergency_vehicle_node' in the environment variable AMENT_PREFIX_PATH doesn't exist
[0.364s] DEBUG:colcon.colcon_installed_package_information.package_discovery:Found 0 installed packages in /home/metinsariaslan/Smart_Trafic_Repo/install
[0.365s] DEBUG:colcon.colcon_installed_package_information.package_discovery:Found 287 installed packages in /opt/ros/jazzy
[0.367s] Level 1:colcon.colcon_core.package_discovery:discover_packages(prefix_path) using defaults
[0.429s] Level 5:colcon.colcon_core.verb:set package 'emergency_vehicle_node' build argument 'cmake_args' from command line to 'None'
[0.429s] Level 5:colcon.colcon_core.verb:set package 'emergency_vehicle_node' build argument 'cmake_target' from command line to 'None'
[0.429s] Level 5:colcon.colcon_core.verb:set package 'emergency_vehicle_node' build argument 'cmake_target_skip_unavailable' from command line to 'False'
[0.429s] Level 5:colcon.colcon_core.verb:set package 'emergency_vehicle_node' build argument 'cmake_clean_cache' from command line to 'False'
[0.429s] Level 5:colcon.colcon_core.verb:set package 'emergency_vehicle_node' build argument 'cmake_clean_first' from command line to 'False'
[0.429s] Level 5:colcon.colcon_core.verb:set package 'emergency_vehicle_node' build argument 'cmake_force_configure' from command line to 'False'
[0.429s] Level 5:colcon.colcon_core.verb:set package 'emergency_vehicle_node' build argument 'ament_cmake_args' from command line to 'None'
[0.429s] Level 5:colcon.colcon_core.verb:set package 'emergency_vehicle_node' build argument 'catkin_cmake_args' from command line to 'None'
[0.429s] Level 5:colcon.colcon_core.verb:set package 'emergency_vehicle_node' build argument 'catkin_skip_building_tests' from command line to 'False'
[0.429s] DEBUG:colcon.colcon_core.verb:Building package 'emergency_vehicle_node' with the following arguments: {'ament_cmake_args': None, 'build_base': '/home/metinsariaslan/Smart_Trafic_Repo/build/emergency_vehicle_node', 'catkin_cmake_args': None, 'catkin_skip_building_tests': False, 'cmake_args': None, 'cmake_clean_cache': False, 'cmake_clean_first': False, 'cmake_force_configure': False, 'cmake_target': None, 'cmake_target_skip_unavailable': False, 'install_base': '/home/metinsariaslan/Smart_Trafic_Repo/install/emergency_vehicle_node', 'merge_install': False, 'path': '/home/metinsariaslan/Smart_Trafic_Repo/src/emergency_vehicle_node', 'symlink_install': False, 'test_result_base': None}
[0.430s] Level 5:colcon.colcon_core.verb:set package 'pedestrian_node' build argument 'cmake_args' from command line to 'None'
[0.430s] Level 5:colcon.colcon_core.verb:set package 'pedestrian_node' build argument 'cmake_target' from command line to 'None'
[0.430s] Level 5:colcon.colcon_core.verb:set package 'pedestrian_node' build argument 'cmake_target_skip_unavailable' from command line to 'False'
[0.430s] Level 5:colcon.colcon_core.verb:set package 'pedestrian_node' build argument 'cmake_clean_cache' from command line to 'False'
[0.430s] Level 5:colcon.colcon_core.verb:set package 'pedestrian_node' build argument 'cmake_clean_first' from command line to 'False'
[0.430s] Level 5:colcon.colcon_core.verb:set package 'pedestrian_node' build argument 'cmake_force_configure' from command line to 'False'
[0.430s] Level 5:colcon.colcon_core.verb:set package 'pedestrian_node' build argument 'ament_cmake_args' from command line to 'None'
[0.430s] Level 5:colcon.colcon_core.verb:set package 'pedestrian_node' build argument 'catkin_cmake_args' from command line to 'None'
[0.430s] Level 5:colcon.colcon_core.verb:set package 'pedestrian_node' build argument 'catkin_skip_building_tests' from command line to 'False'
[0.430s] DEBUG:colcon.colcon_core.verb:Building package 'pedestrian_node' with the following arguments: {'ament_cmake_args': None, 'build_base': '/home/metinsariaslan/Smart_Trafic_Repo/build/pedestrian_node', 'catkin_cmake_args': None, 'catkin_skip_building_tests': False, 'cmake_args': None, 'cmake_clean_cache': False, 'cmake_clean_first': False, 'cmake_force_configure': False, 'cmake_target': None, 'cmake_target_skip_unavailable': False, 'install_base': '/home/metinsariaslan/Smart_Trafic_Repo/install/pedestrian_node', 'merge_install': False, 'path': '/home/metinsariaslan/Smart_Trafic_Repo/src/pedestrian_node', 'symlink_install': False, 'test_result_base': None}
[0.430s] Level 5:colcon.colcon_core.verb:set package 'traffic_common_data' build argument 'cmake_args' from command line to 'None'
[0.430s] Level 5:colcon.colcon_core.verb:set package 'traffic_common_data' build argument 'cmake_target' from command line to 'None'
[0.430s] Level 5:colcon.colcon_core.verb:set package 'traffic_common_data' build argument 'cmake_target_skip_unavailable' from command line to 'False'
[0.430s] Level 5:colcon.colcon_core.verb:set package 'traffic_common_data' build argument 'cmake_clean_cache' from command line to 'False'
[0.430s] Level 5:colcon.colcon_core.verb:set package 'traffic_common_data' build argument 'cmake_clean_first' from command line to 'False'
[0.430s] Level 5:colcon.colcon_core.verb:set package 'traffic_common_data' build argument 'cmake_force_configure' from command line to 'False'
[0.430s] Level 5:colcon.colcon_core.verb:set package 'traffic_common_data' build argument 'ament_cmake_args' from command line to 'None'
[0.430s] Level 5:colcon.colcon_core.verb:set package 'traffic_common_data' build argument 'catkin_cmake_args' from command line to 'None'
[0.431s] Level 5:colcon.colcon_core.verb:set package 'traffic_common_data' build argument 'catkin_skip_building_tests' from command line to 'False'
[0.431s] DEBUG:colcon.colcon_core.verb:Building package 'traffic_common_data' with the following arguments: {'ament_cmake_args': None, 'build_base': '/home/metinsariaslan/Smart_Trafic_Repo/build/traffic_common_data', 'catkin_cmake_args': None, 'catkin_skip_building_tests': False, 'cmake_args': None, 'cmake_clean_cache': False, 'cmake_clean_first': False, 'cmake_force_configure': False, 'cmake_target': None, 'cmake_target_skip_unavailable': False, 'install_base': '/home/metinsariaslan/Smart_Trafic_Repo/install/traffic_common_data', 'merge_install': False, 'path': '/home/metinsariaslan/Smart_Trafic_Repo/src/traffic_common_data', 'symlink_install': False, 'test_result_base': None}
[0.431s] Level 5:colcon.colcon_core.verb:set package 'traffic_controller' build argument 'cmake_args' from command line to 'None'
[0.431s] Level 5:colcon.colcon_core.verb:set package 'traffic_controller' build argument 'cmake_target' from command line to 'None'
[0.431s] Level 5:colcon.colcon_core.verb:set package 'traffic_controller' build argument 'cmake_target_skip_unavailable' from command line to 'False'
[0.431s] Level 5:colcon.colcon_core.verb:set package 'traffic_controller' build argument 'cmake_clean_cache' from command line to 'False'
[0.431s] Level 5:colcon.colcon_core.verb:set package 'traffic_controller' build argument 'cmake_clean_first' from command line to 'False'
[0.431s] Level 5:colcon.colcon_core.verb:set package 'traffic_controller' build argument 'cmake_force_configure' from command line to 'False'
[0.431s] Level 5:colcon.colcon_core.verb:set package 'traffic_controller' build argument 'ament_cmake_args' from command line to 'None'
[0.431s] Level 5:colcon.colcon_core.verb:set package 'traffic_controller' build argument 'catkin_cmake_args' from command line to 'None'
[0.431s] Level 5:colcon.colcon_core.verb:set package 'traffic_controller' build argument 'catkin_skip_building_tests' from command line to 'False'
[0.431s] DEBUG:colcon.colcon_core.verb:Building package 'traffic_controller' with the following arguments: {'ament_cmake_args': None, 'build_base': '/home/metinsariaslan/Smart_Trafic_Repo/build/traffic_controller', 'catkin_cmake_args': None, 'catkin_skip_building_tests': False, 'cmake_args': None, 'cmake_clean_cache': False, 'cmake_clean_first': False, 'cmake_force_configure': False, 'cmake_target': None, 'cmake_target_skip_unavailable': False, 'install_base': '/home/metinsariaslan/Smart_Trafic_Repo/install/traffic_controller', 'merge_install': False, 'path': '/home/metinsariaslan/Smart_Trafic_Repo/src/traffic_controller', 'symlink_install': False, 'test_result_base': None}
[0.432s] Level 5:colcon.colcon_core.verb:set package 'vehicle_node' build argument 'cmake_args' from command line to 'None'
[0.432s] Level 5:colcon.colcon_core.verb:set package 'vehicle_node' build argument 'cmake_target' from command line to 'None'
[0.432s] Level 5:colcon.colcon_core.verb:set package 'vehicle_node' build argument 'cmake_target_skip_unavailable' from command line to 'False'
[0.432s] Level 5:colcon.colcon_core.verb:set package 'vehicle_node' build argument 'cmake_clean_cache' from command line to 'False'
[0.432s] Level 5:colcon.colcon_core.verb:set package 'vehicle_node' build argument 'cmake_clean_first' from command line to 'False'
[0.432s] Level 5:colcon.colcon_core.verb:set package 'vehicle_node' build argument 'cmake_force_configure' from command line to 'False'
[0.432s] Level 5:colcon.colcon_core.verb:set package 'vehicle_node' build argument 'ament_cmake_args' from command line to 'None'
[0.432s] Level 5:colcon.colcon_core.verb:set package 'vehicle_node' build argument 'catkin_cmake_args' from command line to 'None'
[0.432s] Level 5:colcon.colcon_core.verb:set package 'vehicle_node' build argument 'catkin_skip_building_tests' from command line to 'False'
[0.432s] DEBUG:colcon.colcon_core.verb:Building package 'vehicle_node' with the following arguments: {'ament_cmake_args': None, 'build_base': '/home/metinsariaslan/Smart_Trafic_Repo/build/vehicle_node', 'catkin_cmake_args': None, 'catkin_skip_building_tests': False, 'cmake_args': None, 'cmake_clean_cache': False, 'cmake_clean_first': False, 'cmake_force_configure': False, 'cmake_target': None, 'cmake_target_skip_unavailable': False, 'install_base': '/home/metinsariaslan/Smart_Trafic_Repo/install/vehicle_node', 'merge_install': False, 'path': '/home/metinsariaslan/Smart_Trafic_Repo/src/vehicle_node', 'symlink_install': False, 'test_result_base': None}
[0.432s] INFO:colcon.colcon_core.executor:Executing jobs using 'parallel' executor
[0.433s] DEBUG:colcon.colcon_parallel_executor.executor.parallel:run_until_complete
[0.434s] INFO:colcon.colcon_ros.task.ament_python.build:Building ROS package in '/home/metinsariaslan/Smart_Trafic_Repo/src/traffic_common_data' with build type 'ament_python'
[0.434s] Level 1:colcon.colcon_core.shell:create_environment_hook('traffic_common_data', 'ament_prefix_path')
[0.438s] INFO:colcon.colcon_core.plugin_system:Skipping extension 'colcon_core.shell.bat': Not used on non-Windows systems
[0.438s] INFO:colcon.colcon_core.shell:Creating environment hook '/home/metinsariaslan/Smart_Trafic_Repo/install/traffic_common_data/share/traffic_common_data/hook/ament_prefix_path.ps1'
[0.441s] INFO:colcon.colcon_core.shell:Creating environment descriptor '/home/metinsariaslan/Smart_Trafic_Repo/install/traffic_common_data/share/traffic_common_data/hook/ament_prefix_path.dsv'
[0.442s] INFO:colcon.colcon_core.shell:Creating environment hook '/home/metinsariaslan/Smart_Trafic_Repo/install/traffic_common_data/share/traffic_common_data/hook/ament_prefix_path.sh'
[0.443s] INFO:colcon.colcon_core.shell:Skip shell extension 'powershell' for command environment: Not usable outside of PowerShell
[0.443s] DEBUG:colcon.colcon_core.shell:Skip shell extension 'dsv' for command environment
[0.448s] INFO:colcon.colcon_ros.task.ament_python.build:Building ROS package in '/home/metinsariaslan/Smart_Trafic_Repo/src/emergency_vehicle_node' with build type 'ament_python'
[0.448s] Level 1:colcon.colcon_core.shell:create_environment_hook('emergency_vehicle_node', 'ament_prefix_path')
[0.448s] INFO:colcon.colcon_core.shell:Creating environment hook '/home/metinsariaslan/Smart_Trafic_Repo/install/emergency_vehicle_node/share/emergency_vehicle_node/hook/ament_prefix_path.ps1'
[0.449s] INFO:colcon.colcon_core.shell:Creating environment descriptor '/home/metinsariaslan/Smart_Trafic_Repo/install/emergency_vehicle_node/share/emergency_vehicle_node/hook/ament_prefix_path.dsv'
[0.449s] INFO:colcon.colcon_core.shell:Creating environment hook '/home/metinsariaslan/Smart_Trafic_Repo/install/emergency_vehicle_node/share/emergency_vehicle_node/hook/ament_prefix_path.sh'
[0.450s] INFO:colcon.colcon_core.shell:Skip shell extension 'powershell' for command environment: Not usable outside of PowerShell
[0.450s] DEBUG:colcon.colcon_core.shell:Skip shell extension 'dsv' for command environment
[0.454s] INFO:colcon.colcon_ros.task.ament_python.build:Building ROS package in '/home/metinsariaslan/Smart_Trafic_Repo/src/pedestrian_node' with build type 'ament_python'
[0.454s] Level 1:colcon.colcon_core.shell:create_environment_hook('pedestrian_node', 'ament_prefix_path')
[0.454s] INFO:colcon.colcon_core.shell:Creating environment hook '/home/metinsariaslan/Smart_Trafic_Repo/install/pedestrian_node/share/pedestrian_node/hook/ament_prefix_path.ps1'
[0.455s] INFO:colcon.colcon_core.shell:Creating environment descriptor '/home/metinsariaslan/Smart_Trafic_Repo/install/pedestrian_node/share/pedestrian_node/hook/ament_prefix_path.dsv'
[0.456s] INFO:colcon.colcon_core.shell:Creating environment hook '/home/metinsariaslan/Smart_Trafic_Repo/install/pedestrian_node/share/pedestrian_node/hook/ament_prefix_path.sh'
[0.457s] INFO:colcon.colcon_core.shell:Skip shell extension 'powershell' for command environment: Not usable outside of PowerShell
[0.457s] DEBUG:colcon.colcon_core.shell:Skip shell extension 'dsv' for command environment
[0.463s] INFO:colcon.colcon_ros.task.ament_python.build:Building ROS package in '/home/metinsariaslan/Smart_Trafic_Repo/src/traffic_controller' with build type 'ament_python'
[0.463s] Level 1:colcon.colcon_core.shell:create_environment_hook('traffic_controller', 'ament_prefix_path')
[0.464s] INFO:colcon.colcon_core.shell:Creating environment hook '/home/metinsariaslan/Smart_Trafic_Repo/install/traffic_controller/share/traffic_controller/hook/ament_prefix_path.ps1'
[0.465s] INFO:colcon.colcon_core.shell:Creating environment descriptor '/home/metinsariaslan/Smart_Trafic_Repo/install/traffic_controller/share/traffic_controller/hook/ament_prefix_path.dsv'
[0.466s] INFO:colcon.colcon_core.shell:Creating environment hook '/home/metinsariaslan/Smart_Trafic_Repo/install/traffic_controller/share/traffic_controller/hook/ament_prefix_path.sh'
[0.467s] INFO:colcon.colcon_core.shell:Skip shell extension 'powershell' for command environment: Not usable outside of PowerShell
[0.467s] DEBUG:colcon.colcon_core.shell:Skip shell extension 'dsv' for command environment
[0.857s] INFO:colcon.colcon_core.task.python.build:Building Python package in '/home/metinsariaslan/Smart_Trafic_Repo/src/traffic_common_data'
[0.857s] INFO:colcon.colcon_core.shell:Skip shell extension 'powershell' for command environment: Not usable outside of PowerShell
[0.857s] DEBUG:colcon.colcon_core.shell:Skip shell extension 'dsv' for command environment
[1.205s] INFO:colcon.colcon_core.task.python.build:Building Python package in '/home/metinsariaslan/Smart_Trafic_Repo/src/emergency_vehicle_node'
[1.206s] INFO:colcon.colcon_core.shell:Skip shell extension 'powershell' for command environment: Not usable outside of PowerShell
[1.206s] DEBUG:colcon.colcon_core.shell:Skip shell extension 'dsv' for command environment
[1.567s] INFO:colcon.colcon_core.task.python.build:Building Python package in '/home/metinsariaslan/Smart_Trafic_Repo/src/pedestrian_node'
[1.568s] INFO:colcon.colcon_core.shell:Skip shell extension 'powershell' for command environment: Not usable outside of PowerShell
[1.568s] DEBUG:colcon.colcon_core.shell:Skip shell extension 'dsv' for command environment
[1.867s] INFO:colcon.colcon_core.task.python.build:Building Python package in '/home/metinsariaslan/Smart_Trafic_Repo/src/traffic_controller'
[1.867s] INFO:colcon.colcon_core.shell:Skip shell extension 'powershell' for command environment: Not usable outside of PowerShell
[1.867s] DEBUG:colcon.colcon_core.shell:Skip shell extension 'dsv' for command environment
[3.420s] DEBUG:colcon.colcon_core.event_handler.log_command:Invoking command in '/home/metinsariaslan/Smart_Trafic_Repo/src/traffic_controller': DEBUGINFOD_URLS=https://debuginfod.ubuntu.com PYTHONPATH=/home/metinsariaslan/Smart_Trafic_Repo/build/traffic_controller/prefix_override:/usr/lib/python3/dist-packages/colcon_core/task/python/colcon_distutils_commands:/home/metinsariaslan/Smart_Trafic_Repo/install/traffic_controller/lib/python3.12/site-packages:${PYTHONPATH} /usr/bin/python3 -W ignore:setup.py install is deprecated -W ignore:easy_install command is deprecated setup.py egg_info --egg-base ../../build/traffic_controller build --build-base /home/metinsariaslan/Smart_Trafic_Repo/build/traffic_controller/build install --record /home/metinsariaslan/Smart_Trafic_Repo/build/traffic_controller/install.log --single-version-externally-managed install_data
[3.424s] DEBUG:colcon.colcon_core.event_handler.log_command:Invoking command in '/home/metinsariaslan/Smart_Trafic_Repo/src/emergency_vehicle_node': DEBUGINFOD_URLS=https://debuginfod.ubuntu.com PYTHONPATH=/home/metinsariaslan/Smart_Trafic_Repo/build/emergency_vehicle_node/prefix_override:/usr/lib/python3/dist-packages/colcon_core/task/python/colcon_distutils_commands:/home/metinsariaslan/Smart_Trafic_Repo/install/emergency_vehicle_node/lib/python3.12/site-packages:${PYTHONPATH} /usr/bin/python3 -W ignore:setup.py install is deprecated -W ignore:easy_install command is deprecated setup.py egg_info --egg-base ../../build/emergency_vehicle_node build --build-base /home/metinsariaslan/Smart_Trafic_Repo/build/emergency_vehicle_node/build install --record /home/metinsariaslan/Smart_Trafic_Repo/build/emergency_vehicle_node/install.log --single-version-externally-managed install_data
[3.430s] DEBUG:colcon.colcon_core.event_handler.log_command:Invoking command in '/home/metinsariaslan/Smart_Trafic_Repo/src/traffic_common_data': DEBUGINFOD_URLS=https://debuginfod.ubuntu.com PYTHONPATH=/home/metinsariaslan/Smart_Trafic_Repo/build/traffic_common_data/prefix_override:/usr/lib/python3/dist-packages/colcon_core/task/python/colcon_distutils_commands:/home/metinsariaslan/Smart_Trafic_Repo/install/traffic_common_data/lib/python3.12/site-packages:${PYTHONPATH} /usr/bin/python3 -W ignore:setup.py install is deprecated -W ignore:easy_install command is deprecated setup.py egg_info --egg-base ../../build/traffic_common_data build --build-base /home/metinsariaslan/Smart_Trafic_Repo/build/traffic_common_data/build install --record /home/metinsariaslan/Smart_Trafic_Repo/build/traffic_common_data/install.log --single-version-externally-managed install_data
[3.454s] DEBUG:colcon.colcon_core.event_handler.log_command:Invoking command in '/home/metinsariaslan/Smart_Trafic_Repo/src/pedestrian_node': DEBUGINFOD_URLS=https://debuginfod.ubuntu.com PYTHONPATH=/home/metinsariaslan/Smart_Trafic_Repo/build/pedestrian_node/prefix_override:/usr/lib/python3/dist-packages/colcon_core/task/python/colcon_distutils_commands:/home/metinsariaslan/Smart_Trafic_Repo/install/pedestrian_node/lib/python3.12/site-packages:${PYTHONPATH} /usr/bin/python3 -W ignore:setup.py install is deprecated -W ignore:easy_install command is deprecated setup.py egg_info --egg-base ../../build/pedestrian_node build --build-base /home/metinsariaslan/Smart_Trafic_Repo/build/pedestrian_node/build install --record /home/metinsariaslan/Smart_Trafic_Repo/build/pedestrian_node/install.log --single-version-externally-managed install_data
[4.733s] DEBUG:colcon.colcon_core.event_handler.log_command:Invoked command in '/home/metinsariaslan/Smart_Trafic_Repo/src/traffic_controller' returned '0': DEBUGINFOD_URLS=https://debuginfod.ubuntu.com PYTHONPATH=/home/metinsariaslan/Smart_Trafic_Repo/build/traffic_controller/prefix_override:/usr/lib/python3/dist-packages/colcon_core/task/python/colcon_distutils_commands:/home/metinsariaslan/Smart_Trafic_Repo/install/traffic_controller/lib/python3.12/site-packages:${PYTHONPATH} /usr/bin/python3 -W ignore:setup.py install is deprecated -W ignore:easy_install command is deprecated setup.py egg_info --egg-base ../../build/traffic_controller build --build-base /home/metinsariaslan/Smart_Trafic_Repo/build/traffic_controller/build install --record /home/metinsariaslan/Smart_Trafic_Repo/build/traffic_controller/install.log --single-version-externally-managed install_data
[4.739s] Level 1:colcon.colcon_core.environment:checking '/home/metinsariaslan/Smart_Trafic_Repo/install/traffic_controller' for CMake module files
[4.740s] Level 1:colcon.colcon_core.environment:checking '/home/metinsariaslan/Smart_Trafic_Repo/install/traffic_controller' for CMake config files
[4.741s] Level 1:colcon.colcon_core.environment:checking '/home/metinsariaslan/Smart_Trafic_Repo/install/traffic_controller/lib'
[4.742s] Level 1:colcon.colcon_core.environment:checking '/home/metinsariaslan/Smart_Trafic_Repo/install/traffic_controller/bin'
[4.742s] Level 1:colcon.colcon_core.environment:checking '/home/metinsariaslan/Smart_Trafic_Repo/install/traffic_controller/lib/pkgconfig/traffic_controller.pc'
[4.742s] Level 1:colcon.colcon_core.environment:checking '/home/metinsariaslan/Smart_Trafic_Repo/install/traffic_controller/lib/python3.12/site-packages'
[4.743s] Level 1:colcon.colcon_core.shell:create_environment_hook('traffic_controller', 'pythonpath')
[4.743s] INFO:colcon.colcon_core.shell:Creating environment hook '/home/metinsariaslan/Smart_Trafic_Repo/install/traffic_controller/share/traffic_controller/hook/pythonpath.ps1'
[4.744s] INFO:colcon.colcon_core.shell:Creating environment descriptor '/home/metinsariaslan/Smart_Trafic_Repo/install/traffic_controller/share/traffic_controller/hook/pythonpath.dsv'
[4.744s] INFO:colcon.colcon_core.shell:Creating environment hook '/home/metinsariaslan/Smart_Trafic_Repo/install/traffic_controller/share/traffic_controller/hook/pythonpath.sh'
[4.746s] Level 1:colcon.colcon_core.environment:checking '/home/metinsariaslan/Smart_Trafic_Repo/install/traffic_controller/bin'
[4.746s] Level 1:colcon.colcon_core.environment:create_environment_scripts_only(traffic_controller)
[4.746s] INFO:colcon.colcon_core.shell:Creating package script '/home/metinsariaslan/Smart_Trafic_Repo/install/traffic_controller/share/traffic_controller/package.ps1'
[4.749s] INFO:colcon.colcon_core.shell:Creating package descriptor '/home/metinsariaslan/Smart_Trafic_Repo/install/traffic_controller/share/traffic_controller/package.dsv'
[4.750s] INFO:colcon.colcon_core.shell:Creating package script '/home/metinsariaslan/Smart_Trafic_Repo/install/traffic_controller/share/traffic_controller/package.sh'
[4.751s] INFO:colcon.colcon_core.shell:Creating package script '/home/metinsariaslan/Smart_Trafic_Repo/install/traffic_controller/share/traffic_controller/package.bash'
[4.753s] INFO:colcon.colcon_core.shell:Creating package script '/home/metinsariaslan/Smart_Trafic_Repo/install/traffic_controller/share/traffic_controller/package.zsh'
[4.754s] Level 1:colcon.colcon_core.environment:create_file_with_runtime_dependencies(/home/metinsariaslan/Smart_Trafic_Repo/install/traffic_controller/share/colcon-core/packages/traffic_controller)
[4.757s] Level 1:colcon.colcon_core.environment:checking '/home/metinsariaslan/Smart_Trafic_Repo/install/emergency_vehicle_node' for CMake module files
[4.759s] Level 1:colcon.colcon_core.environment:checking '/home/metinsariaslan/Smart_Trafic_Repo/install/emergency_vehicle_node' for CMake config files
[4.760s] Level 1:colcon.colcon_core.environment:checking '/home/metinsariaslan/Smart_Trafic_Repo/install/emergency_vehicle_node/lib'
[4.760s] Level 1:colcon.colcon_core.environment:checking '/home/metinsariaslan/Smart_Trafic_Repo/install/emergency_vehicle_node/bin'
[4.760s] Level 1:colcon.colcon_core.environment:checking '/home/metinsariaslan/Smart_Trafic_Repo/install/emergency_vehicle_node/lib/pkgconfig/emergency_vehicle_node.pc'
[4.758s] DEBUG:colcon.colcon_core.event_handler.log_command:Invoked command in '/home/metinsariaslan/Smart_Trafic_Repo/src/emergency_vehicle_node' returned '0': DEBUGINFOD_URLS=https://debuginfod.ubuntu.com PYTHONPATH=/home/metinsariaslan/Smart_Trafic_Repo/build/emergency_vehicle_node/prefix_override:/usr/lib/python3/dist-packages/colcon_core/task/python/colcon_distutils_commands:/home/metinsariaslan/Smart_Trafic_Repo/install/emergency_vehicle_node/lib/python3.12/site-packages:${PYTHONPATH} /usr/bin/python3 -W ignore:setup.py install is deprecated -W ignore:easy_install command is deprecated setup.py egg_info --egg-base ../../build/emergency_vehicle_node build --build-base /home/metinsariaslan/Smart_Trafic_Repo/build/emergency_vehicle_node/build install --record /home/metinsariaslan/Smart_Trafic_Repo/build/emergency_vehicle_node/install.log --single-version-externally-managed install_data
[4.761s] Level 1:colcon.colcon_core.environment:checking '/home/metinsariaslan/Smart_Trafic_Repo/install/emergency_vehicle_node/lib/python3.12/site-packages'
[4.762s] Level 1:colcon.colcon_core.shell:create_environment_hook('emergency_vehicle_node', 'pythonpath')
[4.762s] INFO:colcon.colcon_core.shell:Creating environment hook '/home/metinsariaslan/Smart_Trafic_Repo/install/emergency_vehicle_node/share/emergency_vehicle_node/hook/pythonpath.ps1'
[4.763s] INFO:colcon.colcon_core.shell:Creating environment descriptor '/home/metinsariaslan/Smart_Trafic_Repo/install/emergency_vehicle_node/share/emergency_vehicle_node/hook/pythonpath.dsv'
[4.763s] INFO:colcon.colcon_core.shell:Creating environment hook '/home/metinsariaslan/Smart_Trafic_Repo/install/emergency_vehicle_node/share/emergency_vehicle_node/hook/pythonpath.sh'
[4.765s] Level 1:colcon.colcon_core.environment:checking '/home/metinsariaslan/Smart_Trafic_Repo/install/emergency_vehicle_node/bin'
[4.765s] Level 1:colcon.colcon_core.environment:create_environment_scripts_only(emergency_vehicle_node)
[4.765s] INFO:colcon.colcon_core.shell:Creating package script '/home/metinsariaslan/Smart_Trafic_Repo/install/emergency_vehicle_node/share/emergency_vehicle_node/package.ps1'
[4.766s] INFO:colcon.colcon_core.shell:Creating package descriptor '/home/metinsariaslan/Smart_Trafic_Repo/install/emergency_vehicle_node/share/emergency_vehicle_node/package.dsv'
[4.767s] INFO:colcon.colcon_core.shell:Creating package script '/home/metinsariaslan/Smart_Trafic_Repo/install/emergency_vehicle_node/share/emergency_vehicle_node/package.sh'
[4.768s] INFO:colcon.colcon_core.shell:Creating package script '/home/metinsariaslan/Smart_Trafic_Repo/install/emergency_vehicle_node/share/emergency_vehicle_node/package.bash'
[4.769s] INFO:colcon.colcon_core.shell:Creating package script '/home/metinsariaslan/Smart_Trafic_Repo/install/emergency_vehicle_node/share/emergency_vehicle_node/package.zsh'
[4.769s] Level 1:colcon.colcon_core.environment:create_file_with_runtime_dependencies(/home/metinsariaslan/Smart_Trafic_Repo/install/emergency_vehicle_node/share/colcon-core/packages/emergency_vehicle_node)
[4.788s] Level 1:colcon.colcon_core.environment:checking '/home/metinsariaslan/Smart_Trafic_Repo/install/traffic_common_data' for CMake module files
[4.789s] DEBUG:colcon.colcon_core.event_handler.log_command:Invoked command in '/home/metinsariaslan/Smart_Trafic_Repo/src/traffic_common_data' returned '0': DEBUGINFOD_URLS=https://debuginfod.ubuntu.com PYTHONPATH=/home/metinsariaslan/Smart_Trafic_Repo/build/traffic_common_data/prefix_override:/usr/lib/python3/dist-packages/colcon_core/task/python/colcon_distutils_commands:/home/metinsariaslan/Smart_Trafic_Repo/install/traffic_common_data/lib/python3.12/site-packages:${PYTHONPATH} /usr/bin/python3 -W ignore:setup.py install is deprecated -W ignore:easy_install command is deprecated setup.py egg_info --egg-base ../../build/traffic_common_data build --build-base /home/metinsariaslan/Smart_Trafic_Repo/build/traffic_common_data/build install --record /home/metinsariaslan/Smart_Trafic_Repo/build/traffic_common_data/install.log --single-version-externally-managed install_data
[4.789s] Level 1:colcon.colcon_core.environment:checking '/home/metinsariaslan/Smart_Trafic_Repo/install/traffic_common_data' for CMake config files
[4.790s] Level 1:colcon.colcon_core.environment:checking '/home/metinsariaslan/Smart_Trafic_Repo/install/traffic_common_data/lib'
[4.790s] Level 1:colcon.colcon_core.environment:checking '/home/metinsariaslan/Smart_Trafic_Repo/install/traffic_common_data/bin'
[4.791s] Level 1:colcon.colcon_core.environment:checking '/home/metinsariaslan/Smart_Trafic_Repo/install/traffic_common_data/lib/pkgconfig/traffic_common_data.pc'
[4.791s] Level 1:colcon.colcon_core.environment:checking '/home/metinsariaslan/Smart_Trafic_Repo/install/traffic_common_data/lib/python3.12/site-packages'
[4.791s] Level 1:colcon.colcon_core.shell:create_environment_hook('traffic_common_data', 'pythonpath')
[4.792s] INFO:colcon.colcon_core.shell:Creating environment hook '/home/metinsariaslan/Smart_Trafic_Repo/install/traffic_common_data/share/traffic_common_data/hook/pythonpath.ps1'
[4.792s] INFO:colcon.colcon_core.shell:Creating environment descriptor '/home/metinsariaslan/Smart_Trafic_Repo/install/traffic_common_data/share/traffic_common_data/hook/pythonpath.dsv'
[4.793s] INFO:colcon.colcon_core.shell:Creating environment hook '/home/metinsariaslan/Smart_Trafic_Repo/install/traffic_common_data/share/traffic_common_data/hook/pythonpath.sh'
[4.794s] Level 1:colcon.colcon_core.environment:checking '/home/metinsariaslan/Smart_Trafic_Repo/install/traffic_common_data/bin'
[4.794s] Level 1:colcon.colcon_core.environment:create_environment_scripts_only(traffic_common_data)
[4.794s] INFO:colcon.colcon_core.shell:Creating package script '/home/metinsariaslan/Smart_Trafic_Repo/install/traffic_common_data/share/traffic_common_data/package.ps1'
[4.796s] INFO:colcon.colcon_core.shell:Creating package descriptor '/home/metinsariaslan/Smart_Trafic_Repo/install/traffic_common_data/share/traffic_common_data/package.dsv'
[4.796s] INFO:colcon.colcon_core.shell:Creating package script '/home/metinsariaslan/Smart_Trafic_Repo/install/traffic_common_data/share/traffic_common_data/package.sh'
[4.797s] INFO:colcon.colcon_core.shell:Creating package script '/home/metinsariaslan/Smart_Trafic_Repo/install/traffic_common_data/share/traffic_common_data/package.bash'
[4.798s] INFO:colcon.colcon_core.shell:Creating package script '/home/metinsariaslan/Smart_Trafic_Repo/install/traffic_common_data/share/traffic_common_data/package.zsh'
[4.798s] Level 1:colcon.colcon_core.environment:create_file_with_runtime_dependencies(/home/metinsariaslan/Smart_Trafic_Repo/install/traffic_common_data/share/colcon-core/packages/traffic_common_data)
[4.799s] INFO:colcon.colcon_ros.task.ament_python.build:Building ROS package in '/home/metinsariaslan/Smart_Trafic_Repo/src/vehicle_node' with build type 'ament_python'
[4.799s] Level 1:colcon.colcon_core.shell:create_environment_hook('vehicle_node', 'ament_prefix_path')
[4.799s] INFO:colcon.colcon_core.shell:Creating environment hook '/home/metinsariaslan/Smart_Trafic_Repo/install/vehicle_node/share/vehicle_node/hook/ament_prefix_path.ps1'
[4.800s] INFO:colcon.colcon_core.shell:Creating environment descriptor '/home/metinsariaslan/Smart_Trafic_Repo/install/vehicle_node/share/vehicle_node/hook/ament_prefix_path.dsv'
[4.801s] INFO:colcon.colcon_core.shell:Creating environment hook '/home/metinsariaslan/Smart_Trafic_Repo/install/vehicle_node/share/vehicle_node/hook/ament_prefix_path.sh'
[4.802s] INFO:colcon.colcon_core.shell:Skip shell extension 'powershell' for command environment: Not usable outside of PowerShell
[4.802s] DEBUG:colcon.colcon_core.shell:Skip shell extension 'dsv' for command environment
[5.280s] INFO:colcon.colcon_core.task.python.build:Building Python package in '/home/metinsariaslan/Smart_Trafic_Repo/src/vehicle_node'
[5.280s] INFO:colcon.colcon_core.shell:Skip shell extension 'powershell' for command environment: Not usable outside of PowerShell
[5.280s] DEBUG:colcon.colcon_core.shell:Skip shell extension 'dsv' for command environment
[5.286s] Level 1:colcon.colcon_core.environment:checking '/home/metinsariaslan/Smart_Trafic_Repo/install/pedestrian_node' for CMake module files
[5.287s] DEBUG:colcon.colcon_core.event_handler.log_command:Invoked command in '/home/metinsariaslan/Smart_Trafic_Repo/src/pedestrian_node' returned '0': DEBUGINFOD_URLS=https://debuginfod.ubuntu.com PYTHONPATH=/home/metinsariaslan/Smart_Trafic_Repo/build/pedestrian_node/prefix_override:/usr/lib/python3/dist-packages/colcon_core/task/python/colcon_distutils_commands:/home/metinsariaslan/Smart_Trafic_Repo/install/pedestrian_node/lib/python3.12/site-packages:${PYTHONPATH} /usr/bin/python3 -W ignore:setup.py install is deprecated -W ignore:easy_install command is deprecated setup.py egg_info --egg-base ../../build/pedestrian_node build --build-base /home/metinsariaslan/Smart_Trafic_Repo/build/pedestrian_node/build install --record /home/metinsariaslan/Smart_Trafic_Repo/build/pedestrian_node/install.log --single-version-externally-managed install_data
[5.288s] Level 1:colcon.colcon_core.environment:checking '/home/metinsariaslan/Smart_Trafic_Repo/install/pedestrian_node' for CMake config files
[5.288s] Level 1:colcon.colcon_core.environment:checking '/home/metinsariaslan/Smart_Trafic_Repo/install/pedestrian_node/lib'
[5.288s] Level 1:colcon.colcon_core.environment:checking '/home/metinsariaslan/Smart_Trafic_Repo/install/pedestrian_node/bin'
[5.289s] Level 1:colcon.colcon_core.environment:checking '/home/metinsariaslan/Smart_Trafic_Repo/install/pedestrian_node/lib/pkgconfig/pedestrian_node.pc'
[5.289s] Level 1:colcon.colcon_core.environment:checking '/home/metinsariaslan/Smart_Trafic_Repo/install/pedestrian_node/lib/python3.12/site-packages'
[5.289s] Level 1:colcon.colcon_core.shell:create_environment_hook('pedestrian_node', 'pythonpath')
[5.289s] INFO:colcon.colcon_core.shell:Creating environment hook '/home/metinsariaslan/Smart_Trafic_Repo/install/pedestrian_node/share/pedestrian_node/hook/pythonpath.ps1'
[5.290s] INFO:colcon.colcon_core.shell:Creating environment descriptor '/home/metinsariaslan/Smart_Trafic_Repo/install/pedestrian_node/share/pedestrian_node/hook/pythonpath.dsv'
[5.291s] INFO:colcon.colcon_core.shell:Creating environment hook '/home/metinsariaslan/Smart_Trafic_Repo/install/pedestrian_node/share/pedestrian_node/hook/pythonpath.sh'
[5.292s] Level 1:colcon.colcon_core.environment:checking '/home/metinsariaslan/Smart_Trafic_Repo/install/pedestrian_node/bin'
[5.292s] Level 1:colcon.colcon_core.environment:create_environment_scripts_only(pedestrian_node)
[5.292s] INFO:colcon.colcon_core.shell:Creating package script '/home/metinsariaslan/Smart_Trafic_Repo/install/pedestrian_node/share/pedestrian_node/package.ps1'
[5.293s] INFO:colcon.colcon_core.shell:Creating package descriptor '/home/metinsariaslan/Smart_Trafic_Repo/install/pedestrian_node/share/pedestrian_node/package.dsv'
[5.294s] INFO:colcon.colcon_core.shell:Creating package script '/home/metinsariaslan/Smart_Trafic_Repo/install/pedestrian_node/share/pedestrian_node/package.sh'
[5.294s] INFO:colcon.colcon_core.shell:Creating package script '/home/metinsariaslan/Smart_Trafic_Repo/install/pedestrian_node/share/pedestrian_node/package.bash'
[5.294s] INFO:colcon.colcon_core.shell:Creating package script '/home/metinsariaslan/Smart_Trafic_Repo/install/pedestrian_node/share/pedestrian_node/package.zsh'
[5.295s] Level 1:colcon.colcon_core.environment:create_file_with_runtime_dependencies(/home/metinsariaslan/Smart_Trafic_Repo/install/pedestrian_node/share/colcon-core/packages/pedestrian_node)
[6.348s] DEBUG:colcon.colcon_core.event_handler.log_command:Invoking command in '/home/metinsariaslan/Smart_Trafic_Repo/src/vehicle_node': AMENT_PREFIX_PATH=/home/metinsariaslan/Smart_Trafic_Repo/install/traffic_common_data:/home/metinsariaslan/Smart_Trafic_Repo/install/vehicle_node:/home/metinsariaslan/Smart_Trafic_Repo/install/traffic_controller:/home/metinsariaslan/Smart_Trafic_Repo/install/traffic_bringup:/home/metinsariaslan/Smart_Trafic_Repo/install/pedestrian_node:/home/metinsariaslan/Smart_Trafic_Repo/install/emergency_vehicle_node:/opt/ros/jazzy DEBUGINFOD_URLS=https://debuginfod.ubuntu.com PYTHONPATH=/home/metinsariaslan/Smart_Trafic_Repo/build/vehicle_node/prefix_override:/usr/lib/python3/dist-packages/colcon_core/task/python/colcon_distutils_commands:/home/metinsariaslan/Smart_Trafic_Repo/install/vehicle_node/lib/python3.12/site-packages:/home/metinsariaslan/Smart_Trafic_Repo/install/traffic_common_data/lib/python3.12/site-packages:/home/metinsariaslan/Smart_Trafic_Repo/install/vehicle_node/lib/python3.12/site-packages:/home/metinsariaslan/Smart_Trafic_Repo/install/traffic_controller/lib/python3.12/site-packages:/home/metinsariaslan/Smart_Trafic_Repo/install/traffic_bringup/lib/python3.12/site-packages:/home/metinsariaslan/Smart_Trafic_Repo/install/pedestrian_node/lib/python3.12/site-packages:/home/metinsariaslan/Smart_Trafic_Repo/install/emergency_vehicle_node/lib/python3.12/site-packages:/opt/ros/jazzy/lib/python3.12/site-packages /usr/bin/python3 -W ignore:setup.py install is deprecated -W ignore:easy_install command is deprecated setup.py egg_info --egg-base ../../build/vehicle_node build --build-base /home/metinsariaslan/Smart_Trafic_Repo/build/vehicle_node/build install --record /home/metinsariaslan/Smart_Trafic_Repo/build/vehicle_node/install.log --single-version-externally-managed install_data
[7.339s] Level 1:colcon.colcon_core.environment:checking '/home/metinsariaslan/Smart_Trafic_Repo/install/vehicle_node' for CMake module files
[7.340s] DEBUG:colcon.colcon_core.event_handler.log_command:Invoked command in '/home/metinsariaslan/Smart_Trafic_Repo/src/vehicle_node' returned '0': AMENT_PREFIX_PATH=/home/metinsariaslan/Smart_Trafic_Repo/install/traffic_common_data:/home/metinsariaslan/Smart_Trafic_Repo/install/vehicle_node:/home/metinsariaslan/Smart_Trafic_Repo/install/traffic_controller:/home/metinsariaslan/Smart_Trafic_Repo/install/traffic_bringup:/home/metinsariaslan/Smart_Trafic_Repo/install/pedestrian_node:/home/metinsariaslan/Smart_Trafic_Repo/install/emergency_vehicle_node:/opt/ros/jazzy DEBUGINFOD_URLS=https://debuginfod.ubuntu.com PYTHONPATH=/home/metinsariaslan/Smart_Trafic_Repo/build/vehicle_node/prefix_override:/usr/lib/python3/dist-packages/colcon_core/task/python/colcon_distutils_commands:/home/metinsariaslan/Smart_Trafic_Repo/install/vehicle_node/lib/python3.12/site-packages:/home/metinsariaslan/Smart_Trafic_Repo/install/traffic_common_data/lib/python3.12/site-packages:/home/metinsariaslan/Smart_Trafic_Repo/install/vehicle_node/lib/python3.12/site-packages:/home/metinsariaslan/Smart_Trafic_Repo/install/traffic_controller/lib/python3.12/site-packages:/home/metinsariaslan/Smart_Trafic_Repo/install/traffic_bringup/lib/python3.12/site-packages:/home/metinsariaslan/Smart_Trafic_Repo/install/pedestrian_node/lib/python3.12/site-packages:/home/metinsariaslan/Smart_Trafic_Repo/install/emergency_vehicle_node/lib/python3.12/site-packages:/opt/ros/jazzy/lib/python3.12/site-packages /usr/bin/python3 -W ignore:setup.py install is deprecated -W ignore:easy_install command is deprecated setup.py egg_info --egg-base ../../build/vehicle_node build --build-base /home/metinsariaslan/Smart_Trafic_Repo/build/vehicle_node/build install --record /home/metinsariaslan/Smart_Trafic_Repo/build/vehicle_node/install.log --single-version-externally-managed install_data
[7.340s] Level 1:colcon.colcon_core.environment:checking '/home/metinsariaslan/Smart_Trafic_Repo/install/vehicle_node' for CMake config files
[7.340s] Level 1:colcon.colcon_core.environment:checking '/home/metinsariaslan/Smart_Trafic_Repo/install/vehicle_node/lib'
[7.340s] Level 1:colcon.colcon_core.environment:checking '/home/metinsariaslan/Smart_Trafic_Repo/install/vehicle_node/bin'
[7.341s] Level 1:colcon.colcon_core.environment:checking '/home/metinsariaslan/Smart_Trafic_Repo/install/vehicle_node/lib/pkgconfig/vehicle_node.pc'
[7.341s] Level 1:colcon.colcon_core.environment:checking '/home/metinsariaslan/Smart_Trafic_Repo/install/vehicle_node/lib/python3.12/site-packages'
[7.341s] Level 1:colcon.colcon_core.shell:create_environment_hook('vehicle_node', 'pythonpath')
[7.341s] INFO:colcon.colcon_core.shell:Creating environment hook '/home/metinsariaslan/Smart_Trafic_Repo/install/vehicle_node/share/vehicle_node/hook/pythonpath.ps1'
[7.341s] INFO:colcon.colcon_core.shell:Creating environment descriptor '/home/metinsariaslan/Smart_Trafic_Repo/install/vehicle_node/share/vehicle_node/hook/pythonpath.dsv'
[7.342s] INFO:colcon.colcon_core.shell:Creating environment hook '/home/metinsariaslan/Smart_Trafic_Repo/install/vehicle_node/share/vehicle_node/hook/pythonpath.sh'
[7.342s] Level 1:colcon.colcon_core.environment:checking '/home/metinsariaslan/Smart_Trafic_Repo/install/vehicle_node/bin'
[7.342s] Level 1:colcon.colcon_core.environment:create_environment_scripts_only(vehicle_node)
[7.342s] INFO:colcon.colcon_core.shell:Creating package script '/home/metinsariaslan/Smart_Trafic_Repo/install/vehicle_node/share/vehicle_node/package.ps1'
[7.343s] INFO:colcon.colcon_core.shell:Creating package descriptor '/home/metinsariaslan/Smart_Trafic_Repo/install/vehicle_node/share/vehicle_node/package.dsv'
[7.343s] INFO:colcon.colcon_core.shell:Creating package script '/home/metinsariaslan/Smart_Trafic_Repo/install/vehicle_node/share/vehicle_node/package.sh'
[7.343s] INFO:colcon.colcon_core.shell:Creating package script '/home/metinsariaslan/Smart_Trafic_Repo/install/vehicle_node/share/vehicle_node/package.bash'
[7.344s] INFO:colcon.colcon_core.shell:Creating package script '/home/metinsariaslan/Smart_Trafic_Repo/install/vehicle_node/share/vehicle_node/package.zsh'
[7.344s] Level 1:colcon.colcon_core.environment:create_file_with_runtime_dependencies(/home/metinsariaslan/Smart_Trafic_Repo/install/vehicle_node/share/colcon-core/packages/vehicle_node)
[7.344s] DEBUG:colcon.colcon_parallel_executor.executor.parallel:closing loop
[7.344s] DEBUG:colcon.colcon_parallel_executor.executor.parallel:loop closed
[7.344s] DEBUG:colcon.colcon_parallel_executor.executor.parallel:run_until_complete finished with '0'
[7.344s] DEBUG:colcon.colcon_core.event_reactor:joining thread
[7.349s] INFO:colcon.colcon_core.plugin_system:Skipping extension 'colcon_notification.desktop_notification.terminal_notifier': Not used on non-Darwin systems
[7.349s] INFO:colcon.colcon_core.plugin_system:Skipping extension 'colcon_notification.desktop_notification.win32': Not used on non-Windows systems
[7.349s] INFO:colcon.colcon_notification.desktop_notification:Sending desktop notification using 'notify2'
[7.362s] DEBUG:colcon.colcon_core.event_reactor:joined thread
[7.362s] INFO:colcon.colcon_core.shell:Creating prefix script '/home/metinsariaslan/Smart_Trafic_Repo/install/local_setup.ps1'
[7.363s] INFO:colcon.colcon_core.shell:Creating prefix util module '/home/metinsariaslan/Smart_Trafic_Repo/install/_local_setup_util_ps1.py'
[7.365s] INFO:colcon.colcon_core.shell:Creating prefix chain script '/home/metinsariaslan/Smart_Trafic_Repo/install/setup.ps1'
[7.367s] INFO:colcon.colcon_core.shell:Creating prefix script '/home/metinsariaslan/Smart_Trafic_Repo/install/local_setup.sh'
[7.368s] INFO:colcon.colcon_core.shell:Creating prefix util module '/home/metinsariaslan/Smart_Trafic_Repo/install/_local_setup_util_sh.py'
[7.368s] INFO:colcon.colcon_core.shell:Creating prefix chain script '/home/metinsariaslan/Smart_Trafic_Repo/install/setup.sh'
[7.370s] INFO:colcon.colcon_core.shell:Creating prefix script '/home/metinsariaslan/Smart_Trafic_Repo/install/local_setup.bash'
[7.370s] INFO:colcon.colcon_core.shell:Creating prefix chain script '/home/metinsariaslan/Smart_Trafic_Repo/install/setup.bash'
[7.371s] INFO:colcon.colcon_core.shell:Creating prefix script '/home/metinsariaslan/Smart_Trafic_Repo/install/local_setup.zsh'
[7.372s] INFO:colcon.colcon_core.shell:Creating prefix chain script '/home/metinsariaslan/Smart_Trafic_Repo/install/setup.zsh'
