[1.548s] Invoking command in '/home/metinsariaslan/Smart_Trafic_Repo/src/vehicle_node': AMENT_PREFIX_PATH=/home/metinsariaslan/Smart_Trafic_Repo/install/traffic_common_data:/home/metinsariaslan/Smart_Trafic_Repo/install/vehicle_node:/home/metinsariaslan/Smart_Trafic_Repo/install/traffic_controller:/home/metinsariaslan/Smart_Trafic_Repo/install/traffic_bringup:/home/metinsariaslan/Smart_Trafic_Repo/install/pedestrian_node:/home/metinsariaslan/Smart_Trafic_Repo/install/emergency_vehicle_node:/opt/ros/jazzy DEBUGINFOD_URLS=https://debuginfod.ubuntu.com PYTHONPATH=/home/metinsariaslan/Smart_Trafic_Repo/build/vehicle_node/prefix_override:/usr/lib/python3/dist-packages/colcon_core/task/python/colcon_distutils_commands:/home/metinsariaslan/Smart_Trafic_Repo/install/vehicle_node/lib/python3.12/site-packages:/home/metinsariaslan/Smart_Trafic_Repo/install/traffic_common_data/lib/python3.12/site-packages:/home/metinsariaslan/Smart_Trafic_Repo/install/vehicle_node/lib/python3.12/site-packages:/home/metinsariaslan/Smart_Trafic_Repo/install/traffic_controller/lib/python3.12/site-packages:/home/metinsariaslan/Smart_Trafic_Repo/install/traffic_bringup/lib/python3.12/site-packages:/home/metinsariaslan/Smart_Trafic_Repo/install/pedestrian_node/lib/python3.12/site-packages:/home/metinsariaslan/Smart_Trafic_Repo/install/emergency_vehicle_node/lib/python3.12/site-packages:/opt/ros/jazzy/lib/python3.12/site-packages /usr/bin/python3 -W ignore:setup.py install is deprecated -W ignore:easy_install command is deprecated setup.py egg_info --egg-base ../../build/vehicle_node build --build-base /home/metinsariaslan/Smart_Trafic_Repo/build/vehicle_node/build install --record /home/metinsariaslan/Smart_Trafic_Repo/build/vehicle_node/install.log --single-version-externally-managed install_data
[2.083s] running egg_info
[2.083s] creating ../../build/vehicle_node/vehicle_node.egg-info
[2.125s] writing ../../build/vehicle_node/vehicle_node.egg-info/PKG-INFO
[2.125s] writing dependency_links to ../../build/vehicle_node/vehicle_node.egg-info/dependency_links.txt
[2.125s] writing entry points to ../../build/vehicle_node/vehicle_node.egg-info/entry_points.txt
[2.125s] writing requirements to ../../build/vehicle_node/vehicle_node.egg-info/requires.txt
[2.126s] writing top-level names to ../../build/vehicle_node/vehicle_node.egg-info/top_level.txt
[2.126s] writing manifest file '../../build/vehicle_node/vehicle_node.egg-info/SOURCES.txt'
[2.215s] reading manifest file '../../build/vehicle_node/vehicle_node.egg-info/SOURCES.txt'
[2.216s] writing manifest file '../../build/vehicle_node/vehicle_node.egg-info/SOURCES.txt'
[2.216s] running build
[2.217s] running build_py
[2.217s] creating /home/metinsariaslan/Smart_Trafic_Repo/build/vehicle_node/build
[2.217s] creating /home/metinsariaslan/Smart_Trafic_Repo/build/vehicle_node/build/lib
[2.217s] creating /home/metinsariaslan/Smart_Trafic_Repo/build/vehicle_node/build/lib/vehicle_node
[2.217s] copying vehicle_node/__init__.py -> /home/metinsariaslan/Smart_Trafic_Repo/build/vehicle_node/build/lib/vehicle_node
[2.218s] copying vehicle_node/vehicle_node.py -> /home/metinsariaslan/Smart_Trafic_Repo/build/vehicle_node/build/lib/vehicle_node
[2.218s] running install
[2.227s] running install_lib
[2.269s] creating /home/metinsariaslan/Smart_Trafic_Repo/install/vehicle_node/lib/python3.12/site-packages/vehicle_node
[2.269s] copying /home/metinsariaslan/Smart_Trafic_Repo/build/vehicle_node/build/lib/vehicle_node/__init__.py -> /home/metinsariaslan/Smart_Trafic_Repo/install/vehicle_node/lib/python3.12/site-packages/vehicle_node
[2.269s] copying /home/metinsariaslan/Smart_Trafic_Repo/build/vehicle_node/build/lib/vehicle_node/vehicle_node.py -> /home/metinsariaslan/Smart_Trafic_Repo/install/vehicle_node/lib/python3.12/site-packages/vehicle_node
[2.270s] byte-compiling /home/metinsariaslan/Smart_Trafic_Repo/install/vehicle_node/lib/python3.12/site-packages/vehicle_node/__init__.py to __init__.cpython-312.pyc
[2.270s] byte-compiling /home/metinsariaslan/Smart_Trafic_Repo/install/vehicle_node/lib/python3.12/site-packages/vehicle_node/vehicle_node.py to vehicle_node.cpython-312.pyc
[2.271s] running install_data
[2.272s] creating /home/metinsariaslan/Smart_Trafic_Repo/install/vehicle_node/share/ament_index
[2.272s] creating /home/metinsariaslan/Smart_Trafic_Repo/install/vehicle_node/share/ament_index/resource_index
[2.272s] creating /home/metinsariaslan/Smart_Trafic_Repo/install/vehicle_node/share/ament_index/resource_index/packages
[2.272s] copying resource/vehicle_node -> /home/metinsariaslan/Smart_Trafic_Repo/install/vehicle_node/share/ament_index/resource_index/packages
[2.272s] copying package.xml -> /home/metinsariaslan/Smart_Trafic_Repo/install/vehicle_node/share/vehicle_node
[2.272s] running install_egg_info
[2.310s] Copying ../../build/vehicle_node/vehicle_node.egg-info to /home/metinsariaslan/Smart_Trafic_Repo/install/vehicle_node/lib/python3.12/site-packages/vehicle_node-0.0.0-py3.12.egg-info
[2.311s] running install_scripts
[2.512s] Installing vehicle_node script to /home/metinsariaslan/Smart_Trafic_Repo/install/vehicle_node/lib/vehicle_node
[2.513s] writing list of installed files to '/home/metinsariaslan/Smart_Trafic_Repo/build/vehicle_node/install.log'
[2.540s] Invoked command in '/home/metinsariaslan/Smart_Trafic_Repo/src/vehicle_node' returned '0': AMENT_PREFIX_PATH=/home/metinsariaslan/Smart_Trafic_Repo/install/traffic_common_data:/home/metinsariaslan/Smart_Trafic_Repo/install/vehicle_node:/home/metinsariaslan/Smart_Trafic_Repo/install/traffic_controller:/home/metinsariaslan/Smart_Trafic_Repo/install/traffic_bringup:/home/metinsariaslan/Smart_Trafic_Repo/install/pedestrian_node:/home/metinsariaslan/Smart_Trafic_Repo/install/emergency_vehicle_node:/opt/ros/jazzy DEBUGINFOD_URLS=https://debuginfod.ubuntu.com PYTHONPATH=/home/metinsariaslan/Smart_Trafic_Repo/build/vehicle_node/prefix_override:/usr/lib/python3/dist-packages/colcon_core/task/python/colcon_distutils_commands:/home/metinsariaslan/Smart_Trafic_Repo/install/vehicle_node/lib/python3.12/site-packages:/home/metinsariaslan/Smart_Trafic_Repo/install/traffic_common_data/lib/python3.12/site-packages:/home/metinsariaslan/Smart_Trafic_Repo/install/vehicle_node/lib/python3.12/site-packages:/home/metinsariaslan/Smart_Trafic_Repo/install/traffic_controller/lib/python3.12/site-packages:/home/metinsariaslan/Smart_Trafic_Repo/install/traffic_bringup/lib/python3.12/site-packages:/home/metinsariaslan/Smart_Trafic_Repo/install/pedestrian_node/lib/python3.12/site-packages:/home/metinsariaslan/Smart_Trafic_Repo/install/emergency_vehicle_node/lib/python3.12/site-packages:/opt/ros/jazzy/lib/python3.12/site-packages /usr/bin/python3 -W ignore:setup.py install is deprecated -W ignore:easy_install command is deprecated setup.py egg_info --egg-base ../../build/vehicle_node build --build-base /home/metinsariaslan/Smart_Trafic_Repo/build/vehicle_node/build install --record /home/metinsariaslan/Smart_Trafic_Repo/build/vehicle_node/install.log --single-version-externally-managed install_data
