[1.940s] Invoking command in '/home/metinsariaslan/Smart_Trafic_Repo/src/traffic_controller': DEBUGINFOD_URLS=https://debuginfod.ubuntu.com PYTHONPATH=/home/metinsariaslan/Smart_Trafic_Repo/build/traffic_controller/prefix_override:/home/metinsariaslan/.espressif/python_env/idf5.2_py3.12_env/lib/python3.12/site-packages/colcon_core/task/python/colcon_distutils_commands:/home/metinsariaslan/Smart_Trafic_Repo/install/traffic_controller/lib/python3.12/site-packages:${PYTHONPATH} /home/metinsariaslan/.espressif/python_env/idf5.2_py3.12_env/bin/python -W ignore:setup.py install is deprecated -W ignore:easy_install command is deprecated setup.py egg_info --egg-base ../../build/traffic_controller build --build-base /home/metinsariaslan/Smart_Trafic_Repo/build/traffic_controller/build install --record /home/metinsariaslan/Smart_Trafic_Repo/build/traffic_controller/install.log --single-version-externally-managed install_data
[2.498s] running egg_info
[2.530s] writing ../../build/traffic_controller/traffic_controller.egg-info/PKG-INFO
[2.531s] writing dependency_links to ../../build/traffic_controller/traffic_controller.egg-info/dependency_links.txt
[2.531s] writing entry points to ../../build/traffic_controller/traffic_controller.egg-info/entry_points.txt
[2.532s] writing requirements to ../../build/traffic_controller/traffic_controller.egg-info/requires.txt
[2.532s] writing top-level names to ../../build/traffic_controller/traffic_controller.egg-info/top_level.txt
[2.592s] reading manifest file '../../build/traffic_controller/traffic_controller.egg-info/SOURCES.txt'
[2.594s] writing manifest file '../../build/traffic_controller/traffic_controller.egg-info/SOURCES.txt'
[2.595s] running build
[2.595s] running build_py
[2.595s] copying traffic_controller/__init__.py -> /home/metinsariaslan/Smart_Trafic_Repo/build/traffic_controller/build/lib/traffic_controller
[2.595s] copying traffic_controller/controller_node.py -> /home/metinsariaslan/Smart_Trafic_Repo/build/traffic_controller/build/lib/traffic_controller
[2.596s] running install
[2.603s] running install_lib
[2.630s] copying /home/metinsariaslan/Smart_Trafic_Repo/build/traffic_controller/build/lib/traffic_controller/controller_node.py -> /home/metinsariaslan/Smart_Trafic_Repo/install/traffic_controller/lib/python3.12/site-packages/traffic_controller
[2.631s] byte-compiling /home/metinsariaslan/Smart_Trafic_Repo/install/traffic_controller/lib/python3.12/site-packages/traffic_controller/controller_node.py to controller_node.cpython-312.pyc
[2.635s] running install_data
[2.636s] copying resource/traffic_controller -> /home/metinsariaslan/Smart_Trafic_Repo/install/traffic_controller/share/ament_index/resource_index/packages
[2.636s] copying package.xml -> /home/metinsariaslan/Smart_Trafic_Repo/install/traffic_controller/share/traffic_controller
[2.636s] running install_egg_info
[2.675s] removing '/home/metinsariaslan/Smart_Trafic_Repo/install/traffic_controller/lib/python3.12/site-packages/traffic_controller-0.0.0-py3.12.egg-info' (and everything under it)
[2.676s] Copying ../../build/traffic_controller/traffic_controller.egg-info to /home/metinsariaslan/Smart_Trafic_Repo/install/traffic_controller/lib/python3.12/site-packages/traffic_controller-0.0.0-py3.12.egg-info
[2.676s] running install_scripts
[2.844s] Installing controller_node script to /home/metinsariaslan/Smart_Trafic_Repo/install/traffic_controller/lib/traffic_controller
[2.845s] writing list of installed files to '/home/metinsariaslan/Smart_Trafic_Repo/build/traffic_controller/install.log'
[2.914s] Invoked command in '/home/metinsariaslan/Smart_Trafic_Repo/src/traffic_controller' returned '0': DEBUGINFOD_URLS=https://debuginfod.ubuntu.com PYTHONPATH=/home/metinsariaslan/Smart_Trafic_Repo/build/traffic_controller/prefix_override:/home/metinsariaslan/.espressif/python_env/idf5.2_py3.12_env/lib/python3.12/site-packages/colcon_core/task/python/colcon_distutils_commands:/home/metinsariaslan/Smart_Trafic_Repo/install/traffic_controller/lib/python3.12/site-packages:${PYTHONPATH} /home/metinsariaslan/.espressif/python_env/idf5.2_py3.12_env/bin/python -W ignore:setup.py install is deprecated -W ignore:easy_install command is deprecated setup.py egg_info --egg-base ../../build/traffic_controller build --build-base /home/metinsariaslan/Smart_Trafic_Repo/build/traffic_controller/build install --record /home/metinsariaslan/Smart_Trafic_Repo/build/traffic_controller/install.log --single-version-externally-managed install_data
