[0.998s] Invoking command in '/home/metinsariaslan/Smart_Trafic_Repo/src/vehicle_node': AMENT_PREFIX_PATH=/home/metinsariaslan/Smart_Trafic_Repo/install/traffic_common_data:/home/metinsariaslan/Smart_Trafic_Repo/install/vehicle_node:/home/metinsariaslan/Smart_Trafic_Repo/install/traffic_controller:/home/metinsariaslan/Smart_Trafic_Repo/install/pedestrian_node:/home/metinsariaslan/Smart_Trafic_Repo/install/emergency_vehicle_node:/opt/ros/jazzy DEBUGINFOD_URLS=https://debuginfod.ubuntu.com PYTHONPATH=/home/metinsariaslan/Smart_Trafic_Repo/build/vehicle_node/prefix_override:/home/metinsariaslan/.espressif/python_env/idf5.2_py3.12_env/lib/python3.12/site-packages/colcon_core/task/python/colcon_distutils_commands:/home/metinsariaslan/Smart_Trafic_Repo/install/vehicle_node/lib/python3.12/site-packages:/home/metinsariaslan/Smart_Trafic_Repo/install/traffic_common_data/lib/python3.12/site-packages:/home/metinsariaslan/Smart_Trafic_Repo/install/vehicle_node/lib/python3.12/site-packages:/home/metinsariaslan/Smart_Trafic_Repo/install/traffic_controller/lib/python3.12/site-packages:/home/metinsariaslan/Smart_Trafic_Repo/install/pedestrian_node/lib/python3.12/site-packages:/home/metinsariaslan/Smart_Trafic_Repo/install/emergency_vehicle_node/lib/python3.12/site-packages:/opt/ros/jazzy/lib/python3.12/site-packages /home/metinsariaslan/.espressif/python_env/idf5.2_py3.12_env/bin/python -W ignore:setup.py install is deprecated -W ignore:easy_install command is deprecated setup.py egg_info --egg-base ../../build/vehicle_node build --build-base /home/metinsariaslan/Smart_Trafic_Repo/build/vehicle_node/build install --record /home/metinsariaslan/Smart_Trafic_Repo/build/vehicle_node/install.log --single-version-externally-managed install_data
[1.354s] running egg_info
[1.379s] writing ../../build/vehicle_node/vehicle_node.egg-info/PKG-INFO
[1.379s] writing dependency_links to ../../build/vehicle_node/vehicle_node.egg-info/dependency_links.txt
[1.380s] writing entry points to ../../build/vehicle_node/vehicle_node.egg-info/entry_points.txt
[1.380s] writing requirements to ../../build/vehicle_node/vehicle_node.egg-info/requires.txt
[1.380s] writing top-level names to ../../build/vehicle_node/vehicle_node.egg-info/top_level.txt
[1.431s] reading manifest file '../../build/vehicle_node/vehicle_node.egg-info/SOURCES.txt'
[1.432s] writing manifest file '../../build/vehicle_node/vehicle_node.egg-info/SOURCES.txt'
[1.432s] running build
[1.432s] running build_py
[1.433s] copying vehicle_node/__init__.py -> /home/metinsariaslan/Smart_Trafic_Repo/build/vehicle_node/build/lib/vehicle_node
[1.433s] copying vehicle_node/vehicle_node.py -> /home/metinsariaslan/Smart_Trafic_Repo/build/vehicle_node/build/lib/vehicle_node
[1.433s] running install
[1.443s] running install_lib
[1.467s] running install_data
[1.468s] copying resource/vehicle_node -> /home/metinsariaslan/Smart_Trafic_Repo/install/vehicle_node/share/ament_index/resource_index/packages
[1.468s] copying package.xml -> /home/metinsariaslan/Smart_Trafic_Repo/install/vehicle_node/share/vehicle_node
[1.468s] running install_egg_info
[1.492s] removing '/home/metinsariaslan/Smart_Trafic_Repo/install/vehicle_node/lib/python3.12/site-packages/vehicle_node-0.0.0-py3.12.egg-info' (and everything under it)
[1.492s] Copying ../../build/vehicle_node/vehicle_node.egg-info to /home/metinsariaslan/Smart_Trafic_Repo/install/vehicle_node/lib/python3.12/site-packages/vehicle_node-0.0.0-py3.12.egg-info
[1.494s] running install_scripts
[1.606s] Installing vehicle_node script to /home/metinsariaslan/Smart_Trafic_Repo/install/vehicle_node/lib/vehicle_node
[1.606s] writing list of installed files to '/home/metinsariaslan/Smart_Trafic_Repo/build/vehicle_node/install.log'
[1.642s] Invoked command in '/home/metinsariaslan/Smart_Trafic_Repo/src/vehicle_node' returned '0': AMENT_PREFIX_PATH=/home/metinsariaslan/Smart_Trafic_Repo/install/traffic_common_data:/home/metinsariaslan/Smart_Trafic_Repo/install/vehicle_node:/home/metinsariaslan/Smart_Trafic_Repo/install/traffic_controller:/home/metinsariaslan/Smart_Trafic_Repo/install/pedestrian_node:/home/metinsariaslan/Smart_Trafic_Repo/install/emergency_vehicle_node:/opt/ros/jazzy DEBUGINFOD_URLS=https://debuginfod.ubuntu.com PYTHONPATH=/home/metinsariaslan/Smart_Trafic_Repo/build/vehicle_node/prefix_override:/home/metinsariaslan/.espressif/python_env/idf5.2_py3.12_env/lib/python3.12/site-packages/colcon_core/task/python/colcon_distutils_commands:/home/metinsariaslan/Smart_Trafic_Repo/install/vehicle_node/lib/python3.12/site-packages:/home/metinsariaslan/Smart_Trafic_Repo/install/traffic_common_data/lib/python3.12/site-packages:/home/metinsariaslan/Smart_Trafic_Repo/install/vehicle_node/lib/python3.12/site-packages:/home/metinsariaslan/Smart_Trafic_Repo/install/traffic_controller/lib/python3.12/site-packages:/home/metinsariaslan/Smart_Trafic_Repo/install/pedestrian_node/lib/python3.12/site-packages:/home/metinsariaslan/Smart_Trafic_Repo/install/emergency_vehicle_node/lib/python3.12/site-packages:/opt/ros/jazzy/lib/python3.12/site-packages /home/metinsariaslan/.espressif/python_env/idf5.2_py3.12_env/bin/python -W ignore:setup.py install is deprecated -W ignore:easy_install command is deprecated setup.py egg_info --egg-base ../../build/vehicle_node build --build-base /home/metinsariaslan/Smart_Trafic_Repo/build/vehicle_node/build install --record /home/metinsariaslan/Smart_Trafic_Repo/build/vehicle_node/install.log --single-version-externally-managed install_data
